Archive member included to satisfy reference by file (symbol)

app/libapp.a(main.c.obj)      (--whole-archive)
zephyr/libzephyr.a(validate_libc.c.obj)
                              (--whole-archive)
zephyr/libzephyr.a(heap.c.obj)
                              (--whole-archive)
zephyr/libzephyr.a(cbprintf_packaged.c.obj)
                              (--whole-archive)
zephyr/libzephyr.a(clock.c.obj)
                              (--whole-archive)
zephyr/libzephyr.a(printk.c.obj)
                              (--whole-archive)
zephyr/libzephyr.a(sem.c.obj)
                              (--whole-archive)
zephyr/libzephyr.a(thread_entry.c.obj)
                              (--whole-archive)
zephyr/libzephyr.a(cbprintf_complete.c.obj)
                              (--whole-archive)
zephyr/libzephyr.a(assert.c.obj)
                              (--whole-archive)
zephyr/libzephyr.a(dec.c.obj)
                              (--whole-archive)
zephyr/libzephyr.a(hex.c.obj)
                              (--whole-archive)
zephyr/libzephyr.a(rb.c.obj)  (--whole-archive)
zephyr/libzephyr.a(timeutil.c.obj)
                              (--whole-archive)
zephyr/libzephyr.a(bitarray.c.obj)
                              (--whole-archive)
zephyr/libzephyr.a(bitmask.c.obj)
                              (--whole-archive)
zephyr/libzephyr.a(getopt.c.obj)
                              (--whole-archive)
zephyr/libzephyr.a(getopt_common.c.obj)
                              (--whole-archive)
zephyr/libzephyr.a(ring_buffer.c.obj)
                              (--whole-archive)
zephyr/libzephyr.a(last_section_id.c.obj)
                              (--whole-archive)
zephyr/libzephyr.a(configs.c.obj)
                              (--whole-archive)
zephyr/libzephyr.a(soc.c.obj)
                              (--whole-archive)
zephyr/libzephyr.a(soc_reset.S.obj)
                              (--whole-archive)
zephyr/libzephyr.a(thread_info.c.obj)
                              (--whole-archive)
zephyr/libzephyr.a(tracing_none.c.obj)
                              (--whole-archive)
zephyr/arch/common/libarch__common.a(sw_isr_common.c.obj)
                              (--whole-archive)
zephyr/arch/common/libarch__common.a(init.c.obj)
                              (--whole-archive)
zephyr/arch/common/libarch__common.a(xip.c.obj)
                              (--whole-archive)
zephyr/arch/arch/arm/core/libarch__arm__core.a(fatal.c.obj)
                              (--whole-archive)
zephyr/arch/arch/arm/core/libarch__arm__core.a(nmi.c.obj)
                              (--whole-archive)
zephyr/arch/arch/arm/core/libarch__arm__core.a(nmi_on_reset.S.obj)
                              (--whole-archive)
zephyr/arch/arch/arm/core/libarch__arm__core.a(tls.c.obj)
                              (--whole-archive)
zephyr/arch/arch/arm/core/cortex_m/libarch__arm__core__cortex_m.a(fault.c.obj)
                              (--whole-archive)
zephyr/arch/arch/arm/core/cortex_m/libarch__arm__core__cortex_m.a(fault_s.S.obj)
                              (--whole-archive)
zephyr/arch/arch/arm/core/cortex_m/libarch__arm__core__cortex_m.a(fpu.c.obj)
                              (--whole-archive)
zephyr/arch/arch/arm/core/cortex_m/libarch__arm__core__cortex_m.a(reset.S.obj)
                              (--whole-archive)
zephyr/arch/arch/arm/core/cortex_m/libarch__arm__core__cortex_m.a(scb.c.obj)
                              (--whole-archive)
zephyr/arch/arch/arm/core/cortex_m/libarch__arm__core__cortex_m.a(vector_table.S.obj)
                              (--whole-archive)
zephyr/arch/arch/arm/core/cortex_m/libarch__arm__core__cortex_m.a(svc.S.obj)
                              (--whole-archive)
zephyr/arch/arch/arm/core/cortex_m/libarch__arm__core__cortex_m.a(irq_manage.c.obj)
                              (--whole-archive)
zephyr/arch/arch/arm/core/cortex_m/libarch__arm__core__cortex_m.a(prep_c.c.obj)
                              (--whole-archive)
zephyr/arch/arch/arm/core/cortex_m/libarch__arm__core__cortex_m.a(thread.c.obj)
                              (--whole-archive)
zephyr/arch/arch/arm/core/cortex_m/libarch__arm__core__cortex_m.a(cpu_idle.c.obj)
                              (--whole-archive)
zephyr/arch/arch/arm/core/cortex_m/libarch__arm__core__cortex_m.a(exc_exit.c.obj)
                              (--whole-archive)
zephyr/arch/arch/arm/core/cortex_m/libarch__arm__core__cortex_m.a(thread_abort.c.obj)
                              (--whole-archive)
zephyr/arch/arch/arm/core/cortex_m/libarch__arm__core__cortex_m.a(swap_helper.S.obj)
                              (--whole-archive)
zephyr/arch/arch/arm/core/cortex_m/libarch__arm__core__cortex_m.a(irq_init.c.obj)
                              (--whole-archive)
zephyr/arch/arch/arm/core/cortex_m/libarch__arm__core__cortex_m.a(isr_wrapper.c.obj)
                              (--whole-archive)
zephyr/arch/arch/arm/core/cortex_m/libarch__arm__core__cortex_m.a(__aeabi_read_tp.S.obj)
[...]
Memory Configuration

Name             Origin             Length             Attributes
FLASH            0x0000000000000000 0x0000000000040000 xr
RAM              0x0000000020000000 0x0000000000008000 xw
IDT_LIST         0x00000000ffff7fff 0x0000000000008000 xw
*default*        0x0000000000000000 0xffffffffffffffff

Linker script and memory map

                0x0000000000003040                vfprintf = __l_vfprintf
                0x0000000000000000                vfscanf = __l_vfscanf
LOAD zephyr/CMakeFiles/zephyr_pre0.dir/misc/empty_file.c.obj
LOAD zephyr/CMakeFiles/offsets.dir/./arch/arm/core/offsets/offsets.c.obj
LOAD app/libapp.a
LOAD zephyr/libzephyr.a
LOAD zephyr/arch/common/libarch__common.a
LOAD zephyr/arch/arch/arm/core/libarch__arm__core.a
LOAD zephyr/arch/arch/arm/core/cortex_m/libarch__arm__core__cortex_m.a
LOAD zephyr/arch/arch/arm/core/cortex_m/cmse/libarch__arm__core__cortex_m__cmse.a
LOAD zephyr/lib/libc/picolibc/liblib__libc__picolibc.a
LOAD zephyr/lib/libc/common/liblib__libc__common.a
LOAD zephyr/lib/posix/c_lib_ext/liblib__posix__c_lib_ext.a
LOAD zephyr/drivers/console/libdrivers__console.a
LOAD zephyr/drivers/pinctrl/libdrivers__pinctrl.a
LOAD zephyr/drivers/timer/libdrivers__timer.a
LOAD modules/hal_ytmicro/lib..__modules__hal__ytmicro__zephyr.a
LOAD modules/zephyr-ytm32-module/drivers/serial/lib..__zephyr-ytm32-module__drivers__serial.a
LOAD modules/zephyr-ytm32-module/drivers/clock_control/lib..__zephyr-ytm32-module__drivers__clock_control.a
LOAD modules/zephyr-ytm32-module/drivers/pinctrl/lib..__zephyr-ytm32-module__drivers__pinctrl.a
LOAD modules/zephyr-ytm32-module/drivers/interrupt_controller/lib..__zephyr-ytm32-module__drivers__interrupt_controller.a
LOAD modules/zephyr-ytm32-module/drivers/gpio/lib..__zephyr-ytm32-module__drivers__gpio.a
LOAD zephyr/kernel/libkernel.a
LOAD zephyr/arch/common/libisr_tables.a
LOAD /root/zephyr-sdk-0.17.4/arm-zephyr-eabi/bin/../lib/gcc/../../picolibc/arm-zephyr-eabi/lib/thumb/v8-m.main/nofp/libc.a
LOAD /root/zephyr-sdk-0.17.4/arm-zephyr-eabi/bin/../lib/gcc/arm-zephyr-eabi/12.2.0/thumb/v8-m.main/nofp/libgcc.a
                0x0000000000000004                _region_min_align = 0x4

.rel.plt        0x0000000000000000        0x0
 *(SORT_BY_ALIGNMENT(.rel.plt))
                [!provide]                        PROVIDE (__rel_iplt_start = .)
 *(SORT_BY_ALIGNMENT(.rel.iplt))
 .rel.iplt      0x0000000000000000        0x0 app/libapp.a(main.c.obj)
                [!provide]                        PROVIDE (__rel_iplt_end = .)

.rela.plt       0x0000000000000000        0x0
 *(SORT_BY_ALIGNMENT(.rela.plt))
                [!provide]                        PROVIDE (__rela_iplt_start = .)
 *(SORT_BY_ALIGNMENT(.rela.iplt))
                [!provide]                        PROVIDE (__rela_iplt_end = .)

.rel.dyn
 *(SORT_BY_ALIGNMENT(.rel.*))

.rela.dyn
 *(SORT_BY_ALIGNMENT(.rela.*))

/DISCARD/
 *(SORT_BY_ALIGNMENT(.plt))

/DISCARD/
 *(SORT_BY_ALIGNMENT(.iplt))
                0x0000000000000000                __rom_region_start = 0x0

rom_start       0x0000000000000000      0x170
                0x0000000000000000                __rom_start_address = .
 FILL mask 0x00
                0x0000000000000000                . = (. + (0x0 - (. - __rom_start_address)))
                0x0000000000000000                . = ALIGN (0x4)
                0x0000000000000000                . = ALIGN (0x80)
                0x0000000000000000                . = ALIGN (0x200)
                0x0000000000000000                _vector_start = .
 *(SORT_BY_ALIGNMENT(.exc_vector_table))
 *(SORT_BY_ALIGNMENT(.exc_vector_table.*))
 .exc_vector_table._vector_table_section
                0x0000000000000000       0x40 zephyr/arch/arch/arm/core/cortex_m/libarch__arm__core__cortex_m.a(vector_table.S.obj)
                0x0000000000000000                _vector_table
 *(SORT_BY_ALIGNMENT(.vectors))
                0x0000000000000170                _vector_end = .
                0x0000000000000040                . = ALIGN (0x4)
 *(SORT_BY_ALIGNMENT(.gnu.linkonce.irq_vector_table*))
 .gnu.linkonce.irq_vector_table
                0x0000000000000040      0x130 zephyr/arch/common/libisr_tables.a(isr_tables.c.obj)
                0x0000000000000040                _irq_vector_table
                0x0000000000000170                _vector_end = .

text            0x0000000000000170     0x4418
                0x0000000000000170                __text_region_start = .
 *(SORT_BY_ALIGNMENT(.text))
 *(SORT_BY_ALIGNMENT(.text.*))
 .text.main     0x0000000000000170       0x5c app/libapp.a(main.c.obj)
                0x0000000000000170                main
 .text.char_out
                0x00000000000001cc       0x10 zephyr/libzephyr.a(printk.c.obj)
 .text.__printk_hook_install
                0x00000000000001dc        0xc zephyr/libzephyr.a(printk.c.obj)
                0x00000000000001dc                __printk_hook_install
 .text.vprintk  0x00000000000001e8       0x2c zephyr/libzephyr.a(printk.c.obj)
                0x00000000000001e8                vprintk
 .text.z_thread_entry
                0x0000000000000214       0x34 zephyr/libzephyr.a(thread_entry.c.obj)
                0x0000000000000214                z_thread_entry
 .text.ytm32_soc_apply_clock_config
                0x0000000000000248       0xcc zephyr/libzephyr.a(soc.c.obj)
                0x0000000000000248                ytm32_soc_apply_clock_config
 .text.soc_early_reset_hook
                0x0000000000000314       0x18 zephyr/libzephyr.a(soc_reset.S.obj)
                0x0000000000000314                soc_early_reset_hook
 .text.arch_bss_zero
                0x000000000000032c       0x18 zephyr/arch/common/libarch__common.a(init.c.obj)
                0x000000000000032c                arch_bss_zero
 .text.arch_data_copy
                0x0000000000000344       0x34 zephyr/arch/common/libarch__common.a(xip.c.obj)
                0x0000000000000344                arch_data_copy
 .text.esf_dump
                0x0000000000000378       0x40 zephyr/arch/arch/arm/core/libarch__arm__core.a(fatal.c.obj)
 .text.z_arm_fatal_error
                0x00000000000003b8       0x30 zephyr/arch/arch/arm/core/libarch__arm__core.a(fatal.c.obj)
                0x00000000000003b8                z_arm_fatal_error
 .text.z_SysNmiOnReset
                0x00000000000003e8        0x8 zephyr/arch/arch/arm/core/libarch__arm__core.a(nmi_on_reset.S.obj)
                0x00000000000003e8                z_SysNmiOnReset
 .text.z_tls_copy
                0x00000000000003f0       0x28 zephyr/arch/arch/arm/core/libarch__arm__core.a(tls.c.obj)
 .text.arch_tls_stack_setup
                0x0000000000000418       0x28 zephyr/arch/arch/arm/core/libarch__arm__core.a(tls.c.obj)
                0x0000000000000418                arch_tls_stack_setup
 .text.z_arm_is_synchronous_svc
                0x0000000000000440       0x3c zephyr/arch/arch/arm/core/cortex_m/libarch__arm__core__cortex_m.a(fault.c.obj)
 .text.get_esf  0x000000000000047c       0x40 zephyr/arch/arch/arm/core/cortex_m/libarch__arm__core__cortex_m.a(fault.c.obj)
 .text.mem_manage_fault
                0x00000000000004bc       0xc8 zephyr/arch/arch/arm/core/cortex_m/libarch__arm__core__cortex_m.a(fault.c.obj)
 .text.bus_fault
                0x0000000000000584       0xd4 zephyr/arch/arch/arm/core/cortex_m/libarch__arm__core__cortex_m.a(fault.c.obj)
 .text.usage_fault
                0x0000000000000658       0xcc zephyr/arch/arch/arm/core/cortex_m/libarch__arm__core__cortex_m.a(fault.c.obj)
 .text.hard_fault
                0x0000000000000724       0xb8 zephyr/arch/arch/arm/core/cortex_m/libarch__arm__core__cortex_m.a(fault.c.obj)
 .text.debug_monitor
                0x00000000000007dc       0x14 zephyr/arch/arch/arm/core/cortex_m/libarch__arm__core__cortex_m.a(fault.c.obj)
 .text.reserved_exception
                0x00000000000007f0       0x24 zephyr/arch/arch/arm/core/cortex_m/libarch__arm__core__cortex_m.a(fault.c.obj)
 .text.z_arm_fault
                0x0000000000000814       0x88 zephyr/arch/arch/arm/core/cortex_m/libarch__arm__core__cortex_m.a(fault.c.obj)
                0x0000000000000814                z_arm_fault
 .text.z_arm_fault_init
                0x000000000000089c       0x18 zephyr/arch/arch/arm/core/cortex_m/libarch__arm__core__cortex_m.a(fault.c.obj)
                0x000000000000089c                z_arm_fault_init
 .text.__fault  0x00000000000008b4       0x14 zephyr/arch/arch/arm/core/cortex_m/libarch__arm__core__cortex_m.a(fault_s.S.obj)
                0x00000000000008b4                z_arm_bus_fault
                0x00000000000008b4                z_arm_usage_fault
                0x00000000000008b4                z_arm_mpu_fault
                0x00000000000008b4                z_arm_exc_spurious
                0x00000000000008b4                z_arm_debug_monitor
                0x00000000000008b4                z_arm_hard_fault
 .text._reset_section
                0x00000000000008c8       0x44 zephyr/arch/arch/arm/core/cortex_m/libarch__arm__core__cortex_m.a(reset.S.obj)
                0x00000000000008c8                z_arm_reset
                0x00000000000008c8                __start
 .text.z_arm_svc
                0x000000000000090c       0x24 zephyr/arch/arch/arm/core/cortex_m/libarch__arm__core__cortex_m.a(svc.S.obj)
                0x000000000000090c                z_arm_svc
 .text.__NVIC_EnableIRQ
                0x0000000000000930       0x1c zephyr/arch/arch/arm/core/cortex_m/libarch__arm__core__cortex_m.a(irq_manage.c.obj)
 .text.__NVIC_SetPriority
                0x000000000000094c       0x28 zephyr/arch/arch/arm/core/cortex_m/libarch__arm__core__cortex_m.a(irq_manage.c.obj)
 .text.relocate_vector_table
                0x0000000000000974       0x1c zephyr/arch/arch/arm/core/cortex_m/libarch__arm__core__cortex_m.a(prep_c.c.obj)
                0x0000000000000974                relocate_vector_table
 .text.arch_new_thread
                0x0000000000000990       0x44 zephyr/arch/arch/arm/core/cortex_m/libarch__arm__core__cortex_m.a(thread.c.obj)
                0x0000000000000990                arch_new_thread
 .text.arch_switch_to_main_thread
                0x00000000000009d4       0x3c zephyr/arch/arch/arm/core/cortex_m/libarch__arm__core__cortex_m.a(thread.c.obj)
                0x00000000000009d4                arch_switch_to_main_thread
 .text.z_arm_cpu_idle_init
                0x0000000000000a10        0xc zephyr/arch/arch/arm/core/cortex_m/libarch__arm__core__cortex_m.a(cpu_idle.c.obj)
                0x0000000000000a10                z_arm_cpu_idle_init
 .text._HandlerModeExit
                0x0000000000000a1c       0x20 zephyr/arch/arch/arm/core/cortex_m/libarch__arm__core__cortex_m.a(exc_exit.c.obj)
                0x0000000000000a1c                z_arm_exc_exit
                0x0000000000000a1c                z_arm_int_exit
 .text.z_impl_k_thread_abort
                0x0000000000000a3c       0x34 zephyr/arch/arch/arm/core/cortex_m/libarch__arm__core__cortex_m.a(thread_abort.c.obj)
                0x0000000000000a3c                z_impl_k_thread_abort
 .text.z_arm_pendsv
                0x0000000000000a70       0x58 zephyr/arch/arch/arm/core/cortex_m/libarch__arm__core__cortex_m.a(swap_helper.S.obj)
                0x0000000000000a70                z_arm_pendsv
 .text.z_arm_interrupt_init
                0x0000000000000ac8       0x34 zephyr/arch/arch/arm/core/cortex_m/libarch__arm__core__cortex_m.a(irq_init.c.obj)
                0x0000000000000ac8                z_arm_interrupt_init
 .text._isr_wrapper
                0x0000000000000afc       0x20 zephyr/arch/arch/arm/core/cortex_m/libarch__arm__core__cortex_m.a(isr_wrapper.c.obj)
                0x0000000000000afc                _isr_wrapper
 .text.__aeabi_read_tp
                0x0000000000000b1c        0xc zephyr/arch/arch/arm/core/cortex_m/libarch__arm__core__cortex_m.a(__aeabi_read_tp.S.obj)
                0x0000000000000b1c                __aeabi_read_tp
 .text.z_impl_zephyr_fputc
                0x0000000000000b28       0x10 zephyr/lib/libc/picolibc/liblib__libc__picolibc.a(stdio.c.obj)
                0x0000000000000b28                z_impl_zephyr_fputc
 .text.__stdout_hook_install
                0x0000000000000b38       0x18 zephyr/lib/libc/picolibc/liblib__libc__picolibc.a(stdio.c.obj)
                0x0000000000000b38                __stdout_hook_install
 .text.malloc_prepare
                0x0000000000000b50       0x24 zephyr/lib/libc/common/liblib__libc__common.a(malloc.c.obj)
 .text.console_out
                0x0000000000000b74       0x28 zephyr/drivers/console/libdrivers__console.a(uart_console.c.obj)
 .text.uart_console_hook_install
                0x0000000000000b9c       0x18 zephyr/drivers/console/libdrivers__console.a(uart_console.c.obj)
 .text.uart_console_init
                0x0000000000000bb4       0x1c zephyr/drivers/console/libdrivers__console.a(uart_console.c.obj)
 .text.elapsed  0x0000000000000bd0       0x48 zephyr/drivers/timer/libdrivers__timer.a(cortex_m_systick.c.obj)
 .text.sys_clock_driver_init
                0x0000000000000c18       0x34 zephyr/drivers/timer/libdrivers__timer.a(cortex_m_systick.c.obj)
 .text.sys_clock_isr
                0x0000000000000c4c       0x68 zephyr/drivers/timer/libdrivers__timer.a(cortex_m_systick.c.obj)
                0x0000000000000c4c                sys_clock_isr
 .text.sys_clock_set_timeout
                0x0000000000000cb4      0x124 zephyr/drivers/timer/libdrivers__timer.a(cortex_m_systick.c.obj)
                0x0000000000000cb4                sys_clock_set_timeout
 .text.sys_clock_elapsed
                0x0000000000000dd8       0x40 zephyr/drivers/timer/libdrivers__timer.a(cortex_m_systick.c.obj)
                0x0000000000000dd8                sys_clock_elapsed
 .text.SystemInit
                0x0000000000000e18       0x38 modules/hal_ytmicro/lib..__modules__hal__ytmicro__zephyr.a(system_YTM32B1MC0.c.obj)
                0x0000000000000e18                SystemInit
 .text.CLOCK_SYS_DisableCmu
                0x0000000000000e50       0x10 modules/hal_ytmicro/lib..__modules__hal__ytmicro__zephyr.a(clock_YTM32B1Mx.c.obj)
 .text.CLOCK_SYS_ConfigureClkOut
                0x0000000000000e60       0x28 modules/hal_ytmicro/lib..__modules__hal__ytmicro__zephyr.a(clock_YTM32B1Mx.c.obj)
 .text.CLOCK_SYS_DisableClkOut
                0x0000000000000e88       0x10 modules/hal_ytmicro/lib..__modules__hal__ytmicro__zephyr.a(clock_YTM32B1Mx.c.obj)
 .text.CLOCK_SYS_SetDefaultCmuChannelConfiguration
                0x0000000000000e98       0x50 modules/hal_ytmicro/lib..__modules__hal__ytmicro__zephyr.a(clock_YTM32B1Mx.c.obj)
 .text.CLOCK_SYS_SetCmuChannelConfiguration
                0x0000000000000ee8       0x64 modules/hal_ytmicro/lib..__modules__hal__ytmicro__zephyr.a(clock_YTM32B1Mx.c.obj)
 .text.CLOCK_SYS_ConfigureSystemClock
                0x0000000000000f4c       0x3c modules/hal_ytmicro/lib..__modules__hal__ytmicro__zephyr.a(clock_YTM32B1Mx.c.obj)
 .text.CLOCK_SCU_WaitDividerStable
                0x0000000000000f88       0x28 modules/hal_ytmicro/lib..__modules__hal__ytmicro__zephyr.a(clock_YTM32B1Mx.c.obj)
 .text.CLOCK_SYS_SetIpcConfiguration
                0x0000000000000fb0       0x7c modules/hal_ytmicro/lib..__modules__hal__ytmicro__zephyr.a(clock_YTM32B1Mx.c.obj)
 .text.CLOCK_SYS_WaitFXOSCValid
                0x000000000000102c       0x64 modules/hal_ytmicro/lib..__modules__hal__ytmicro__zephyr.a(clock_YTM32B1Mx.c.obj)
                0x000000000000102c                CLOCK_SYS_WaitFXOSCValid
 .text.CLOCK_DRV_SetModuleClock
                0x0000000000001090       0x34 modules/hal_ytmicro/lib..__modules__hal__ytmicro__zephyr.a(clock_YTM32B1Mx.c.obj)
                0x0000000000001090                CLOCK_DRV_SetModuleClock
 .text.CLOCK_DRV_GetFreq
                0x00000000000010c4      0x154 modules/hal_ytmicro/lib..__modules__hal__ytmicro__zephyr.a(clock_YTM32B1Mx.c.obj)
                0x00000000000010c4                CLOCK_DRV_GetFreq
 .text.CLOCK_SYS_Init
                0x0000000000001218       0x18 modules/hal_ytmicro/lib..__modules__hal__ytmicro__zephyr.a(clock_YTM32B1Mx.c.obj)
                0x0000000000001218                CLOCK_SYS_Init
 .text.CLOCK_SYS_SetScuConfiguration
                0x0000000000001230      0x1e0 modules/hal_ytmicro/lib..__modules__hal__ytmicro__zephyr.a(clock_YTM32B1Mx.c.obj)
 .text.CLOCK_SYS_UpdateConfiguration
                0x0000000000001410       0xf0 modules/hal_ytmicro/lib..__modules__hal__ytmicro__zephyr.a(clock_YTM32B1Mx.c.obj)
                0x0000000000001410                CLOCK_SYS_UpdateConfiguration
 .text.DMA_DRV_StopChannel
                0x0000000000001500       0x18 modules/hal_ytmicro/lib..__modules__hal__ytmicro__zephyr.a(dma_driver.c.obj)
                0x0000000000001500                DMA_DRV_StopChannel
 .text.UART_DRV_CompleteSendDataUsingInt
                0x0000000000001518       0x54 modules/hal_ytmicro/lib..__modules__hal__ytmicro__zephyr.a(uart_driver.c.obj)
 .text.UART_DRV_StopTxDma
                0x000000000000156c       0x64 modules/hal_ytmicro/lib..__modules__hal__ytmicro__zephyr.a(uart_driver.c.obj)
 .text.UART_DRV_TxCompleteIrqHandler
                0x00000000000015d0       0x30 modules/hal_ytmicro/lib..__modules__hal__ytmicro__zephyr.a(uart_driver.c.obj)
 .text.UART_DRV_PutData
                0x0000000000001600       0x44 modules/hal_ytmicro/lib..__modules__hal__ytmicro__zephyr.a(uart_driver.c.obj)
 .text.UART_DRV_TxEmptyIrqHandler
                0x0000000000001644       0x98 modules/hal_ytmicro/lib..__modules__hal__ytmicro__zephyr.a(uart_driver.c.obj)
 .text.UART_DRV_SetErrorInterrupts
                0x00000000000016dc       0x38 modules/hal_ytmicro/lib..__modules__hal__ytmicro__zephyr.a(uart_driver.c.obj)
 .text.UART_DRV_CompleteReceiveDataUsingInt
                0x0000000000001714       0x60 modules/hal_ytmicro/lib..__modules__hal__ytmicro__zephyr.a(uart_driver.c.obj)
 .text.UART_DRV_StopRxDma
                0x0000000000001774       0x6c modules/hal_ytmicro/lib..__modules__hal__ytmicro__zephyr.a(uart_driver.c.obj)
 .text.UART_DRV_GetData
                0x00000000000017e0       0x68 modules/hal_ytmicro/lib..__modules__hal__ytmicro__zephyr.a(uart_driver.c.obj)
 .text.UART_DRV_RxIrqHandler
                0x0000000000001848       0x80 modules/hal_ytmicro/lib..__modules__hal__ytmicro__zephyr.a(uart_driver.c.obj)
 .text.UART_DRV_ErrIrqHandler
                0x00000000000018c8      0x14c modules/hal_ytmicro/lib..__modules__hal__ytmicro__zephyr.a(uart_driver.c.obj)
 .text.UART_DRV_SetBaudRate
                0x0000000000001a14       0xec modules/hal_ytmicro/lib..__modules__hal__ytmicro__zephyr.a(uart_driver.c.obj)
                0x0000000000001a14                UART_DRV_SetBaudRate
 .text.UART_DRV_SetLineIdleDetect
                0x0000000000001b00       0x2c modules/hal_ytmicro/lib..__modules__hal__ytmicro__zephyr.a(uart_driver.c.obj)
                0x0000000000001b00                UART_DRV_SetLineIdleDetect
 .text.UART_DRV_Init
                0x0000000000001b2c       0xf4 modules/hal_ytmicro/lib..__modules__hal__ytmicro__zephyr.a(uart_driver.c.obj)
                0x0000000000001b2c                UART_DRV_Init
 .text.UART_DRV_IRQHandler
                0x0000000000001c20       0x70 modules/hal_ytmicro/lib..__modules__hal__ytmicro__zephyr.a(uart_driver.c.obj)
                0x0000000000001c20                UART_DRV_IRQHandler
 .text.UART_Init
                0x0000000000001c90       0x20 modules/hal_ytmicro/lib..__modules__hal__ytmicro__zephyr.a(uart_hw_access.c.obj)
                0x0000000000001c90                UART_Init
 .text.uart_ytm32_init
                0x0000000000001cb0       0xd0 modules/zephyr-ytm32-module/drivers/serial/lib..__zephyr-ytm32-module__drivers__serial.a(uart_ytm32.c.obj)
 .text.ytm32_find_module_clock
                0x0000000000001d80       0x50 modules/zephyr-ytm32-module/drivers/clock_control/lib..__zephyr-ytm32-module__drivers__clock_control.a(clock_control_ytm32.c.obj)
 .text.ytm32_clock_label
                0x0000000000001dd0       0x1c modules/zephyr-ytm32-module/drivers/clock_control/lib..__zephyr-ytm32-module__drivers__clock_control.a(clock_control_ytm32.c.obj)
 .text.ytm32_refresh_system_rates
                0x0000000000001dec       0x7c modules/zephyr-ytm32-module/drivers/clock_control/lib..__zephyr-ytm32-module__drivers__clock_control.a(clock_control_ytm32.c.obj)
 .text.clock_control_ytm32_get_rate
                0x0000000000001e68       0xc0 modules/zephyr-ytm32-module/drivers/clock_control/lib..__zephyr-ytm32-module__drivers__clock_control.a(clock_control_ytm32.c.obj)
 .text.clock_control_ytm32_init
                0x0000000000001f28       0x80 modules/zephyr-ytm32-module/drivers/clock_control/lib..__zephyr-ytm32-module__drivers__clock_control.a(clock_control_ytm32.c.obj)
 .text.pinctrl_ytm32_init
                0x0000000000001fa8       0x9c modules/zephyr-ytm32-module/drivers/pinctrl/lib..__zephyr-ytm32-module__drivers__pinctrl.a(pinctrl_ytm32.c.obj)
 .text.pinctrl_configure_pins
                0x0000000000002044       0xfc modules/zephyr-ytm32-module/drivers/pinctrl/lib..__zephyr-ytm32-module__drivers__pinctrl.a(pinctrl_ytm32.c.obj)
                0x0000000000002044                pinctrl_configure_pins
 .text.__NVIC_EnableIRQ
                0x0000000000002140       0x1c modules/zephyr-ytm32-module/drivers/interrupt_controller/lib..__zephyr-ytm32-module__drivers__interrupt_controller.a(intc_ytm32.c.obj)
 .text.INT_SYS_EnableIRQGlobal
                0x000000000000215c       0x28 modules/zephyr-ytm32-module/drivers/interrupt_controller/lib..__zephyr-ytm32-module__drivers__interrupt_controller.a(intc_ytm32.c.obj)
                0x000000000000215c                INT_SYS_EnableIRQGlobal
 .text.INT_SYS_DisableIRQGlobal
                0x0000000000002184       0x2c modules/zephyr-ytm32-module/drivers/interrupt_controller/lib..__zephyr-ytm32-module__drivers__interrupt_controller.a(intc_ytm32.c.obj)
                0x0000000000002184                INT_SYS_DisableIRQGlobal
 .text.z_fatal_error
                0x00000000000021b0       0x2c zephyr/kernel/libkernel.a(fatal.c.obj)
                0x00000000000021b0                z_fatal_error
 .text.init_idle_thread
                0x00000000000021dc       0x5c zephyr/kernel/libkernel.a(init.c.obj)
 .text.z_sys_init_run_level
                0x0000000000002238       0x38 zephyr/kernel/libkernel.a(init.c.obj)
 .text.thread_schedule_new
                0x0000000000002270       0x1c zephyr/kernel/libkernel.a(init.c.obj)
 .text.z_init_static_threads
                0x000000000000228c       0x70 zephyr/kernel/libkernel.a(init.c.obj)
 .text.bg_thread_main
                0x00000000000022fc       0x34 zephyr/kernel/libkernel.a(init.c.obj)
 .text.switch_to_main_thread
                0x0000000000002330       0x14 zephyr/kernel/libkernel.a(init.c.obj)
 .text.z_init_cpu
                0x0000000000002344       0x40 zephyr/kernel/libkernel.a(init.c.obj)
                0x0000000000002344                z_init_cpu
 .text.prepare_multithreading
                0x0000000000002384       0x60 zephyr/kernel/libkernel.a(init.c.obj)
 .text.z_cstart
                0x00000000000023e4       0x64 zephyr/kernel/libkernel.a(init.c.obj)
                0x00000000000023e4                z_cstart
 .text.z_setup_new_thread
                0x0000000000002448       0xc4 zephyr/kernel/libkernel.a(thread.c.obj)
                0x0000000000002448                z_setup_new_thread
 .text.z_dummy_thread_init
                0x000000000000250c       0x18 zephyr/kernel/libkernel.a(thread.c.obj)
                0x000000000000250c                z_dummy_thread_init
 .text.z_swap_irqlock
                0x0000000000002524       0x34 zephyr/kernel/libkernel.a(sched.c.obj)
 .text.reschedule
                0x0000000000002558       0x2c zephyr/kernel/libkernel.a(sched.c.obj)
 .text.ready_thread
                0x0000000000002584       0xb4 zephyr/kernel/libkernel.a(sched.c.obj)
 .text.unready_thread
                0x0000000000002638       0x68 zephyr/kernel/libkernel.a(sched.c.obj)
 .text.thread_halt_spin
                0x00000000000026a0      0x118 zephyr/kernel/libkernel.a(sched.c.obj)
 .text.move_current_to_end_of_prio_q
                0x00000000000027b8       0x8c zephyr/kernel/libkernel.a(sched.c.obj)
                0x00000000000027b8                move_current_to_end_of_prio_q
 .text.k_sched_lock
                0x0000000000002844       0x30 zephyr/kernel/libkernel.a(sched.c.obj)
                0x0000000000002844                k_sched_lock
 .text.k_sched_unlock
                0x0000000000002874       0x64 zephyr/kernel/libkernel.a(sched.c.obj)
                0x0000000000002874                k_sched_unlock
 .text.z_sched_init
                0x00000000000028d8       0x10 zephyr/kernel/libkernel.a(sched.c.obj)
                0x00000000000028d8                z_sched_init
 .text.z_impl_k_yield
                0x00000000000028e8       0xa0 zephyr/kernel/libkernel.a(sched.c.obj)
                0x00000000000028e8                z_impl_k_yield
 .text.z_tick_sleep
                0x0000000000002988       0x7c zephyr/kernel/libkernel.a(sched.c.obj)
 .text.z_impl_k_sleep
                0x0000000000002a04       0x78 zephyr/kernel/libkernel.a(sched.c.obj)
                0x0000000000002a04                z_impl_k_sleep
 .text.z_impl_k_wakeup
                0x0000000000002a7c       0x48 zephyr/kernel/libkernel.a(sched.c.obj)
                0x0000000000002a7c                z_impl_k_wakeup
 .text.z_impl_k_sched_current_thread_query
                0x0000000000002ac4        0xc zephyr/kernel/libkernel.a(sched.c.obj)
                0x0000000000002ac4                z_impl_k_sched_current_thread_query
 .text.z_thread_abort
                0x0000000000002ad0      0x16c zephyr/kernel/libkernel.a(sched.c.obj)
                0x0000000000002ad0                z_thread_abort
 .text.z_time_slice_size
                0x0000000000002c3c       0x44 zephyr/kernel/libkernel.a(timeslicing.c.obj)
 .text.slice_timeout
                0x0000000000002c80       0x20 zephyr/kernel/libkernel.a(timeslicing.c.obj)
 .text.z_reset_time_slice
                0x0000000000002ca0       0x44 zephyr/kernel/libkernel.a(timeslicing.c.obj)
                0x0000000000002ca0                z_reset_time_slice
 .text.z_time_slice
                0x0000000000002ce4       0x70 zephyr/kernel/libkernel.a(timeslicing.c.obj)
                0x0000000000002ce4                z_time_slice
 .text.z_thread_monitor_exit
                0x0000000000002d54       0x3c zephyr/kernel/libkernel.a(thread_monitor.c.obj)
                0x0000000000002d54                z_thread_monitor_exit
 .text.first    0x0000000000002d90       0x14 zephyr/kernel/libkernel.a(timeout.c.obj)
 .text.next     0x0000000000002da4       0x18 zephyr/kernel/libkernel.a(timeout.c.obj)
 .text.elapsed  0x0000000000002dbc       0x18 zephyr/kernel/libkernel.a(timeout.c.obj)
 .text.z_add_timeout
                0x0000000000002dd4      0x134 zephyr/kernel/libkernel.a(timeout.c.obj)
                0x0000000000002dd4                z_add_timeout
 .text.sys_clock_announce
                0x0000000000002f08       0xc4 zephyr/kernel/libkernel.a(timeout.c.obj)
                0x0000000000002f08                sys_clock_announce
 .text.sys_clock_tick_get
                0x0000000000002fcc       0x40 zephyr/kernel/libkernel.a(timeout.c.obj)
                0x0000000000002fcc                sys_clock_tick_get
 .text.boot_banner
                0x000000000000300c       0x10 zephyr/kernel/libkernel.a(banner.c.obj)
                0x000000000000300c                boot_banner
 .text.printf   0x000000000000301c       0x24 /root/zephyr-sdk-0.17.4/arm-zephyr-eabi/bin/../lib/gcc/../../picolibc/arm-zephyr-eabi/lib/thumb/v8-m.main/nofp/libc.a(libc_tinystdio_printf.c.o)
                0x000000000000301c                printf
 .text.__l_vfprintf
                0x0000000000003040      0x4b4 /root/zephyr-sdk-0.17.4/arm-zephyr-eabi/bin/../lib/gcc/../../picolibc/arm-zephyr-eabi/lib/thumb/v8-m.main/nofp/libc.a(libc_tinystdio_vflprintf.c.o)
                0x0000000000003040                __l_vfprintf
 .text._OffsetAbsSyms
                0x00000000000034f4        0x2 zephyr/CMakeFiles/offsets.dir/./arch/arm/core/offsets/offsets.c.obj
                0x00000000000034f4                _OffsetAbsSyms
 .text.z_impl_gpio_pin_configure
                0x00000000000034f6       0x50 app/libapp.a(main.c.obj)
 .text.gpio_pin_configure_dt
                0x0000000000003546       0x16 app/libapp.a(main.c.obj)
 .text.gpio_pin_toggle_dt
                0x000000000000355c       0x14 app/libapp.a(main.c.obj)
 .text.k_msleep
                0x0000000000003570       0x20 app/libapp.a(main.c.obj)
 .text.free_list_add_bidx
                0x0000000000003590       0x4e zephyr/libzephyr.a(heap.c.obj)
 .text.free_list_add
                0x00000000000035de       0x18 zephyr/libzephyr.a(heap.c.obj)
 .text.sys_heap_init
                0x00000000000035f6       0x84 zephyr/libzephyr.a(heap.c.obj)
                0x00000000000035f6                sys_heap_init
 .text.arch_printk_char_out
                0x000000000000367a        0x4 zephyr/libzephyr.a(printk.c.obj)
                0x000000000000367a                arch_printk_char_out
 .text.printk   0x000000000000367e       0x1c zephyr/libzephyr.a(printk.c.obj)
                0x000000000000367e                printk
 .text._ConfigAbsSyms
                0x000000000000369a        0x2 zephyr/libzephyr.a(configs.c.obj)
                0x000000000000369a                _ConfigAbsSyms
 .text.ytm32_divider_to_sys_div
                0x000000000000369c       0x16 zephyr/libzephyr.a(soc.c.obj)
 .text.soc_early_init_hook
                0x00000000000036b2        0x8 zephyr/libzephyr.a(soc.c.obj)
                0x00000000000036b2                soc_early_init_hook
 .text.arch_early_memset
                0x00000000000036ba        0x8 zephyr/arch/common/libarch__common.a(init.c.obj)
                0x00000000000036ba                arch_early_memset
 .text.arch_early_memcpy
                0x00000000000036c2        0x8 zephyr/arch/common/libarch__common.a(init.c.obj)
                0x00000000000036c2                arch_early_memcpy
 .text.z_do_kernel_oops
                0x00000000000036ca        0xc zephyr/arch/arch/arm/core/libarch__arm__core.a(fatal.c.obj)
                0x00000000000036ca                z_do_kernel_oops
 .text.z_arm_nmi
                0x00000000000036d6        0xc zephyr/arch/arch/arm/core/libarch__arm__core.a(nmi.c.obj)
                0x00000000000036d6                z_arm_nmi
 .text.memory_fault_recoverable
                0x00000000000036e2        0x4 zephyr/arch/arch/arm/core/cortex_m/libarch__arm__core__cortex_m.a(fault.c.obj)
 .text.fault_handle
                0x00000000000036e6       0x4a zephyr/arch/arch/arm/core/cortex_m/libarch__arm__core__cortex_m.a(fault.c.obj)
 .text.arm_irq_enable
                0x0000000000003730        0xa zephyr/arch/arch/arm/core/cortex_m/libarch__arm__core__cortex_m.a(irq_manage.c.obj)
                0x0000000000003730                arm_irq_enable
 .text.arm_irq_priority_set
                0x000000000000373a        0xc zephyr/arch/arch/arm/core/cortex_m/libarch__arm__core__cortex_m.a(irq_manage.c.obj)
                0x000000000000373a                arm_irq_priority_set
 .text.z_irq_spurious
                0x0000000000003746        0xc zephyr/arch/arch/arm/core/cortex_m/libarch__arm__core__cortex_m.a(irq_manage.c.obj)
                0x0000000000003746                z_irq_spurious
 .text.z_prep_c
                0x0000000000003752       0x16 zephyr/arch/arch/arm/core/cortex_m/libarch__arm__core__cortex_m.a(prep_c.c.obj)
                0x0000000000003752                z_prep_c
 .text.arch_coprocessors_disable
                0x0000000000003768        0x6 zephyr/arch/arch/arm/core/cortex_m/libarch__arm__core__cortex_m.a(thread.c.obj)
                0x0000000000003768                arch_coprocessors_disable
 .text.arch_irq_unlock_outlined
                0x000000000000376e        0xe zephyr/arch/arch/arm/core/cortex_m/libarch__arm__core__cortex_m.a(thread.c.obj)
                0x000000000000376e                arch_irq_unlock_outlined
 .text.arch_cpu_idle
                0x000000000000377c       0x1a zephyr/arch/arch/arm/core/cortex_m/libarch__arm__core__cortex_m.a(cpu_idle.c.obj)
                0x000000000000377c                arch_cpu_idle
 .text.picolibc_put
                0x0000000000003796        0xa zephyr/lib/libc/picolibc/liblib__libc__picolibc.a(stdio.c.obj)
 .text.pinctrl_lookup_state
                0x00000000000037a0       0x32 zephyr/drivers/pinctrl/libdrivers__pinctrl.a(common.c.obj)
                0x00000000000037a0                pinctrl_lookup_state
 .text.CLOCK_SYS_GetFreq
                0x00000000000037d2        0x8 modules/hal_ytmicro/lib..__modules__hal__ytmicro__zephyr.a(clock_YTM32B1Mx.c.obj)
                0x00000000000037d2                CLOCK_SYS_GetFreq
 .text.CLOCK_DRV_Init
                0x00000000000037da       0x18 modules/hal_ytmicro/lib..__modules__hal__ytmicro__zephyr.a(clock_YTM32B1Mx.c.obj)
                0x00000000000037da                CLOCK_DRV_Init
 .text.CLOCK_SYS_SetConfiguration
                0x00000000000037f2        0x8 modules/hal_ytmicro/lib..__modules__hal__ytmicro__zephyr.a(clock_YTM32B1Mx.c.obj)
                0x00000000000037f2                CLOCK_SYS_SetConfiguration
 .text.DMA_SetDmaRequestCmd
                0x00000000000037fa       0x4a modules/hal_ytmicro/lib..__modules__hal__ytmicro__zephyr.a(dma_hw_access.c.obj)
                0x00000000000037fa                DMA_SetDmaRequestCmd
 .text.PINS_DRV_Init
                0x0000000000003844       0x20 modules/hal_ytmicro/lib..__modules__hal__ytmicro__zephyr.a(pins_driver.c.obj)
                0x0000000000003844                PINS_DRV_Init
 .text.PINS_ConfigDigitalFilter
                0x0000000000003864       0x24 modules/hal_ytmicro/lib..__modules__hal__ytmicro__zephyr.a(pins_port_hw_access.c.obj)
 .text.PINS_Init
                0x0000000000003888      0x12c modules/hal_ytmicro/lib..__modules__hal__ytmicro__zephyr.a(pins_port_hw_access.c.obj)
                0x0000000000003888                PINS_Init
 .text.UART_SetTransmitterCmd
                0x00000000000039b4       0x2c modules/hal_ytmicro/lib..__modules__hal__ytmicro__zephyr.a(uart_driver.c.obj)
 .text.UART_SetReceiverCmd
                0x00000000000039e0       0x2c modules/hal_ytmicro/lib..__modules__hal__ytmicro__zephyr.a(uart_driver.c.obj)
 .text.UART_DRV_GetDefaultConfig
                0x0000000000003a0c       0x18 modules/hal_ytmicro/lib..__modules__hal__ytmicro__zephyr.a(uart_driver.c.obj)
                0x0000000000003a0c                UART_DRV_GetDefaultConfig
 .text.UART_SetBitCountPerChar
                0x0000000000003a24       0x1a modules/hal_ytmicro/lib..__modules__hal__ytmicro__zephyr.a(uart_hw_access.c.obj)
                0x0000000000003a24                UART_SetBitCountPerChar
 .text.UART_SetParityMode
                0x0000000000003a3e       0x1e modules/hal_ytmicro/lib..__modules__hal__ytmicro__zephyr.a(uart_hw_access.c.obj)
                0x0000000000003a3e                UART_SetParityMode
 .text.UART_Putchar9
                0x0000000000003a5c        0x4 modules/hal_ytmicro/lib..__modules__hal__ytmicro__zephyr.a(uart_hw_access.c.obj)
                0x0000000000003a5c                UART_Putchar9
 .text.UART_Putchar10
                0x0000000000003a60        0x4 modules/hal_ytmicro/lib..__modules__hal__ytmicro__zephyr.a(uart_hw_access.c.obj)
                0x0000000000003a60                UART_Putchar10
 .text.UART_Getchar7
                0x0000000000003a64        0xa modules/hal_ytmicro/lib..__modules__hal__ytmicro__zephyr.a(uart_hw_access.c.obj)
                0x0000000000003a64                UART_Getchar7
 .text.UART_Getchar8
                0x0000000000003a6e        0x6 modules/hal_ytmicro/lib..__modules__hal__ytmicro__zephyr.a(uart_hw_access.c.obj)
                0x0000000000003a6e                UART_Getchar8
 .text.UART_Getchar9
                0x0000000000003a74        0xa modules/hal_ytmicro/lib..__modules__hal__ytmicro__zephyr.a(uart_hw_access.c.obj)
                0x0000000000003a74                UART_Getchar9
 .text.UART_Getchar10
                0x0000000000003a7e        0xa modules/hal_ytmicro/lib..__modules__hal__ytmicro__zephyr.a(uart_hw_access.c.obj)
                0x0000000000003a7e                UART_Getchar10
 .text.UART_SetIntMode
                0x0000000000003a88       0x24 modules/hal_ytmicro/lib..__modules__hal__ytmicro__zephyr.a(uart_hw_access.c.obj)
                0x0000000000003a88                UART_SetIntMode
 .text.UART_GetIntMode
                0x0000000000003aac        0xc modules/hal_ytmicro/lib..__modules__hal__ytmicro__zephyr.a(uart_hw_access.c.obj)
                0x0000000000003aac                UART_GetIntMode
 .text.UART_GetStatusFlag
                0x0000000000003ab8        0xc modules/hal_ytmicro/lib..__modules__hal__ytmicro__zephyr.a(uart_hw_access.c.obj)
                0x0000000000003ab8                UART_GetStatusFlag
 .text.UART_ClearStatusFlag
                0x0000000000003ac4        0x6 modules/hal_ytmicro/lib..__modules__hal__ytmicro__zephyr.a(uart_hw_access.c.obj)
                0x0000000000003ac4                UART_ClearStatusFlag
 .text.UART_SetErrorInterrupts
                0x0000000000003aca       0x2e modules/hal_ytmicro/lib..__modules__hal__ytmicro__zephyr.a(uart_hw_access.c.obj)
                0x0000000000003aca                UART_SetErrorInterrupts
 .text.UART0_IrqHandler
                0x0000000000003af8        0xa modules/hal_ytmicro/lib..__modules__hal__ytmicro__zephyr.a(uart_irq.c.obj)
                0x0000000000003af8                UART0_IrqHandler
 .text.UART1_IrqHandler
                0x0000000000003b02        0xa modules/hal_ytmicro/lib..__modules__hal__ytmicro__zephyr.a(uart_irq.c.obj)
                0x0000000000003b02                UART1_IrqHandler
 .text.UART2_IrqHandler
                0x0000000000003b0c        0xa modules/hal_ytmicro/lib..__modules__hal__ytmicro__zephyr.a(uart_irq.c.obj)
                0x0000000000003b0c                UART2_IrqHandler
 .text.OSIF_SemaPost
                0x0000000000003b16       0x26 modules/hal_ytmicro/lib..__modules__hal__ytmicro__zephyr.a(osif_baremetal.c.obj)
                0x0000000000003b16                OSIF_SemaPost
 .text.OSIF_SemaCreate
                0x0000000000003b3c       0x14 modules/hal_ytmicro/lib..__modules__hal__ytmicro__zephyr.a(osif_baremetal.c.obj)
                0x0000000000003b3c                OSIF_SemaCreate
 .text.pinctrl_apply_state
                0x0000000000003b50       0x20 modules/zephyr-ytm32-module/drivers/serial/lib..__zephyr-ytm32-module__drivers__serial.a(uart_ytm32.c.obj)
 .text.UART_SetTransmitterCmd
                0x0000000000003b70       0x2c modules/zephyr-ytm32-module/drivers/serial/lib..__zephyr-ytm32-module__drivers__serial.a(uart_ytm32.c.obj)
 .text.UART_SetReceiverCmd
                0x0000000000003b9c       0x2c modules/zephyr-ytm32-module/drivers/serial/lib..__zephyr-ytm32-module__drivers__serial.a(uart_ytm32.c.obj)
 .text.uart_ytm32_recover_rx
                0x0000000000003bc8       0x2e modules/zephyr-ytm32-module/drivers/serial/lib..__zephyr-ytm32-module__drivers__serial.a(uart_ytm32.c.obj)
 .text.uart_ytm32_poll_out
                0x0000000000003bf6       0x18 modules/zephyr-ytm32-module/drivers/serial/lib..__zephyr-ytm32-module__drivers__serial.a(uart_ytm32.c.obj)
 .text.uart_ytm32_latch_errors
                0x0000000000003c0e       0x72 modules/zephyr-ytm32-module/drivers/serial/lib..__zephyr-ytm32-module__drivers__serial.a(uart_ytm32.c.obj)
 .text.uart_ytm32_err_check
                0x0000000000003c80       0x20 modules/zephyr-ytm32-module/drivers/serial/lib..__zephyr-ytm32-module__drivers__serial.a(uart_ytm32.c.obj)
 .text.uart_ytm32_poll_in
                0x0000000000003ca0       0x44 modules/zephyr-ytm32-module/drivers/serial/lib..__zephyr-ytm32-module__drivers__serial.a(uart_ytm32.c.obj)
 .text.ytm32_is_supported_module_source
                0x0000000000003ce4       0x1a modules/zephyr-ytm32-module/drivers/clock_control/lib..__zephyr-ytm32-module__drivers__clock_control.a(clock_control_ytm32.c.obj)
 .text.ytm32_validate_module_clock
                0x0000000000003cfe       0x2c modules/zephyr-ytm32-module/drivers/clock_control/lib..__zephyr-ytm32-module__drivers__clock_control.a(clock_control_ytm32.c.obj)
 .text.ytm32_is_system_clock_id
                0x0000000000003d2a        0xc modules/zephyr-ytm32-module/drivers/clock_control/lib..__zephyr-ytm32-module__drivers__clock_control.a(clock_control_ytm32.c.obj)
 .text.ytm32_query_clock_rate
                0x0000000000003d36       0x2e modules/zephyr-ytm32-module/drivers/clock_control/lib..__zephyr-ytm32-module__drivers__clock_control.a(clock_control_ytm32.c.obj)
 .text.ytm32_log_system_rate
                0x0000000000003d64       0x30 modules/zephyr-ytm32-module/drivers/clock_control/lib..__zephyr-ytm32-module__drivers__clock_control.a(clock_control_ytm32.c.obj)
 .text.ytm32_module_clock_request
                0x0000000000003d94       0xa2 modules/zephyr-ytm32-module/drivers/clock_control/lib..__zephyr-ytm32-module__drivers__clock_control.a(clock_control_ytm32.c.obj)
 .text.clock_control_ytm32_off
                0x0000000000003e36       0x48 modules/zephyr-ytm32-module/drivers/clock_control/lib..__zephyr-ytm32-module__drivers__clock_control.a(clock_control_ytm32.c.obj)
 .text.clock_control_ytm32_on
                0x0000000000003e7e       0x3a modules/zephyr-ytm32-module/drivers/clock_control/lib..__zephyr-ytm32-module__drivers__clock_control.a(clock_control_ytm32.c.obj)
 .text.intc_ytm32_init
                0x0000000000003eb8        0x4 modules/zephyr-ytm32-module/drivers/interrupt_controller/lib..__zephyr-ytm32-module__drivers__interrupt_controller.a(intc_ytm32.c.obj)
 .text.INT_SYS_InstallHandler
                0x0000000000003ebc        0xa modules/zephyr-ytm32-module/drivers/interrupt_controller/lib..__zephyr-ytm32-module__drivers__interrupt_controller.a(intc_ytm32.c.obj)
                0x0000000000003ebc                INT_SYS_InstallHandler
 .text.INT_SYS_EnableIRQ
                0x0000000000003ec6        0x8 modules/zephyr-ytm32-module/drivers/interrupt_controller/lib..__zephyr-ytm32-module__drivers__interrupt_controller.a(intc_ytm32.c.obj)
                0x0000000000003ec6                INT_SYS_EnableIRQ
 .text.sys_slist_remove
                0x0000000000003ece       0x26 modules/zephyr-ytm32-module/drivers/gpio/lib..__zephyr-ytm32-module__drivers__gpio.a(gpio_ytm32.c.obj)
 .text.sys_slist_find_and_remove
                0x0000000000003ef4       0x20 modules/zephyr-ytm32-module/drivers/gpio/lib..__zephyr-ytm32-module__drivers__gpio.a(gpio_ytm32.c.obj)
 .text.gpio_manage_callback
                0x0000000000003f14       0x3e modules/zephyr-ytm32-module/drivers/gpio/lib..__zephyr-ytm32-module__drivers__gpio.a(gpio_ytm32.c.obj)
 .text.gpio_fire_callbacks
                0x0000000000003f52       0x40 modules/zephyr-ytm32-module/drivers/gpio/lib..__zephyr-ytm32-module__drivers__gpio.a(gpio_ytm32.c.obj)
 .text.gpio_ytm32_configure
                0x0000000000003f92       0xc4 modules/zephyr-ytm32-module/drivers/gpio/lib..__zephyr-ytm32-module__drivers__gpio.a(gpio_ytm32.c.obj)
 .text.gpio_ytm32_port_get_raw
                0x0000000000004056        0xc modules/zephyr-ytm32-module/drivers/gpio/lib..__zephyr-ytm32-module__drivers__gpio.a(gpio_ytm32.c.obj)
 .text.gpio_ytm32_port_set_masked_raw
                0x0000000000004062       0x14 modules/zephyr-ytm32-module/drivers/gpio/lib..__zephyr-ytm32-module__drivers__gpio.a(gpio_ytm32.c.obj)
 .text.gpio_ytm32_port_set_bits_raw
                0x0000000000004076        0xa modules/zephyr-ytm32-module/drivers/gpio/lib..__zephyr-ytm32-module__drivers__gpio.a(gpio_ytm32.c.obj)
 .text.gpio_ytm32_port_clear_bits_raw
                0x0000000000004080        0xa modules/zephyr-ytm32-module/drivers/gpio/lib..__zephyr-ytm32-module__drivers__gpio.a(gpio_ytm32.c.obj)
 .text.gpio_ytm32_port_toggle_bits
                0x000000000000408a        0xa modules/zephyr-ytm32-module/drivers/gpio/lib..__zephyr-ytm32-module__drivers__gpio.a(gpio_ytm32.c.obj)
 .text.gpio_ytm32_pin_interrupt_configure
                0x0000000000004094       0x82 modules/zephyr-ytm32-module/drivers/gpio/lib..__zephyr-ytm32-module__drivers__gpio.a(gpio_ytm32.c.obj)
 .text.gpio_ytm32_get_pending_int
                0x0000000000004116        0x8 modules/zephyr-ytm32-module/drivers/gpio/lib..__zephyr-ytm32-module__drivers__gpio.a(gpio_ytm32.c.obj)
 .text.gpio_ytm32_manage_callback
                0x000000000000411e        0xc modules/zephyr-ytm32-module/drivers/gpio/lib..__zephyr-ytm32-module__drivers__gpio.a(gpio_ytm32.c.obj)
 .text.gpio_ytm32_isr
                0x000000000000412a       0x16 modules/zephyr-ytm32-module/drivers/gpio/lib..__zephyr-ytm32-module__drivers__gpio.a(gpio_ytm32.c.obj)
 .text.gpio_ytm32_init
                0x0000000000004140       0x52 modules/zephyr-ytm32-module/drivers/gpio/lib..__zephyr-ytm32-module__drivers__gpio.a(gpio_ytm32.c.obj)
 .text.gpio_ytm32_irq_config_0
                0x0000000000004192       0x14 modules/zephyr-ytm32-module/drivers/gpio/lib..__zephyr-ytm32-module__drivers__gpio.a(gpio_ytm32.c.obj)
 .text.do_device_init
                0x00000000000041a6       0x32 zephyr/kernel/libkernel.a(device.c.obj)
                0x00000000000041a6                do_device_init
 .text.z_impl_device_is_ready
                0x00000000000041d8       0x20 zephyr/kernel/libkernel.a(device.c.obj)
                0x00000000000041d8                z_impl_device_is_ready
 .text.arch_system_halt
                0x00000000000041f8       0x10 zephyr/kernel/libkernel.a(fatal.c.obj)
                0x00000000000041f8                arch_system_halt
 .text.k_sys_fatal_error_handler
                0x0000000000004208        0x6 zephyr/kernel/libkernel.a(fatal.c.obj)
                0x0000000000004208                k_sys_fatal_error_handler
 .text.idle     0x000000000000420e       0x16 zephyr/kernel/libkernel.a(idle.c.obj)
                0x000000000000420e                idle
 .text.arch_spin_relax
                0x0000000000004224        0x4 zephyr/kernel/libkernel.a(idle.c.obj)
                0x0000000000004224                arch_spin_relax
 .text.setup_thread_stack
                0x0000000000004228       0x1a zephyr/kernel/libkernel.a(thread.c.obj)
 .text.z_init_thread_base
                0x0000000000004242       0x16 zephyr/kernel/libkernel.a(thread.c.obj)
                0x0000000000004242                z_init_thread_base
 .text.thread_active_elsewhere
                0x0000000000004258        0x4 zephyr/kernel/libkernel.a(sched.c.obj)
 .text.add_to_waitq_locked
                0x000000000000425c       0x64 zephyr/kernel/libkernel.a(sched.c.obj)
 .text.z_abort_thread_timeout
                0x00000000000042c0        0xa zephyr/kernel/libkernel.a(sched.c.obj)
 .text.unpend_all
                0x00000000000042ca       0x46 zephyr/kernel/libkernel.a(sched.c.obj)
 .text.z_ready_thread
                0x0000000000004310       0x36 zephyr/kernel/libkernel.a(sched.c.obj)
                0x0000000000004310                z_ready_thread
 .text.z_sched_wake_thread_locked
                0x0000000000004346       0x34 zephyr/kernel/libkernel.a(sched.c.obj)
                0x0000000000004346                z_sched_wake_thread_locked
 .text.z_thread_timeout
                0x000000000000437a       0x2e zephyr/kernel/libkernel.a(sched.c.obj)
                0x000000000000437a                z_thread_timeout
 .text.init_ready_q
                0x00000000000043a8        0x8 zephyr/kernel/libkernel.a(sched.c.obj)
                0x00000000000043a8                init_ready_q
 .text.remove_timeout
                0x00000000000043b0       0x2e zephyr/kernel/libkernel.a(timeout.c.obj)
 .text.next_timeout
                0x00000000000043de       0x36 zephyr/kernel/libkernel.a(timeout.c.obj)
 .text.z_abort_timeout
                0x0000000000004414       0x5e zephyr/kernel/libkernel.a(timeout.c.obj)
                0x0000000000004414                z_abort_timeout
 .text.sys_clock_tick_get_32
                0x0000000000004472        0x8 zephyr/kernel/libkernel.a(timeout.c.obj)
                0x0000000000004472                sys_clock_tick_get_32
 .text.memcpy   0x000000000000447a       0x1a /root/zephyr-sdk-0.17.4/arm-zephyr-eabi/bin/../lib/gcc/../../picolibc/arm-zephyr-eabi/lib/thumb/v8-m.main/nofp/libc.a(memcpy.c.o)
                0x000000000000447a                memcpy
                0x000000000000447a                __aeabi_memcpy
                0x000000000000447a                __aeabi_memcpy4
                0x000000000000447a                __aeabi_memcpy8
 .text.memset   0x0000000000004494       0x10 /root/zephyr-sdk-0.17.4/arm-zephyr-eabi/bin/../lib/gcc/../../picolibc/arm-zephyr-eabi/lib/thumb/v8-m.main/nofp/libc.a(memset.c.o)
                0x0000000000004494                memset
 .text.strncpy  0x00000000000044a4       0x20 /root/zephyr-sdk-0.17.4/arm-zephyr-eabi/bin/../lib/gcc/../../picolibc/arm-zephyr-eabi/lib/thumb/v8-m.main/nofp/libc.a(libc_string_strncpy.c.o)
                0x00000000000044a4                strncpy
 .text.strnlen  0x00000000000044c4       0x18 /root/zephyr-sdk-0.17.4/arm-zephyr-eabi/bin/../lib/gcc/../../picolibc/arm-zephyr-eabi/lib/thumb/v8-m.main/nofp/libc.a(libc_string_strnlen.c.o)
                0x00000000000044c4                strnlen
 .text.__ultoa_invert
                0x00000000000044dc       0xac /root/zephyr-sdk-0.17.4/arm-zephyr-eabi/bin/../lib/gcc/../../picolibc/arm-zephyr-eabi/lib/thumb/v8-m.main/nofp/libc.a(libc_tinystdio_vflprintf.c.o)
 *(SORT_BY_ALIGNMENT(.gnu.linkonce.t.*))
 *(SORT_BY_ALIGNMENT(.glue_7t))
 .glue_7t       0x0000000000004588        0x0 linker stubs
 *(SORT_BY_ALIGNMENT(.glue_7))
 .glue_7        0x0000000000004588        0x0 linker stubs
 *(SORT_BY_ALIGNMENT(.vfp11_veneer))
 .vfp11_veneer  0x0000000000004588        0x0 linker stubs
 *(SORT_BY_ALIGNMENT(.v4_bx))
 .v4_bx         0x0000000000004588        0x0 linker stubs
                0x0000000000004588                . = ALIGN (0x4)
                0x0000000000004588                __text_region_end = .

.ARM.exidx      0x0000000000004588        0x0
                0x0000000000004588                __exidx_start = .
 *(SORT_BY_ALIGNMENT(.ARM.exidx*) SORT_BY_ALIGNMENT(gnu.linkonce.armexidx.*))
                0x0000000000004588                __exidx_end = .
                0x0000000000004588                __rodata_region_start = .

initlevel       0x0000000000004588       0x40
                0x0000000000004588                __init_start = .
                0x0000000000004588                __init_EARLY_start = .
 *(SORT_BY_NAME(SORT_BY_ALIGNMENT(.z_init_EARLY_P_?_*)))
 *(SORT_BY_NAME(SORT_BY_ALIGNMENT(.z_init_EARLY_P_??_*)))
 *(SORT_BY_NAME(SORT_BY_ALIGNMENT(.z_init_EARLY_P_???_*)))
                0x0000000000004588                __init_PRE_KERNEL_1_start = .
 *(SORT_BY_NAME(SORT_BY_ALIGNMENT(.z_init_PRE_KERNEL_1_P_?_*)))
 *(SORT_BY_NAME(SORT_BY_ALIGNMENT(.z_init_PRE_KERNEL_1_P_??_*)))
 .z_init_PRE_KERNEL_1_P_30_SUB_00005_
                0x0000000000004588        0x8 modules/zephyr-ytm32-module/drivers/clock_control/lib..__zephyr-ytm32-module__drivers__clock_control.a(clock_control_ytm32.c.obj)
 .z_init_PRE_KERNEL_1_P_40_SUB_00008_
                0x0000000000004590        0x8 modules/zephyr-ytm32-module/drivers/gpio/lib..__zephyr-ytm32-module__drivers__gpio.a(gpio_ytm32.c.obj)
 .z_init_PRE_KERNEL_1_P_40_SUB_0_
                0x0000000000004598        0x8 modules/zephyr-ytm32-module/drivers/pinctrl/lib..__zephyr-ytm32-module__drivers__pinctrl.a(pinctrl_ytm32.c.obj)
 .z_init_PRE_KERNEL_1_P_40_SUB_0_
                0x00000000000045a0        0x8 modules/zephyr-ytm32-module/drivers/interrupt_controller/lib..__zephyr-ytm32-module__drivers__interrupt_controller.a(intc_ytm32.c.obj)
 .z_init_PRE_KERNEL_1_P_50_SUB_00027_
                0x00000000000045a8        0x8 modules/zephyr-ytm32-module/drivers/serial/lib..__zephyr-ytm32-module__drivers__serial.a(uart_ytm32.c.obj)
 .z_init_PRE_KERNEL_1_P_60_SUB_0_
                0x00000000000045b0        0x8 zephyr/drivers/console/libdrivers__console.a(uart_console.c.obj)
 *(SORT_BY_NAME(SORT_BY_ALIGNMENT(.z_init_PRE_KERNEL_1_P_???_*)))
                0x00000000000045b8                __init_PRE_KERNEL_2_start = .
 *(SORT_BY_NAME(SORT_BY_ALIGNMENT(.z_init_PRE_KERNEL_2_P_?_*)))
 .z_init_PRE_KERNEL_2_P_0_SUB_0_
                0x00000000000045b8        0x8 zephyr/drivers/timer/libdrivers__timer.a(cortex_m_systick.c.obj)
 *(SORT_BY_NAME(SORT_BY_ALIGNMENT(.z_init_PRE_KERNEL_2_P_??_*)))
 *(SORT_BY_NAME(SORT_BY_ALIGNMENT(.z_init_PRE_KERNEL_2_P_???_*)))
                0x00000000000045c0                __init_POST_KERNEL_start = .
 *(SORT_BY_NAME(SORT_BY_ALIGNMENT(.z_init_POST_KERNEL_P_?_*)))
 *(SORT_BY_NAME(SORT_BY_ALIGNMENT(.z_init_POST_KERNEL_P_??_*)))
 .z_init_POST_KERNEL_P_35_SUB_0_
                0x00000000000045c0        0x8 zephyr/lib/libc/common/liblib__libc__common.a(malloc.c.obj)
 *(SORT_BY_NAME(SORT_BY_ALIGNMENT(.z_init_POST_KERNEL_P_???_*)))
                0x00000000000045c8                __init_APPLICATION_start = .
 *(SORT_BY_NAME(SORT_BY_ALIGNMENT(.z_init_APPLICATION_P_?_*)))
 *(SORT_BY_NAME(SORT_BY_ALIGNMENT(.z_init_APPLICATION_P_??_*)))
 *(SORT_BY_NAME(SORT_BY_ALIGNMENT(.z_init_APPLICATION_P_???_*)))
                0x00000000000045c8                __init_SMP_start = .
 *(SORT_BY_NAME(SORT_BY_ALIGNMENT(.z_init_SMP_P_?_*)))
 *(SORT_BY_NAME(SORT_BY_ALIGNMENT(.z_init_SMP_P_??_*)))
 *(SORT_BY_NAME(SORT_BY_ALIGNMENT(.z_init_SMP_P_???_*)))
                0x00000000000045c8                __init_end = .

device_area     0x00000000000045c8       0x54
                0x00000000000045c8                _device_list_start = .
 *(SORT_BY_NAME(SORT_BY_ALIGNMENT(._device.static.*_?_*)))
 *(SORT_BY_NAME(SORT_BY_ALIGNMENT(._device.static.*_??_*)))
 ._device.static.1_30_
                0x00000000000045c8       0x1c modules/zephyr-ytm32-module/drivers/clock_control/lib..__zephyr-ytm32-module__drivers__clock_control.a(clock_control_ytm32.c.obj)
                0x00000000000045c8                __device_dts_ord_5
 ._device.static.1_40_
                0x00000000000045e4       0x1c modules/zephyr-ytm32-module/drivers/gpio/lib..__zephyr-ytm32-module__drivers__gpio.a(gpio_ytm32.c.obj)
                0x00000000000045e4                __device_dts_ord_8
 ._device.static.1_50_
                0x0000000000004600       0x1c modules/zephyr-ytm32-module/drivers/serial/lib..__zephyr-ytm32-module__drivers__serial.a(uart_ytm32.c.obj)
                0x0000000000004600                __device_dts_ord_27
 *(SORT_BY_NAME(SORT_BY_ALIGNMENT(._device.static.*_???_*)))
 *(SORT_BY_NAME(SORT_BY_ALIGNMENT(._device.static.*_????_*)))
 *(SORT_BY_NAME(SORT_BY_ALIGNMENT(._device.static.*_?????_*)))
                0x000000000000461c                _device_list_end = .

sw_isr_table    0x000000000000461c      0x260
                0x000000000000461c                . = ALIGN (0x4)
 *(SORT_BY_ALIGNMENT(.gnu.linkonce.sw_isr_table*))
 .gnu.linkonce.sw_isr_table
                0x000000000000461c      0x260 zephyr/arch/common/libisr_tables.a(isr_tables.c.obj)
                0x000000000000461c                _sw_isr_table

initlevel_error
                0x0000000000004588        0x0
 *(SORT_BY_NAME(SORT_BY_ALIGNMENT(.z_init_*)))
                0x0000000000000001                ASSERT ((SIZEOF (initlevel_error) == 0x0), Undefined initialization levels used.)

app_shmem_regions
                0x000000000000487c        0x0
                0x000000000000487c                __app_shmem_regions_start = .
 *(SORT_BY_NAME(SORT_BY_ALIGNMENT(.app_regions.*)))
                0x000000000000487c                __app_shmem_regions_end = .

k_p4wq_initparam_area
                0x000000000000487c        0x0
                0x000000000000487c                _k_p4wq_initparam_list_start = .
 *(SORT_BY_NAME(SORT_BY_ALIGNMENT(._k_p4wq_initparam.static.*)))
                0x000000000000487c                _k_p4wq_initparam_list_end = .

_static_thread_data_area
                0x000000000000487c        0x0
                0x000000000000487c                __static_thread_data_list_start = .
 *(SORT_BY_NAME(SORT_BY_ALIGNMENT(.__static_thread_data.static.*)))
                0x000000000000487c                __static_thread_data_list_end = .

device_deps     0x000000000000487c        0x0
                0x000000000000487c                __device_deps_start = .
 *(SORT_BY_NAME(SORT_BY_ALIGNMENT(.__device_deps_pass2*)))
                0x000000000000487c                __device_deps_end = .

gpio_driver_api_area
                0x000000000000487c       0x24
                0x000000000000487c                _gpio_driver_api_list_start = .
 *(SORT_BY_NAME(SORT_BY_ALIGNMENT(._gpio_driver_api.static.*)))
 ._gpio_driver_api.static.gpio_ytm32_api_
                0x000000000000487c       0x24 modules/zephyr-ytm32-module/drivers/gpio/lib..__zephyr-ytm32-module__drivers__gpio.a(gpio_ytm32.c.obj)
                0x00000000000048a0                _gpio_driver_api_list_end = .

shared_irq_driver_api_area
                0x00000000000048a0        0x0
                0x00000000000048a0                _shared_irq_driver_api_list_start = .
 *(SORT_BY_NAME(SORT_BY_ALIGNMENT(._shared_irq_driver_api.static.*)))
                0x00000000000048a0                _shared_irq_driver_api_list_end = .

crypto_driver_api_area
                0x00000000000048a0        0x0
                0x00000000000048a0                _crypto_driver_api_list_start = .
 *(SORT_BY_NAME(SORT_BY_ALIGNMENT(._crypto_driver_api.static.*)))
                0x00000000000048a0                _crypto_driver_api_list_end = .

adc_driver_api_area
                0x00000000000048a0        0x0
                0x00000000000048a0                _adc_driver_api_list_start = .
 *(SORT_BY_NAME(SORT_BY_ALIGNMENT(._adc_driver_api.static.*)))
                0x00000000000048a0                _adc_driver_api_list_end = .

auxdisplay_driver_api_area
                0x00000000000048a0        0x0
                0x00000000000048a0                _auxdisplay_driver_api_list_start = .
 *(SORT_BY_NAME(SORT_BY_ALIGNMENT(._auxdisplay_driver_api.static.*)))
                0x00000000000048a0                _auxdisplay_driver_api_list_end = .

bbram_driver_api_area
                0x00000000000048a0        0x0
                0x00000000000048a0                _bbram_driver_api_list_start = .
 *(SORT_BY_NAME(SORT_BY_ALIGNMENT(._bbram_driver_api.static.*)))
                0x00000000000048a0                _bbram_driver_api_list_end = .

biometric_driver_api_area
                0x00000000000048a0        0x0
                0x00000000000048a0                _biometric_driver_api_list_start = .
 *(SORT_BY_NAME(SORT_BY_ALIGNMENT(._biometric_driver_api.static.*)))
                0x00000000000048a0                _biometric_driver_api_list_end = .

bt_hci_driver_api_area
                0x00000000000048a0        0x0
                0x00000000000048a0                _bt_hci_driver_api_list_start = .
 *(SORT_BY_NAME(SORT_BY_ALIGNMENT(._bt_hci_driver_api.static.*)))
                0x00000000000048a0                _bt_hci_driver_api_list_end = .

can_driver_api_area
                0x00000000000048a0        0x0
                0x00000000000048a0                _can_driver_api_list_start = .
 *(SORT_BY_NAME(SORT_BY_ALIGNMENT(._can_driver_api.static.*)))
                0x00000000000048a0                _can_driver_api_list_end = .

cellular_driver_api_area
                0x00000000000048a0        0x0
                0x00000000000048a0                _cellular_driver_api_list_start = .
 *(SORT_BY_NAME(SORT_BY_ALIGNMENT(._cellular_driver_api.static.*)))
                0x00000000000048a0                _cellular_driver_api_list_end = .

charger_driver_api_area
                0x00000000000048a0        0x0
                0x00000000000048a0                _charger_driver_api_list_start = .
 *(SORT_BY_NAME(SORT_BY_ALIGNMENT(._charger_driver_api.static.*)))
                0x00000000000048a0                _charger_driver_api_list_end = .

clock_control_driver_api_area
                0x00000000000048a0        0x0
                0x00000000000048a0                _clock_control_driver_api_list_start = .
 *(SORT_BY_NAME(SORT_BY_ALIGNMENT(._clock_control_driver_api.static.*)))
                0x00000000000048a0                _clock_control_driver_api_list_end = .

comparator_driver_api_area
                0x00000000000048a0        0x0
                0x00000000000048a0                _comparator_driver_api_list_start = .
 *(SORT_BY_NAME(SORT_BY_ALIGNMENT(._comparator_driver_api.static.*)))
                0x00000000000048a0                _comparator_driver_api_list_end = .

coredump_driver_api_area
                0x00000000000048a0        0x0
                0x00000000000048a0                _coredump_driver_api_list_start = .
 *(SORT_BY_NAME(SORT_BY_ALIGNMENT(._coredump_driver_api.static.*)))
                0x00000000000048a0                _coredump_driver_api_list_end = .

counter_driver_api_area
                0x00000000000048a0        0x0
                0x00000000000048a0                _counter_driver_api_list_start = .
 *(SORT_BY_NAME(SORT_BY_ALIGNMENT(._counter_driver_api.static.*)))
                0x00000000000048a0                _counter_driver_api_list_end = .

crc_driver_api_area
                0x00000000000048a0        0x0
                0x00000000000048a0                _crc_driver_api_list_start = .
 *(SORT_BY_NAME(SORT_BY_ALIGNMENT(._crc_driver_api.static.*)))
                0x00000000000048a0                _crc_driver_api_list_end = .

dac_driver_api_area
                0x00000000000048a0        0x0
                0x00000000000048a0                _dac_driver_api_list_start = .
 *(SORT_BY_NAME(SORT_BY_ALIGNMENT(._dac_driver_api.static.*)))
                0x00000000000048a0                _dac_driver_api_list_end = .

dai_driver_api_area
                0x00000000000048a0        0x0
                0x00000000000048a0                _dai_driver_api_list_start = .
 *(SORT_BY_NAME(SORT_BY_ALIGNMENT(._dai_driver_api.static.*)))
                0x00000000000048a0                _dai_driver_api_list_end = .

display_driver_api_area
                0x00000000000048a0        0x0
                0x00000000000048a0                _display_driver_api_list_start = .
 *(SORT_BY_NAME(SORT_BY_ALIGNMENT(._display_driver_api.static.*)))
                0x00000000000048a0                _display_driver_api_list_end = .

dma_driver_api_area
                0x00000000000048a0        0x0
                0x00000000000048a0                _dma_driver_api_list_start = .
 *(SORT_BY_NAME(SORT_BY_ALIGNMENT(._dma_driver_api.static.*)))
                0x00000000000048a0                _dma_driver_api_list_end = .

edac_driver_api_area
                0x00000000000048a0        0x0
                0x00000000000048a0                _edac_driver_api_list_start = .
 *(SORT_BY_NAME(SORT_BY_ALIGNMENT(._edac_driver_api.static.*)))
                0x00000000000048a0                _edac_driver_api_list_end = .

eeprom_driver_api_area
                0x00000000000048a0        0x0
                0x00000000000048a0                _eeprom_driver_api_list_start = .
 *(SORT_BY_NAME(SORT_BY_ALIGNMENT(._eeprom_driver_api.static.*)))
                0x00000000000048a0                _eeprom_driver_api_list_end = .

emul_bbram_driver_api_area
                0x00000000000048a0        0x0
                0x00000000000048a0                _emul_bbram_driver_api_list_start = .
 *(SORT_BY_NAME(SORT_BY_ALIGNMENT(._emul_bbram_driver_api.static.*)))
                0x00000000000048a0                _emul_bbram_driver_api_list_end = .

fuel_gauge_emul_driver_api_area
                0x00000000000048a0        0x0
                0x00000000000048a0                _fuel_gauge_emul_driver_api_list_start = .
 *(SORT_BY_NAME(SORT_BY_ALIGNMENT(._fuel_gauge_emul_driver_api.static.*)))
                0x00000000000048a0                _fuel_gauge_emul_driver_api_list_end = .

emul_sensor_driver_api_area
                0x00000000000048a0        0x0
                0x00000000000048a0                _emul_sensor_driver_api_list_start = .
 *(SORT_BY_NAME(SORT_BY_ALIGNMENT(._emul_sensor_driver_api.static.*)))
                0x00000000000048a0                _emul_sensor_driver_api_list_end = .

entropy_driver_api_area
                0x00000000000048a0        0x0
                0x00000000000048a0                _entropy_driver_api_list_start = .
 *(SORT_BY_NAME(SORT_BY_ALIGNMENT(._entropy_driver_api.static.*)))
                0x00000000000048a0                _entropy_driver_api_list_end = .

espi_driver_api_area
                0x00000000000048a0        0x0
                0x00000000000048a0                _espi_driver_api_list_start = .
 *(SORT_BY_NAME(SORT_BY_ALIGNMENT(._espi_driver_api.static.*)))
                0x00000000000048a0                _espi_driver_api_list_end = .

espi_saf_driver_api_area
                0x00000000000048a0        0x0
                0x00000000000048a0                _espi_saf_driver_api_list_start = .
 *(SORT_BY_NAME(SORT_BY_ALIGNMENT(._espi_saf_driver_api.static.*)))
                0x00000000000048a0                _espi_saf_driver_api_list_end = .

flash_driver_api_area
                0x00000000000048a0        0x0
                0x00000000000048a0                _flash_driver_api_list_start = .
 *(SORT_BY_NAME(SORT_BY_ALIGNMENT(._flash_driver_api.static.*)))
                0x00000000000048a0                _flash_driver_api_list_end = .

fpga_driver_api_area
                0x00000000000048a0        0x0
                0x00000000000048a0                _fpga_driver_api_list_start = .
 *(SORT_BY_NAME(SORT_BY_ALIGNMENT(._fpga_driver_api.static.*)))
                0x00000000000048a0                _fpga_driver_api_list_end = .

fuel_gauge_driver_api_area
                0x00000000000048a0        0x0
                0x00000000000048a0                _fuel_gauge_driver_api_list_start = .
 *(SORT_BY_NAME(SORT_BY_ALIGNMENT(._fuel_gauge_driver_api.static.*)))
                0x00000000000048a0                _fuel_gauge_driver_api_list_end = .

gnss_driver_api_area
                0x00000000000048a0        0x0
                0x00000000000048a0                _gnss_driver_api_list_start = .
 *(SORT_BY_NAME(SORT_BY_ALIGNMENT(._gnss_driver_api.static.*)))
                0x00000000000048a0                _gnss_driver_api_list_end = .

haptics_driver_api_area
                0x00000000000048a0        0x0
                0x00000000000048a0                _haptics_driver_api_list_start = .
 *(SORT_BY_NAME(SORT_BY_ALIGNMENT(._haptics_driver_api.static.*)))
                0x00000000000048a0                _haptics_driver_api_list_end = .

hwspinlock_driver_api_area
                0x00000000000048a0        0x0
                0x00000000000048a0                _hwspinlock_driver_api_list_start = .
 *(SORT_BY_NAME(SORT_BY_ALIGNMENT(._hwspinlock_driver_api.static.*)))
                0x00000000000048a0                _hwspinlock_driver_api_list_end = .

i2c_driver_api_area
                0x00000000000048a0        0x0
                0x00000000000048a0                _i2c_driver_api_list_start = .
 *(SORT_BY_NAME(SORT_BY_ALIGNMENT(._i2c_driver_api.static.*)))
                0x00000000000048a0                _i2c_driver_api_list_end = .

i2c_target_driver_api_area
                0x00000000000048a0        0x0
                0x00000000000048a0                _i2c_target_driver_api_list_start = .
 *(SORT_BY_NAME(SORT_BY_ALIGNMENT(._i2c_target_driver_api.static.*)))
                0x00000000000048a0                _i2c_target_driver_api_list_end = .

i2s_driver_api_area
                0x00000000000048a0        0x0
                0x00000000000048a0                _i2s_driver_api_list_start = .
 *(SORT_BY_NAME(SORT_BY_ALIGNMENT(._i2s_driver_api.static.*)))
                0x00000000000048a0                _i2s_driver_api_list_end = .

i3c_driver_api_area
                0x00000000000048a0        0x0
                0x00000000000048a0                _i3c_driver_api_list_start = .
 *(SORT_BY_NAME(SORT_BY_ALIGNMENT(._i3c_driver_api.static.*)))
                0x00000000000048a0                _i3c_driver_api_list_end = .

ipm_driver_api_area
                0x00000000000048a0        0x0
                0x00000000000048a0                _ipm_driver_api_list_start = .
 *(SORT_BY_NAME(SORT_BY_ALIGNMENT(._ipm_driver_api.static.*)))
                0x00000000000048a0                _ipm_driver_api_list_end = .

led_driver_api_area
                0x00000000000048a0        0x0
                0x00000000000048a0                _led_driver_api_list_start = .
 *(SORT_BY_NAME(SORT_BY_ALIGNMENT(._led_driver_api.static.*)))
                0x00000000000048a0                _led_driver_api_list_end = .

led_strip_driver_api_area
                0x00000000000048a0        0x0
                0x00000000000048a0                _led_strip_driver_api_list_start = .
 *(SORT_BY_NAME(SORT_BY_ALIGNMENT(._led_strip_driver_api.static.*)))
                0x00000000000048a0                _led_strip_driver_api_list_end = .

lora_driver_api_area
                0x00000000000048a0        0x0
                0x00000000000048a0                _lora_driver_api_list_start = .
 *(SORT_BY_NAME(SORT_BY_ALIGNMENT(._lora_driver_api.static.*)))
                0x00000000000048a0                _lora_driver_api_list_end = .

mbox_driver_api_area
                0x00000000000048a0        0x0
                0x00000000000048a0                _mbox_driver_api_list_start = .
 *(SORT_BY_NAME(SORT_BY_ALIGNMENT(._mbox_driver_api.static.*)))
                0x00000000000048a0                _mbox_driver_api_list_end = .

mdio_driver_api_area
                0x00000000000048a0        0x0
                0x00000000000048a0                _mdio_driver_api_list_start = .
 *(SORT_BY_NAME(SORT_BY_ALIGNMENT(._mdio_driver_api.static.*)))
                0x00000000000048a0                _mdio_driver_api_list_end = .

mipi_dbi_driver_api_area
                0x00000000000048a0        0x0
                0x00000000000048a0                _mipi_dbi_driver_api_list_start = .
 *(SORT_BY_NAME(SORT_BY_ALIGNMENT(._mipi_dbi_driver_api.static.*)))
                0x00000000000048a0                _mipi_dbi_driver_api_list_end = .

mipi_dsi_driver_api_area
                0x00000000000048a0        0x0
                0x00000000000048a0                _mipi_dsi_driver_api_list_start = .
 *(SORT_BY_NAME(SORT_BY_ALIGNMENT(._mipi_dsi_driver_api.static.*)))
                0x00000000000048a0                _mipi_dsi_driver_api_list_end = .

mspi_driver_api_area
                0x00000000000048a0        0x0
                0x00000000000048a0                _mspi_driver_api_list_start = .
 *(SORT_BY_NAME(SORT_BY_ALIGNMENT(._mspi_driver_api.static.*)))
                0x00000000000048a0                _mspi_driver_api_list_end = .

opamp_driver_api_area
                0x00000000000048a0        0x0
                0x00000000000048a0                _opamp_driver_api_list_start = .
 *(SORT_BY_NAME(SORT_BY_ALIGNMENT(._opamp_driver_api.static.*)))
                0x00000000000048a0                _opamp_driver_api_list_end = .

otp_driver_api_area
                0x00000000000048a0        0x0
                0x00000000000048a0                _otp_driver_api_list_start = .
 *(SORT_BY_NAME(SORT_BY_ALIGNMENT(._otp_driver_api.static.*)))
                0x00000000000048a0                _otp_driver_api_list_end = .

peci_driver_api_area
                0x00000000000048a0        0x0
                0x00000000000048a0                _peci_driver_api_list_start = .
 *(SORT_BY_NAME(SORT_BY_ALIGNMENT(._peci_driver_api.static.*)))
                0x00000000000048a0                _peci_driver_api_list_end = .

ps2_driver_api_area
                0x00000000000048a0        0x0
                0x00000000000048a0                _ps2_driver_api_list_start = .
 *(SORT_BY_NAME(SORT_BY_ALIGNMENT(._ps2_driver_api.static.*)))
                0x00000000000048a0                _ps2_driver_api_list_end = .

ptp_clock_driver_api_area
                0x00000000000048a0        0x0
                0x00000000000048a0                _ptp_clock_driver_api_list_start = .
 *(SORT_BY_NAME(SORT_BY_ALIGNMENT(._ptp_clock_driver_api.static.*)))
                0x00000000000048a0                _ptp_clock_driver_api_list_end = .

pwm_driver_api_area
                0x00000000000048a0        0x0
                0x00000000000048a0                _pwm_driver_api_list_start = .
 *(SORT_BY_NAME(SORT_BY_ALIGNMENT(._pwm_driver_api.static.*)))
                0x00000000000048a0                _pwm_driver_api_list_end = .

regulator_parent_driver_api_area
                0x00000000000048a0        0x0
                0x00000000000048a0                _regulator_parent_driver_api_list_start = .
 *(SORT_BY_NAME(SORT_BY_ALIGNMENT(._regulator_parent_driver_api.static.*)))
                0x00000000000048a0                _regulator_parent_driver_api_list_end = .

regulator_driver_api_area
                0x00000000000048a0        0x0
                0x00000000000048a0                _regulator_driver_api_list_start = .
 *(SORT_BY_NAME(SORT_BY_ALIGNMENT(._regulator_driver_api.static.*)))
                0x00000000000048a0                _regulator_driver_api_list_end = .

reset_driver_api_area
                0x00000000000048a0        0x0
                0x00000000000048a0                _reset_driver_api_list_start = .
 *(SORT_BY_NAME(SORT_BY_ALIGNMENT(._reset_driver_api.static.*)))
                0x00000000000048a0                _reset_driver_api_list_end = .

retained_mem_driver_api_area
                0x00000000000048a0        0x0
                0x00000000000048a0                _retained_mem_driver_api_list_start = .
 *(SORT_BY_NAME(SORT_BY_ALIGNMENT(._retained_mem_driver_api.static.*)))
                0x00000000000048a0                _retained_mem_driver_api_list_end = .

rtc_driver_api_area
                0x00000000000048a0        0x0
                0x00000000000048a0                _rtc_driver_api_list_start = .
 *(SORT_BY_NAME(SORT_BY_ALIGNMENT(._rtc_driver_api.static.*)))
                0x00000000000048a0                _rtc_driver_api_list_end = .

sdhc_driver_api_area
                0x00000000000048a0        0x0
                0x00000000000048a0                _sdhc_driver_api_list_start = .
 *(SORT_BY_NAME(SORT_BY_ALIGNMENT(._sdhc_driver_api.static.*)))
                0x00000000000048a0                _sdhc_driver_api_list_end = .

sensor_driver_api_area
                0x00000000000048a0        0x0
                0x00000000000048a0                _sensor_driver_api_list_start = .
 *(SORT_BY_NAME(SORT_BY_ALIGNMENT(._sensor_driver_api.static.*)))
                0x00000000000048a0                _sensor_driver_api_list_end = .

smbus_driver_api_area
                0x00000000000048a0        0x0
                0x00000000000048a0                _smbus_driver_api_list_start = .
 *(SORT_BY_NAME(SORT_BY_ALIGNMENT(._smbus_driver_api.static.*)))
                0x00000000000048a0                _smbus_driver_api_list_end = .

spi_driver_api_area
                0x00000000000048a0        0x0
                0x00000000000048a0                _spi_driver_api_list_start = .
 *(SORT_BY_NAME(SORT_BY_ALIGNMENT(._spi_driver_api.static.*)))
                0x00000000000048a0                _spi_driver_api_list_end = .

syscon_driver_api_area
                0x00000000000048a0        0x0
                0x00000000000048a0                _syscon_driver_api_list_start = .
 *(SORT_BY_NAME(SORT_BY_ALIGNMENT(._syscon_driver_api.static.*)))
                0x00000000000048a0                _syscon_driver_api_list_end = .

tee_driver_api_area
                0x00000000000048a0        0x0
                0x00000000000048a0                _tee_driver_api_list_start = .
 *(SORT_BY_NAME(SORT_BY_ALIGNMENT(._tee_driver_api.static.*)))
                0x00000000000048a0                _tee_driver_api_list_end = .

uaol_driver_api_area
                0x00000000000048a0        0x0
                0x00000000000048a0                _uaol_driver_api_list_start = .
 *(SORT_BY_NAME(SORT_BY_ALIGNMENT(._uaol_driver_api.static.*)))
                0x00000000000048a0                _uaol_driver_api_list_end = .

video_driver_api_area
                0x00000000000048a0        0x0
                0x00000000000048a0                _video_driver_api_list_start = .
 *(SORT_BY_NAME(SORT_BY_ALIGNMENT(._video_driver_api.static.*)))
                0x00000000000048a0                _video_driver_api_list_end = .

virtio_driver_api_area
                0x00000000000048a0        0x0
                0x00000000000048a0                _virtio_driver_api_list_start = .
 *(SORT_BY_NAME(SORT_BY_ALIGNMENT(._virtio_driver_api.static.*)))
                0x00000000000048a0                _virtio_driver_api_list_end = .

w1_driver_api_area
                0x00000000000048a0        0x0
                0x00000000000048a0                _w1_driver_api_list_start = .
 *(SORT_BY_NAME(SORT_BY_ALIGNMENT(._w1_driver_api.static.*)))
                0x00000000000048a0                _w1_driver_api_list_end = .

wdt_driver_api_area
                0x00000000000048a0        0x0
                0x00000000000048a0                _wdt_driver_api_list_start = .
 *(SORT_BY_NAME(SORT_BY_ALIGNMENT(._wdt_driver_api.static.*)))
                0x00000000000048a0                _wdt_driver_api_list_end = .

wuc_driver_api_area
                0x00000000000048a0        0x0
                0x00000000000048a0                _wuc_driver_api_list_start = .
 *(SORT_BY_NAME(SORT_BY_ALIGNMENT(._wuc_driver_api.static.*)))
                0x00000000000048a0                _wuc_driver_api_list_end = .

can_transceiver_driver_api_area
                0x00000000000048a0        0x0
                0x00000000000048a0                _can_transceiver_driver_api_list_start = .
 *(SORT_BY_NAME(SORT_BY_ALIGNMENT(._can_transceiver_driver_api.static.*)))
                0x00000000000048a0                _can_transceiver_driver_api_list_end = .

nrf_clock_control_driver_api_area
                0x00000000000048a0        0x0
                0x00000000000048a0                _nrf_clock_control_driver_api_list_start = .
 *(SORT_BY_NAME(SORT_BY_ALIGNMENT(._nrf_clock_control_driver_api.static.*)))
                0x00000000000048a0                _nrf_clock_control_driver_api_list_end = .

i3c_target_driver_api_area
                0x00000000000048a0        0x0
                0x00000000000048a0                _i3c_target_driver_api_list_start = .
 *(SORT_BY_NAME(SORT_BY_ALIGNMENT(._i3c_target_driver_api.static.*)))
                0x00000000000048a0                _i3c_target_driver_api_list_end = .

its_driver_api_area
                0x00000000000048a0        0x0
                0x00000000000048a0                _its_driver_api_list_start = .
 *(SORT_BY_NAME(SORT_BY_ALIGNMENT(._its_driver_api.static.*)))
                0x00000000000048a0                _its_driver_api_list_end = .

vtd_driver_api_area
                0x00000000000048a0        0x0
                0x00000000000048a0                _vtd_driver_api_list_start = .
 *(SORT_BY_NAME(SORT_BY_ALIGNMENT(._vtd_driver_api.static.*)))
                0x00000000000048a0                _vtd_driver_api_list_end = .

renesas_elc_driver_api_area
                0x00000000000048a0        0x0
                0x00000000000048a0                _renesas_elc_driver_api_list_start = .
 *(SORT_BY_NAME(SORT_BY_ALIGNMENT(._renesas_elc_driver_api.static.*)))
                0x00000000000048a0                _renesas_elc_driver_api_list_end = .

tgpio_driver_api_area
                0x00000000000048a0        0x0
                0x00000000000048a0                _tgpio_driver_api_list_start = .
 *(SORT_BY_NAME(SORT_BY_ALIGNMENT(._tgpio_driver_api.static.*)))
                0x00000000000048a0                _tgpio_driver_api_list_end = .

pcie_ctrl_driver_api_area
                0x00000000000048a0        0x0
                0x00000000000048a0                _pcie_ctrl_driver_api_list_start = .
 *(SORT_BY_NAME(SORT_BY_ALIGNMENT(._pcie_ctrl_driver_api.static.*)))
                0x00000000000048a0                _pcie_ctrl_driver_api_list_end = .

pcie_ep_driver_api_area
                0x00000000000048a0        0x0
                0x00000000000048a0                _pcie_ep_driver_api_list_start = .
 *(SORT_BY_NAME(SORT_BY_ALIGNMENT(._pcie_ep_driver_api.static.*)))
                0x00000000000048a0                _pcie_ep_driver_api_list_end = .

psi5_driver_api_area
                0x00000000000048a0        0x0
                0x00000000000048a0                _psi5_driver_api_list_start = .
 *(SORT_BY_NAME(SORT_BY_ALIGNMENT(._psi5_driver_api.static.*)))
                0x00000000000048a0                _psi5_driver_api_list_end = .

sent_driver_api_area
                0x00000000000048a0        0x0
                0x00000000000048a0                _sent_driver_api_list_start = .
 *(SORT_BY_NAME(SORT_BY_ALIGNMENT(._sent_driver_api.static.*)))
                0x00000000000048a0                _sent_driver_api_list_end = .

svc_driver_api_area
                0x00000000000048a0        0x0
                0x00000000000048a0                _svc_driver_api_list_start = .
 *(SORT_BY_NAME(SORT_BY_ALIGNMENT(._svc_driver_api.static.*)))
                0x00000000000048a0                _svc_driver_api_list_end = .

stepper_driver_api_area
                0x00000000000048a0        0x0
                0x00000000000048a0                _stepper_driver_api_list_start = .
 *(SORT_BY_NAME(SORT_BY_ALIGNMENT(._stepper_driver_api.static.*)))
                0x00000000000048a0                _stepper_driver_api_list_end = .

stepper_ctrl_driver_api_area
                0x00000000000048a0        0x0
                0x00000000000048a0                _stepper_ctrl_driver_api_list_start = .
 *(SORT_BY_NAME(SORT_BY_ALIGNMENT(._stepper_ctrl_driver_api.static.*)))
                0x00000000000048a0                _stepper_ctrl_driver_api_list_end = .

uart_driver_api_area
                0x00000000000048a0        0x0
                0x00000000000048a0                _uart_driver_api_list_start = .
 *(SORT_BY_NAME(SORT_BY_ALIGNMENT(._uart_driver_api.static.*)))
                0x00000000000048a0                _uart_driver_api_list_end = .

bc12_emul_driver_api_area
                0x00000000000048a0        0x0
                0x00000000000048a0                _bc12_emul_driver_api_list_start = .
 *(SORT_BY_NAME(SORT_BY_ALIGNMENT(._bc12_emul_driver_api.static.*)))
                0x00000000000048a0                _bc12_emul_driver_api_list_end = .

bc12_driver_api_area
                0x00000000000048a0        0x0
                0x00000000000048a0                _bc12_driver_api_list_start = .
 *(SORT_BY_NAME(SORT_BY_ALIGNMENT(._bc12_driver_api.static.*)))
                0x00000000000048a0                _bc12_driver_api_list_end = .

usbc_ppc_driver_api_area
                0x00000000000048a0        0x0
                0x00000000000048a0                _usbc_ppc_driver_api_list_start = .
 *(SORT_BY_NAME(SORT_BY_ALIGNMENT(._usbc_ppc_driver_api.static.*)))
                0x00000000000048a0                _usbc_ppc_driver_api_list_end = .

tcpc_driver_api_area
                0x00000000000048a0        0x0
                0x00000000000048a0                _tcpc_driver_api_list_start = .
 *(SORT_BY_NAME(SORT_BY_ALIGNMENT(._tcpc_driver_api.static.*)))
                0x00000000000048a0                _tcpc_driver_api_list_end = .

usbc_vbus_driver_api_area
                0x00000000000048a0        0x0
                0x00000000000048a0                _usbc_vbus_driver_api_list_start = .
 *(SORT_BY_NAME(SORT_BY_ALIGNMENT(._usbc_vbus_driver_api.static.*)))
                0x00000000000048a0                _usbc_vbus_driver_api_list_end = .

ivshmem_driver_api_area
                0x00000000000048a0        0x0
                0x00000000000048a0                _ivshmem_driver_api_list_start = .
 *(SORT_BY_NAME(SORT_BY_ALIGNMENT(._ivshmem_driver_api.static.*)))
                0x00000000000048a0                _ivshmem_driver_api_list_end = .

ethphy_driver_api_area
                0x00000000000048a0        0x0
                0x00000000000048a0                _ethphy_driver_api_list_start = .
 *(SORT_BY_NAME(SORT_BY_ALIGNMENT(._ethphy_driver_api.static.*)))
                0x00000000000048a0                _ethphy_driver_api_list_end = .

ztest           0x00000000000048a0        0x0
                0x00000000000048a0                _ztest_expected_result_entry_list_start = .
 *(SORT_BY_NAME(SORT_BY_ALIGNMENT(._ztest_expected_result_entry.static.*)))
                0x00000000000048a0                _ztest_expected_result_entry_list_end = .
                0x00000000000048a0                _ztest_suite_node_list_start = .
 *(SORT_BY_NAME(SORT_BY_ALIGNMENT(._ztest_suite_node.static.*)))
                0x00000000000048a0                _ztest_suite_node_list_end = .
                0x00000000000048a0                _ztest_unit_test_list_start = .
 *(SORT_BY_NAME(SORT_BY_ALIGNMENT(._ztest_unit_test.static.*)))
                0x00000000000048a0                _ztest_unit_test_list_end = .
                0x00000000000048a0                _ztest_test_rule_list_start = .
 *(SORT_BY_NAME(SORT_BY_ALIGNMENT(._ztest_test_rule.static.*)))
                0x00000000000048a0                _ztest_test_rule_list_end = .

init_array      0x00000000000048a0        0x0
                0x00000000000048a0                __zephyr_init_array_start = .
 *(SORT_BY_INIT_PRIORITY(.init_array.*) SORT_BY_INIT_PRIORITY(.ctors.*))
 *(SORT_BY_ALIGNMENT(.init_array) SORT_BY_ALIGNMENT(.ctors))
                0x00000000000048a0                __zephyr_init_array_end = .
                0x0000000000000001                ASSERT ((__zephyr_init_array_start == __zephyr_init_array_end), GNU-style constructors required but STATIC_INIT_GNU not enabled)

bt_l2cap_fixed_chan_area
                0x00000000000048a0        0x0
                0x00000000000048a0                _bt_l2cap_fixed_chan_list_start = .
 *(SORT_BY_NAME(SORT_BY_ALIGNMENT(._bt_l2cap_fixed_chan.static.*)))
                0x00000000000048a0                _bt_l2cap_fixed_chan_list_end = .

bt_gatt_service_static_area
                0x00000000000048a0        0x0
                0x00000000000048a0                _bt_gatt_service_static_list_start = .
 *(SORT_BY_NAME(SORT_BY_ALIGNMENT(._bt_gatt_service_static.static.*)))
                0x00000000000048a0                _bt_gatt_service_static_list_end = .

log_strings_area
                0x00000000000048a0        0x0
                0x00000000000048a0                _log_strings_list_start = .
 *(SORT_BY_NAME(SORT_BY_ALIGNMENT(._log_strings.static.*)))
                0x00000000000048a0                _log_strings_list_end = .

log_stmesp_ptr_area
                0x00000000000048a0        0x0
                0x00000000000048a0                _log_stmesp_ptr_list_start = .
 *(SORT_BY_NAME(SORT_BY_ALIGNMENT(._log_stmesp_ptr.static.*)))
                0x00000000000048a0                _log_stmesp_ptr_list_end = .

log_stmesp_str_area
                0x00000000000048a0        0x0
                0x00000000000048a0                _log_stmesp_str_list_start = .
 *(SORT_BY_NAME(SORT_BY_ALIGNMENT(._log_stmesp_str.static.*)))
                0x00000000000048a0                _log_stmesp_str_list_end = .

log_const_area  0x00000000000048a0        0x0
                0x00000000000048a0                _log_const_list_start = .
 *(SORT_BY_NAME(SORT_BY_ALIGNMENT(._log_const.static.*)))
                0x00000000000048a0                _log_const_list_end = .

log_backend_area
                0x00000000000048a0        0x0
                0x00000000000048a0                _log_backend_list_start = .
 *(SORT_BY_NAME(SORT_BY_ALIGNMENT(._log_backend.static.*)))
                0x00000000000048a0                _log_backend_list_end = .

log_link_area   0x00000000000048a0        0x0
                0x00000000000048a0                _log_link_list_start = .
 *(SORT_BY_NAME(SORT_BY_ALIGNMENT(._log_link.static.*)))
                0x00000000000048a0                _log_link_list_end = .

tracing_backend_area
                0x00000000000048a0        0x0
                0x00000000000048a0                _tracing_backend_list_start = .
 *(SORT_BY_NAME(SORT_BY_ALIGNMENT(._tracing_backend.static.*)))
                0x00000000000048a0                _tracing_backend_list_end = .

zephyr_dbg_info
                0x00000000000048a0       0x44
 *(SORT_BY_ALIGNMENT(.dbg_thread_info))
 .dbg_thread_info
                0x00000000000048a0       0x44 zephyr/libzephyr.a(thread_info.c.obj)
                0x00000000000048a0                _kernel_openocd_size_t_size
                0x00000000000048a0                _kernel_thread_info_size_t_size
                0x00000000000048a4                _kernel_thread_info_num_offsets
                0x00000000000048a4                _kernel_openocd_num_offsets
                0x00000000000048a8                _kernel_thread_info_offsets
                0x00000000000048a8                _kernel_openocd_offsets

intc_table_area
                0x00000000000048e4        0x0
                0x00000000000048e4                _intc_table_list_start = .
 *(SORT_BY_NAME(SORT_BY_ALIGNMENT(._intc_table.static.*)))
                0x00000000000048e4                _intc_table_list_end = .

symbol_to_keep  0x00000000000048e4        0x0
                0x00000000000048e4                __symbol_to_keep_start = .
 *(SORT_BY_NAME(SORT_BY_ALIGNMENT(.symbol_to_keep*)))
                0x00000000000048e4                __symbol_to_keep_end = .

shell_area      0x00000000000048e4        0x0
                0x00000000000048e4                _shell_list_start = .
 *(SORT_BY_NAME(SORT_BY_ALIGNMENT(._shell.static.*)))
                0x00000000000048e4                _shell_list_end = .

shell_root_cmds_area
                0x00000000000048e4        0x0
                0x00000000000048e4                _shell_root_cmds_list_start = .
 *(SORT_BY_NAME(SORT_BY_ALIGNMENT(._shell_root_cmds.static.*)))
                0x00000000000048e4                _shell_root_cmds_list_end = .

shell_subcmds_area
                0x00000000000048e4        0x0
                0x00000000000048e4                _shell_subcmds_list_start = .
 *(SORT_BY_NAME(SORT_BY_ALIGNMENT(._shell_subcmds.static.*)))
                0x00000000000048e4                _shell_subcmds_list_end = .

shell_dynamic_subcmds_area
                0x00000000000048e4        0x0
                0x00000000000048e4                _shell_dynamic_subcmds_list_start = .
 *(SORT_BY_NAME(SORT_BY_ALIGNMENT(._shell_dynamic_subcmds.static.*)))
                0x00000000000048e4                _shell_dynamic_subcmds_list_end = .

cfb_font_area   0x00000000000048e4        0x0
                0x00000000000048e4                _cfb_font_list_start = .
 *(SORT_BY_NAME(SORT_BY_ALIGNMENT(._cfb_font.static.*)))
                0x00000000000048e4                _cfb_font_list_end = .

tdata           0x00000000000048e4        0x0
 *(SORT_BY_ALIGNMENT(.tdata) SORT_BY_ALIGNMENT(.tdata.*) SORT_BY_ALIGNMENT(.gnu.linkonce.td.*))

tbss            0x00000000000048e4        0x4
 *(SORT_BY_ALIGNMENT(.tbss) SORT_BY_ALIGNMENT(.tbss.*) SORT_BY_ALIGNMENT(.gnu.linkonce.tb.*) SORT_BY_ALIGNMENT(.tcommon))
 .tbss.z_tls_current
                0x00000000000048e4        0x4 zephyr/libzephyr.a(thread_entry.c.obj)
                0x00000000000048e4                z_tls_current
                0x00000000000048e4                PROVIDE (__tdata_start = LOADADDR (tdata))
                0x0000000000000001                PROVIDE (__tdata_align = ALIGNOF (tdata))
                0x0000000000000000                PROVIDE (__tdata_size = (((SIZEOF (tdata) + __tdata_align) - 0x1) & ~ ((__tdata_align - 0x1))))
                [!provide]                        PROVIDE (__tdata_end = (__tdata_start + __tdata_size))
                0x0000000000000004                PROVIDE (__tbss_align = ALIGNOF (tbss))
                [!provide]                        PROVIDE (__tbss_start = ADDR (tbss))
                0x0000000000000004                PROVIDE (__tbss_size = (((SIZEOF (tbss) + __tbss_align) - 0x1) & ~ ((__tbss_align - 0x1))))
                [!provide]                        PROVIDE (__tbss_end = (__tbss_start + __tbss_size))
                [!provide]                        PROVIDE (__tls_start = __tdata_start)
                [!provide]                        PROVIDE (__tls_end = __tbss_end)
                [!provide]                        PROVIDE (__tls_size = (__tbss_end - __tdata_start))

rodata          0x00000000000048e4      0x854
 *(SORT_BY_ALIGNMENT(.rodata))
 *(SORT_BY_ALIGNMENT(.rodata.*))
 .rodata.main.str1.4
                0x00000000000048e4       0x17 app/libapp.a(main.c.obj)
 *fill*         0x00000000000048fb        0x1 
 .rodata.led    0x00000000000048fc        0x8 app/libapp.a(main.c.obj)
 .rodata.ytm32_cmu_config
                0x0000000000004904       0x10 zephyr/libzephyr.a(soc.c.obj)
 .rodata.esf_dump.str1.4
                0x0000000000004914       0x9f zephyr/arch/arch/arm/core/libarch__arm__core.a(fatal.c.obj)
 *fill*         0x00000000000049b3        0x1 
 .rodata.z_arm_fatal_error.str1.4
                0x00000000000049b4       0x14 zephyr/arch/arch/arm/core/libarch__arm__core.a(fatal.c.obj)
 .rodata.get_esf.str1.4
                0x00000000000049c8       0x2c zephyr/arch/arch/arm/core/cortex_m/libarch__arm__core__cortex_m.a(fault.c.obj)
 .rodata.mem_manage_fault.str1.4
                0x00000000000049f4       0xb4 zephyr/arch/arch/arm/core/cortex_m/libarch__arm__core__cortex_m.a(fault.c.obj)
 .rodata.bus_fault.str1.4
                0x0000000000004aa8       0x95 zephyr/arch/arch/arm/core/cortex_m/libarch__arm__core__cortex_m.a(fault.c.obj)
 *fill*         0x0000000000004b3d        0x3 
 .rodata.usage_fault.str1.4
                0x0000000000004b40      0x108 zephyr/arch/arch/arm/core/cortex_m/libarch__arm__core__cortex_m.a(fault.c.obj)
 .rodata.hard_fault.str1.4