Archive member included to satisfy reference by file (symbol)

app/libapp.a(main.c.obj)      (--whole-archive)
zephyr/libzephyr.a(validate_libc.c.obj)
                              (--whole-archive)
zephyr/libzephyr.a(heap.c.obj)
                              (--whole-archive)
zephyr/libzephyr.a(cbprintf_packaged.c.obj)
                              (--whole-archive)
zephyr/libzephyr.a(clock.c.obj)
                              (--whole-archive)
zephyr/libzephyr.a(printk.c.obj)
                              (--whole-archive)
zephyr/libzephyr.a(sem.c.obj)
                              (--whole-archive)
zephyr/libzephyr.a(thread_entry.c.obj)
                              (--whole-archive)
zephyr/libzephyr.a(cbprintf_complete.c.obj)
                              (--whole-archive)
zephyr/libzephyr.a(assert.c.obj)
                              (--whole-archive)
zephyr/libzephyr.a(dec.c.obj)
                              (--whole-archive)
zephyr/libzephyr.a(hex.c.obj)
                              (--whole-archive)
zephyr/libzephyr.a(rb.c.obj)  (--whole-archive)
zephyr/libzephyr.a(timeutil.c.obj)
                              (--whole-archive)
zephyr/libzephyr.a(bitarray.c.obj)
                              (--whole-archive)
zephyr/libzephyr.a(bitmask.c.obj)
                              (--whole-archive)
zephyr/libzephyr.a(getopt.c.obj)
                              (--whole-archive)
zephyr/libzephyr.a(getopt_common.c.obj)
                              (--whole-archive)
zephyr/libzephyr.a(ring_buffer.c.obj)
                              (--whole-archive)
zephyr/libzephyr.a(last_section_id.c.obj)
                              (--whole-archive)
zephyr/libzephyr.a(configs.c.obj)
                              (--whole-archive)
zephyr/libzephyr.a(soc.c.obj)
                              (--whole-archive)
zephyr/libzephyr.a(soc_reset.S.obj)
                              (--whole-archive)
zephyr/libzephyr.a(thread_info.c.obj)
                              (--whole-archive)
zephyr/libzephyr.a(tracing_none.c.obj)
                              (--whole-archive)
zephyr/arch/common/libarch__common.a(sw_isr_common.c.obj)
                              (--whole-archive)
zephyr/arch/common/libarch__common.a(init.c.obj)
                              (--whole-archive)
zephyr/arch/common/libarch__common.a(xip.c.obj)
                              (--whole-archive)
zephyr/arch/arch/arm/core/libarch__arm__core.a(fatal.c.obj)
                              (--whole-archive)
zephyr/arch/arch/arm/core/libarch__arm__core.a(nmi.c.obj)
                              (--whole-archive)
zephyr/arch/arch/arm/core/libarch__arm__core.a(nmi_on_reset.S.obj)
                              (--whole-archive)
zephyr/arch/arch/arm/core/libarch__arm__core.a(tls.c.obj)
                              (--whole-archive)
zephyr/arch/arch/arm/core/cortex_m/libarch__arm__core__cortex_m.a(fault.c.obj)
                              (--whole-archive)
zephyr/arch/arch/arm/core/cortex_m/libarch__arm__core__cortex_m.a(fault_s.S.obj)
                              (--whole-archive)
zephyr/arch/arch/arm/core/cortex_m/libarch__arm__core__cortex_m.a(fpu.c.obj)
                              (--whole-archive)
zephyr/arch/arch/arm/core/cortex_m/libarch__arm__core__cortex_m.a(reset.S.obj)
                              (--whole-archive)
zephyr/arch/arch/arm/core/cortex_m/libarch__arm__core__cortex_m.a(scb.c.obj)
                              (--whole-archive)
zephyr/arch/arch/arm/core/cortex_m/libarch__arm__core__cortex_m.a(vector_table.S.obj)
                              (--whole-archive)
zephyr/arch/arch/arm/core/cortex_m/libarch__arm__core__cortex_m.a(svc.S.obj)
                              (--whole-archive)
zephyr/arch/arch/arm/core/cortex_m/libarch__arm__core__cortex_m.a(irq_manage.c.obj)
                              (--whole-archive)
zephyr/arch/arch/arm/core/cortex_m/libarch__arm__core__cortex_m.a(prep_c.c.obj)
                              (--whole-archive)
zephyr/arch/arch/arm/core/cortex_m/libarch__arm__core__cortex_m.a(thread.c.obj)
                              (--whole-archive)
zephyr/arch/arch/arm/core/cortex_m/libarch__arm__core__cortex_m.a(cpu_idle.c.obj)
                              (--whole-archive)
zephyr/arch/arch/arm/core/cortex_m/libarch__arm__core__cortex_m.a(exc_exit.c.obj)
                              (--whole-archive)
zephyr/arch/arch/arm/core/cortex_m/libarch__arm__core__cortex_m.a(thread_abort.c.obj)
                              (--whole-archive)
zephyr/arch/arch/arm/core/cortex_m/libarch__arm__core__cortex_m.a(swap_helper.S.obj)
                              (--whole-archive)
zephyr/arch/arch/arm/core/cortex_m/libarch__arm__core__cortex_m.a(irq_init.c.obj)
                              (--whole-archive)
zephyr/arch/arch/arm/core/cortex_m/libarch__arm__core__cortex_m.a(isr_wrapper.c.obj)
                              (--whole-archive)
zephyr/arch/arch/arm/core/cortex_m/libarch__arm__core__cortex_m.a(__aeabi_read_tp.S.obj)
[...]
Memory Configuration

Name             Origin             Length             Attributes
FLASH            0x0000000000000000 0x0000000000040000 xr
RAM              0x0000000020000000 0x0000000000008000 xw
IDT_LIST         0x00000000ffff7fff 0x0000000000008000 xw
*default*        0x0000000000000000 0xffffffffffffffff

Linker script and memory map

                0x0000000000003004                vfprintf = __l_vfprintf
                0x0000000000000000                vfscanf = __l_vfscanf
LOAD zephyr/CMakeFiles/zephyr_final.dir/misc/empty_file.c.obj
LOAD zephyr/CMakeFiles/zephyr_final.dir/isr_tables.c.obj
LOAD zephyr/CMakeFiles/offsets.dir/./arch/arm/core/offsets/offsets.c.obj
LOAD app/libapp.a
LOAD zephyr/libzephyr.a
LOAD zephyr/arch/common/libarch__common.a
LOAD zephyr/arch/arch/arm/core/libarch__arm__core.a
LOAD zephyr/arch/arch/arm/core/cortex_m/libarch__arm__core__cortex_m.a
LOAD zephyr/arch/arch/arm/core/cortex_m/cmse/libarch__arm__core__cortex_m__cmse.a
LOAD zephyr/lib/libc/picolibc/liblib__libc__picolibc.a
LOAD zephyr/lib/libc/common/liblib__libc__common.a
LOAD zephyr/lib/posix/c_lib_ext/liblib__posix__c_lib_ext.a
LOAD zephyr/drivers/console/libdrivers__console.a
LOAD zephyr/drivers/pinctrl/libdrivers__pinctrl.a
LOAD zephyr/drivers/timer/libdrivers__timer.a
LOAD modules/hal_ytmicro/lib..__modules__hal__ytmicro__zephyr.a
LOAD modules/zephyr-ytm32-module/drivers/serial/lib..__zephyr-ytm32-module__drivers__serial.a
LOAD modules/zephyr-ytm32-module/drivers/clock_control/lib..__zephyr-ytm32-module__drivers__clock_control.a
LOAD modules/zephyr-ytm32-module/drivers/pinctrl/lib..__zephyr-ytm32-module__drivers__pinctrl.a
LOAD modules/zephyr-ytm32-module/drivers/interrupt_controller/lib..__zephyr-ytm32-module__drivers__interrupt_controller.a
LOAD modules/zephyr-ytm32-module/drivers/gpio/lib..__zephyr-ytm32-module__drivers__gpio.a
LOAD zephyr/kernel/libkernel.a
LOAD zephyr/arch/common/libisr_tables.a
LOAD /root/zephyr-sdk-0.17.4/arm-zephyr-eabi/bin/../lib/gcc/../../picolibc/arm-zephyr-eabi/lib/thumb/v8-m.main/nofp/libc.a
LOAD /root/zephyr-sdk-0.17.4/arm-zephyr-eabi/bin/../lib/gcc/arm-zephyr-eabi/12.2.0/thumb/v8-m.main/nofp/libgcc.a
                0x0000000000000004                _region_min_align = 0x4

.rel.plt        0x0000000000000000        0x0
 *(SORT_BY_ALIGNMENT(.rel.plt))
                [!provide]                        PROVIDE (__rel_iplt_start = .)
 *(SORT_BY_ALIGNMENT(.rel.iplt))
 .rel.iplt      0x0000000000000000        0x0 zephyr/CMakeFiles/zephyr_final.dir/isr_tables.c.obj
                [!provide]                        PROVIDE (__rel_iplt_end = .)

.rela.plt       0x0000000000000000        0x0
 *(SORT_BY_ALIGNMENT(.rela.plt))
                [!provide]                        PROVIDE (__rela_iplt_start = .)
 *(SORT_BY_ALIGNMENT(.rela.iplt))
                [!provide]                        PROVIDE (__rela_iplt_end = .)

.rel.dyn
 *(SORT_BY_ALIGNMENT(.rel.*))

.rela.dyn
 *(SORT_BY_ALIGNMENT(.rela.*))

/DISCARD/
 *(SORT_BY_ALIGNMENT(.plt))

/DISCARD/
 *(SORT_BY_ALIGNMENT(.iplt))
                0x0000000000000000                __rom_region_start = 0x0

rom_start       0x0000000000000000      0x170
                0x0000000000000000                __rom_start_address = .
 FILL mask 0x00
                0x0000000000000000                . = (. + (0x0 - (. - __rom_start_address)))
                0x0000000000000000                . = ALIGN (0x4)
                0x0000000000000000                . = ALIGN (0x80)
                0x0000000000000000                . = ALIGN (0x200)
                0x0000000000000000                _vector_start = .
 *(SORT_BY_ALIGNMENT(.exc_vector_table))
 *(SORT_BY_ALIGNMENT(.exc_vector_table.*))
 .exc_vector_table._vector_table_section
                0x0000000000000000       0x40 zephyr/arch/arch/arm/core/cortex_m/libarch__arm__core__cortex_m.a(vector_table.S.obj)
                0x0000000000000000                _vector_table
 *(SORT_BY_ALIGNMENT(.vectors))
                0x0000000000000170                _vector_end = .
                0x0000000000000040                . = ALIGN (0x4)
 *(SORT_BY_ALIGNMENT(.gnu.linkonce.irq_vector_table*))
 .gnu.linkonce.irq_vector_table
                0x0000000000000040      0x130 zephyr/CMakeFiles/zephyr_final.dir/isr_tables.c.obj
                0x0000000000000040                _irq_vector_table
                0x0000000000000170                _vector_end = .

text            0x0000000000000170     0x4344
                0x0000000000000170                __text_region_start = .
 *(SORT_BY_ALIGNMENT(.text))
 *(SORT_BY_ALIGNMENT(.text.*))
 .text.main     0x0000000000000170       0x44 app/libapp.a(main.c.obj)
                0x0000000000000170                main
 .text.char_out
                0x00000000000001b4       0x10 zephyr/libzephyr.a(printk.c.obj)
 .text.__printk_hook_install
                0x00000000000001c4        0xc zephyr/libzephyr.a(printk.c.obj)
                0x00000000000001c4                __printk_hook_install
 .text.vprintk  0x00000000000001d0       0x2c zephyr/libzephyr.a(printk.c.obj)
                0x00000000000001d0                vprintk
 .text.z_thread_entry
                0x00000000000001fc       0x34 zephyr/libzephyr.a(thread_entry.c.obj)
                0x00000000000001fc                z_thread_entry
 .text.ytm32_soc_apply_clock_config
                0x0000000000000230       0xcc zephyr/libzephyr.a(soc.c.obj)
                0x0000000000000230                ytm32_soc_apply_clock_config
 .text.soc_early_reset_hook
                0x00000000000002fc       0x18 zephyr/libzephyr.a(soc_reset.S.obj)
                0x00000000000002fc                soc_early_reset_hook
 .text.arch_bss_zero
                0x0000000000000314       0x18 zephyr/arch/common/libarch__common.a(init.c.obj)
                0x0000000000000314                arch_bss_zero
 .text.arch_data_copy
                0x000000000000032c       0x34 zephyr/arch/common/libarch__common.a(xip.c.obj)
                0x000000000000032c                arch_data_copy
 .text.esf_dump
                0x0000000000000360       0x40 zephyr/arch/arch/arm/core/libarch__arm__core.a(fatal.c.obj)
 .text.z_arm_fatal_error
                0x00000000000003a0       0x30 zephyr/arch/arch/arm/core/libarch__arm__core.a(fatal.c.obj)
                0x00000000000003a0                z_arm_fatal_error
 .text.z_SysNmiOnReset
                0x00000000000003d0        0x8 zephyr/arch/arch/arm/core/libarch__arm__core.a(nmi_on_reset.S.obj)
                0x00000000000003d0                z_SysNmiOnReset
 .text.z_tls_copy
                0x00000000000003d8       0x28 zephyr/arch/arch/arm/core/libarch__arm__core.a(tls.c.obj)
 .text.arch_tls_stack_setup
                0x0000000000000400       0x28 zephyr/arch/arch/arm/core/libarch__arm__core.a(tls.c.obj)
                0x0000000000000400                arch_tls_stack_setup
 .text.z_arm_is_synchronous_svc
                0x0000000000000428       0x3c zephyr/arch/arch/arm/core/cortex_m/libarch__arm__core__cortex_m.a(fault.c.obj)
 .text.get_esf  0x0000000000000464       0x40 zephyr/arch/arch/arm/core/cortex_m/libarch__arm__core__cortex_m.a(fault.c.obj)
 .text.mem_manage_fault
                0x00000000000004a4       0xc8 zephyr/arch/arch/arm/core/cortex_m/libarch__arm__core__cortex_m.a(fault.c.obj)
 .text.bus_fault
                0x000000000000056c       0xd4 zephyr/arch/arch/arm/core/cortex_m/libarch__arm__core__cortex_m.a(fault.c.obj)
 .text.usage_fault
                0x0000000000000640       0xcc zephyr/arch/arch/arm/core/cortex_m/libarch__arm__core__cortex_m.a(fault.c.obj)
 .text.hard_fault
                0x000000000000070c       0xb8 zephyr/arch/arch/arm/core/cortex_m/libarch__arm__core__cortex_m.a(fault.c.obj)
 .text.debug_monitor
                0x00000000000007c4       0x14 zephyr/arch/arch/arm/core/cortex_m/libarch__arm__core__cortex_m.a(fault.c.obj)
 .text.reserved_exception
                0x00000000000007d8       0x24 zephyr/arch/arch/arm/core/cortex_m/libarch__arm__core__cortex_m.a(fault.c.obj)
 .text.z_arm_fault
                0x00000000000007fc       0x88 zephyr/arch/arch/arm/core/cortex_m/libarch__arm__core__cortex_m.a(fault.c.obj)
                0x00000000000007fc                z_arm_fault
 .text.z_arm_fault_init
                0x0000000000000884       0x18 zephyr/arch/arch/arm/core/cortex_m/libarch__arm__core__cortex_m.a(fault.c.obj)
                0x0000000000000884                z_arm_fault_init
 .text.__fault  0x000000000000089c       0x14 zephyr/arch/arch/arm/core/cortex_m/libarch__arm__core__cortex_m.a(fault_s.S.obj)
                0x000000000000089c                z_arm_bus_fault
                0x000000000000089c                z_arm_usage_fault
                0x000000000000089c                z_arm_mpu_fault
                0x000000000000089c                z_arm_exc_spurious
                0x000000000000089c                z_arm_debug_monitor
                0x000000000000089c                z_arm_hard_fault
 .text._reset_section
                0x00000000000008b0       0x44 zephyr/arch/arch/arm/core/cortex_m/libarch__arm__core__cortex_m.a(reset.S.obj)
                0x00000000000008b0                z_arm_reset
                0x00000000000008b0                __start
 .text.z_arm_svc
                0x00000000000008f4       0x24 zephyr/arch/arch/arm/core/cortex_m/libarch__arm__core__cortex_m.a(svc.S.obj)
                0x00000000000008f4                z_arm_svc
 .text.__NVIC_EnableIRQ
                0x0000000000000918       0x1c zephyr/arch/arch/arm/core/cortex_m/libarch__arm__core__cortex_m.a(irq_manage.c.obj)
 .text.__NVIC_SetPriority
                0x0000000000000934       0x28 zephyr/arch/arch/arm/core/cortex_m/libarch__arm__core__cortex_m.a(irq_manage.c.obj)
 .text.relocate_vector_table
                0x000000000000095c       0x1c zephyr/arch/arch/arm/core/cortex_m/libarch__arm__core__cortex_m.a(prep_c.c.obj)
                0x000000000000095c                relocate_vector_table
 .text.arch_new_thread
                0x0000000000000978       0x44 zephyr/arch/arch/arm/core/cortex_m/libarch__arm__core__cortex_m.a(thread.c.obj)
                0x0000000000000978                arch_new_thread
 .text.arch_switch_to_main_thread
                0x00000000000009bc       0x3c zephyr/arch/arch/arm/core/cortex_m/libarch__arm__core__cortex_m.a(thread.c.obj)
                0x00000000000009bc                arch_switch_to_main_thread
 .text.z_arm_cpu_idle_init
                0x00000000000009f8        0xc zephyr/arch/arch/arm/core/cortex_m/libarch__arm__core__cortex_m.a(cpu_idle.c.obj)
                0x00000000000009f8                z_arm_cpu_idle_init
 .text._HandlerModeExit
                0x0000000000000a04       0x20 zephyr/arch/arch/arm/core/cortex_m/libarch__arm__core__cortex_m.a(exc_exit.c.obj)
                0x0000000000000a04                z_arm_exc_exit
                0x0000000000000a04                z_arm_int_exit
 .text.z_impl_k_thread_abort
                0x0000000000000a24       0x34 zephyr/arch/arch/arm/core/cortex_m/libarch__arm__core__cortex_m.a(thread_abort.c.obj)
                0x0000000000000a24                z_impl_k_thread_abort
 .text.z_arm_pendsv
                0x0000000000000a58       0x58 zephyr/arch/arch/arm/core/cortex_m/libarch__arm__core__cortex_m.a(swap_helper.S.obj)
                0x0000000000000a58                z_arm_pendsv
 .text.z_arm_interrupt_init
                0x0000000000000ab0       0x34 zephyr/arch/arch/arm/core/cortex_m/libarch__arm__core__cortex_m.a(irq_init.c.obj)
                0x0000000000000ab0                z_arm_interrupt_init
 .text._isr_wrapper
                0x0000000000000ae4       0x20 zephyr/arch/arch/arm/core/cortex_m/libarch__arm__core__cortex_m.a(isr_wrapper.c.obj)
                0x0000000000000ae4                _isr_wrapper
 .text.__aeabi_read_tp
                0x0000000000000b04        0xc zephyr/arch/arch/arm/core/cortex_m/libarch__arm__core__cortex_m.a(__aeabi_read_tp.S.obj)
                0x0000000000000b04                __aeabi_read_tp
 .text.z_impl_zephyr_fputc
                0x0000000000000b10       0x10 zephyr/lib/libc/picolibc/liblib__libc__picolibc.a(stdio.c.obj)
                0x0000000000000b10                z_impl_zephyr_fputc
 .text.__stdout_hook_install
                0x0000000000000b20       0x18 zephyr/lib/libc/picolibc/liblib__libc__picolibc.a(stdio.c.obj)
                0x0000000000000b20                __stdout_hook_install
 .text.malloc_prepare
                0x0000000000000b38       0x24 zephyr/lib/libc/common/liblib__libc__common.a(malloc.c.obj)
 .text.console_out
                0x0000000000000b5c       0x28 zephyr/drivers/console/libdrivers__console.a(uart_console.c.obj)
 .text.uart_console_hook_install
                0x0000000000000b84       0x18 zephyr/drivers/console/libdrivers__console.a(uart_console.c.obj)
 .text.uart_console_init
                0x0000000000000b9c       0x1c zephyr/drivers/console/libdrivers__console.a(uart_console.c.obj)
 .text.elapsed  0x0000000000000bb8       0x48 zephyr/drivers/timer/libdrivers__timer.a(cortex_m_systick.c.obj)
 .text.sys_clock_driver_init
                0x0000000000000c00       0x34 zephyr/drivers/timer/libdrivers__timer.a(cortex_m_systick.c.obj)
 .text.sys_clock_isr
                0x0000000000000c34       0x68 zephyr/drivers/timer/libdrivers__timer.a(cortex_m_systick.c.obj)
                0x0000000000000c34                sys_clock_isr
 .text.sys_clock_set_timeout
                0x0000000000000c9c      0x124 zephyr/drivers/timer/libdrivers__timer.a(cortex_m_systick.c.obj)
                0x0000000000000c9c                sys_clock_set_timeout
 .text.sys_clock_elapsed
                0x0000000000000dc0       0x40 zephyr/drivers/timer/libdrivers__timer.a(cortex_m_systick.c.obj)
                0x0000000000000dc0                sys_clock_elapsed
 .text.SystemInit
                0x0000000000000e00       0x38 modules/hal_ytmicro/lib..__modules__hal__ytmicro__zephyr.a(system_YTM32B1MC0.c.obj)
                0x0000000000000e00                SystemInit
 .text.CLOCK_SYS_DisableCmu
                0x0000000000000e38       0x10 modules/hal_ytmicro/lib..__modules__hal__ytmicro__zephyr.a(clock_YTM32B1Mx.c.obj)
 .text.CLOCK_SYS_ConfigureClkOut
                0x0000000000000e48       0x28 modules/hal_ytmicro/lib..__modules__hal__ytmicro__zephyr.a(clock_YTM32B1Mx.c.obj)
 .text.CLOCK_SYS_DisableClkOut
                0x0000000000000e70       0x10 modules/hal_ytmicro/lib..__modules__hal__ytmicro__zephyr.a(clock_YTM32B1Mx.c.obj)
 .text.CLOCK_SYS_SetDefaultCmuChannelConfiguration
                0x0000000000000e80       0x50 modules/hal_ytmicro/lib..__modules__hal__ytmicro__zephyr.a(clock_YTM32B1Mx.c.obj)
 .text.CLOCK_SYS_SetCmuChannelConfiguration
                0x0000000000000ed0       0x64 modules/hal_ytmicro/lib..__modules__hal__ytmicro__zephyr.a(clock_YTM32B1Mx.c.obj)
 .text.CLOCK_SYS_ConfigureSystemClock
                0x0000000000000f34       0x3c modules/hal_ytmicro/lib..__modules__hal__ytmicro__zephyr.a(clock_YTM32B1Mx.c.obj)
 .text.CLOCK_SCU_WaitDividerStable
                0x0000000000000f70       0x28 modules/hal_ytmicro/lib..__modules__hal__ytmicro__zephyr.a(clock_YTM32B1Mx.c.obj)
 .text.CLOCK_SYS_SetIpcConfiguration
                0x0000000000000f98       0x7c modules/hal_ytmicro/lib..__modules__hal__ytmicro__zephyr.a(clock_YTM32B1Mx.c.obj)
 .text.CLOCK_SYS_WaitFXOSCValid
                0x0000000000001014       0x64 modules/hal_ytmicro/lib..__modules__hal__ytmicro__zephyr.a(clock_YTM32B1Mx.c.obj)
                0x0000000000001014                CLOCK_SYS_WaitFXOSCValid
 .text.CLOCK_DRV_SetModuleClock
                0x0000000000001078       0x34 modules/hal_ytmicro/lib..__modules__hal__ytmicro__zephyr.a(clock_YTM32B1Mx.c.obj)
                0x0000000000001078                CLOCK_DRV_SetModuleClock
 .text.CLOCK_DRV_GetFreq
                0x00000000000010ac      0x154 modules/hal_ytmicro/lib..__modules__hal__ytmicro__zephyr.a(clock_YTM32B1Mx.c.obj)
                0x00000000000010ac                CLOCK_DRV_GetFreq
 .text.CLOCK_SYS_Init
                0x0000000000001200       0x18 modules/hal_ytmicro/lib..__modules__hal__ytmicro__zephyr.a(clock_YTM32B1Mx.c.obj)
                0x0000000000001200                CLOCK_SYS_Init
 .text.CLOCK_SYS_SetScuConfiguration
                0x0000000000001218      0x1e0 modules/hal_ytmicro/lib..__modules__hal__ytmicro__zephyr.a(clock_YTM32B1Mx.c.obj)
 .text.CLOCK_SYS_UpdateConfiguration
                0x00000000000013f8       0xf0 modules/hal_ytmicro/lib..__modules__hal__ytmicro__zephyr.a(clock_YTM32B1Mx.c.obj)
                0x00000000000013f8                CLOCK_SYS_UpdateConfiguration
 .text.DMA_DRV_StopChannel
                0x00000000000014e8       0x18 modules/hal_ytmicro/lib..__modules__hal__ytmicro__zephyr.a(dma_driver.c.obj)
                0x00000000000014e8                DMA_DRV_StopChannel
 .text.UART_DRV_CompleteSendDataUsingInt
                0x0000000000001500       0x54 modules/hal_ytmicro/lib..__modules__hal__ytmicro__zephyr.a(uart_driver.c.obj)
 .text.UART_DRV_StopTxDma
                0x0000000000001554       0x64 modules/hal_ytmicro/lib..__modules__hal__ytmicro__zephyr.a(uart_driver.c.obj)
 .text.UART_DRV_TxCompleteIrqHandler
                0x00000000000015b8       0x30 modules/hal_ytmicro/lib..__modules__hal__ytmicro__zephyr.a(uart_driver.c.obj)
 .text.UART_DRV_PutData
                0x00000000000015e8       0x44 modules/hal_ytmicro/lib..__modules__hal__ytmicro__zephyr.a(uart_driver.c.obj)
 .text.UART_DRV_TxEmptyIrqHandler
                0x000000000000162c       0x98 modules/hal_ytmicro/lib..__modules__hal__ytmicro__zephyr.a(uart_driver.c.obj)
 .text.UART_DRV_SetErrorInterrupts
                0x00000000000016c4       0x38 modules/hal_ytmicro/lib..__modules__hal__ytmicro__zephyr.a(uart_driver.c.obj)
 .text.UART_DRV_CompleteReceiveDataUsingInt
                0x00000000000016fc       0x60 modules/hal_ytmicro/lib..__modules__hal__ytmicro__zephyr.a(uart_driver.c.obj)
 .text.UART_DRV_StopRxDma
                0x000000000000175c       0x6c modules/hal_ytmicro/lib..__modules__hal__ytmicro__zephyr.a(uart_driver.c.obj)
 .text.UART_DRV_GetData
                0x00000000000017c8       0x68 modules/hal_ytmicro/lib..__modules__hal__ytmicro__zephyr.a(uart_driver.c.obj)
 .text.UART_DRV_RxIrqHandler
                0x0000000000001830       0x80 modules/hal_ytmicro/lib..__modules__hal__ytmicro__zephyr.a(uart_driver.c.obj)
 .text.UART_DRV_ErrIrqHandler
                0x00000000000018b0      0x14c modules/hal_ytmicro/lib..__modules__hal__ytmicro__zephyr.a(uart_driver.c.obj)
 .text.UART_DRV_SetBaudRate
                0x00000000000019fc       0xec modules/hal_ytmicro/lib..__modules__hal__ytmicro__zephyr.a(uart_driver.c.obj)
                0x00000000000019fc                UART_DRV_SetBaudRate
 .text.UART_DRV_SetLineIdleDetect
                0x0000000000001ae8       0x2c modules/hal_ytmicro/lib..__modules__hal__ytmicro__zephyr.a(uart_driver.c.obj)
                0x0000000000001ae8                UART_DRV_SetLineIdleDetect
 .text.UART_DRV_Init
                0x0000000000001b14       0xf4 modules/hal_ytmicro/lib..__modules__hal__ytmicro__zephyr.a(uart_driver.c.obj)
                0x0000000000001b14                UART_DRV_Init
 .text.UART_DRV_IRQHandler
                0x0000000000001c08       0x70 modules/hal_ytmicro/lib..__modules__hal__ytmicro__zephyr.a(uart_driver.c.obj)
                0x0000000000001c08                UART_DRV_IRQHandler
 .text.UART_Init
                0x0000000000001c78       0x20 modules/hal_ytmicro/lib..__modules__hal__ytmicro__zephyr.a(uart_hw_access.c.obj)
                0x0000000000001c78                UART_Init
 .text.uart_ytm32_init
                0x0000000000001c98       0xd0 modules/zephyr-ytm32-module/drivers/serial/lib..__zephyr-ytm32-module__drivers__serial.a(uart_ytm32.c.obj)
 .text.ytm32_find_module_clock
                0x0000000000001d68       0x50 modules/zephyr-ytm32-module/drivers/clock_control/lib..__zephyr-ytm32-module__drivers__clock_control.a(clock_control_ytm32.c.obj)
 .text.ytm32_clock_label
                0x0000000000001db8       0x1c modules/zephyr-ytm32-module/drivers/clock_control/lib..__zephyr-ytm32-module__drivers__clock_control.a(clock_control_ytm32.c.obj)
 .text.ytm32_refresh_system_rates
                0x0000000000001dd4       0x7c modules/zephyr-ytm32-module/drivers/clock_control/lib..__zephyr-ytm32-module__drivers__clock_control.a(clock_control_ytm32.c.obj)
 .text.clock_control_ytm32_get_rate
                0x0000000000001e50       0xc0 modules/zephyr-ytm32-module/drivers/clock_control/lib..__zephyr-ytm32-module__drivers__clock_control.a(clock_control_ytm32.c.obj)
 .text.clock_control_ytm32_init
                0x0000000000001f10       0x80 modules/zephyr-ytm32-module/drivers/clock_control/lib..__zephyr-ytm32-module__drivers__clock_control.a(clock_control_ytm32.c.obj)
 .text.pinctrl_ytm32_init
                0x0000000000001f90       0x9c modules/zephyr-ytm32-module/drivers/pinctrl/lib..__zephyr-ytm32-module__drivers__pinctrl.a(pinctrl_ytm32.c.obj)
 .text.pinctrl_configure_pins
                0x000000000000202c       0xfc modules/zephyr-ytm32-module/drivers/pinctrl/lib..__zephyr-ytm32-module__drivers__pinctrl.a(pinctrl_ytm32.c.obj)
                0x000000000000202c                pinctrl_configure_pins
 .text.__NVIC_EnableIRQ
                0x0000000000002128       0x1c modules/zephyr-ytm32-module/drivers/interrupt_controller/lib..__zephyr-ytm32-module__drivers__interrupt_controller.a(intc_ytm32.c.obj)
 .text.INT_SYS_EnableIRQGlobal
                0x0000000000002144       0x28 modules/zephyr-ytm32-module/drivers/interrupt_controller/lib..__zephyr-ytm32-module__drivers__interrupt_controller.a(intc_ytm32.c.obj)
                0x0000000000002144                INT_SYS_EnableIRQGlobal
 .text.INT_SYS_DisableIRQGlobal
                0x000000000000216c       0x2c modules/zephyr-ytm32-module/drivers/interrupt_controller/lib..__zephyr-ytm32-module__drivers__interrupt_controller.a(intc_ytm32.c.obj)
                0x000000000000216c                INT_SYS_DisableIRQGlobal
 .text.z_fatal_error
                0x0000000000002198       0x2c zephyr/kernel/libkernel.a(fatal.c.obj)
                0x0000000000002198                z_fatal_error
 .text.init_idle_thread
                0x00000000000021c4       0x5c zephyr/kernel/libkernel.a(init.c.obj)
 .text.z_sys_init_run_level
                0x0000000000002220       0x38 zephyr/kernel/libkernel.a(init.c.obj)
 .text.thread_schedule_new
                0x0000000000002258       0x1c zephyr/kernel/libkernel.a(init.c.obj)
 .text.z_init_static_threads
                0x0000000000002274       0x70 zephyr/kernel/libkernel.a(init.c.obj)
 .text.bg_thread_main
                0x00000000000022e4       0x34 zephyr/kernel/libkernel.a(init.c.obj)
 .text.switch_to_main_thread
                0x0000000000002318       0x14 zephyr/kernel/libkernel.a(init.c.obj)
 .text.z_init_cpu
                0x000000000000232c       0x40 zephyr/kernel/libkernel.a(init.c.obj)
                0x000000000000232c                z_init_cpu
 .text.prepare_multithreading
                0x000000000000236c       0x60 zephyr/kernel/libkernel.a(init.c.obj)
 .text.z_cstart
                0x00000000000023cc       0x64 zephyr/kernel/libkernel.a(init.c.obj)
                0x00000000000023cc                z_cstart
 .text.z_setup_new_thread
                0x0000000000002430       0xc4 zephyr/kernel/libkernel.a(thread.c.obj)
                0x0000000000002430                z_setup_new_thread
 .text.z_dummy_thread_init
                0x00000000000024f4       0x18 zephyr/kernel/libkernel.a(thread.c.obj)
                0x00000000000024f4                z_dummy_thread_init
 .text.z_swap_irqlock
                0x000000000000250c       0x34 zephyr/kernel/libkernel.a(sched.c.obj)
 .text.reschedule
                0x0000000000002540       0x2c zephyr/kernel/libkernel.a(sched.c.obj)
 .text.ready_thread
                0x000000000000256c       0xb4 zephyr/kernel/libkernel.a(sched.c.obj)
 .text.unready_thread
                0x0000000000002620       0x68 zephyr/kernel/libkernel.a(sched.c.obj)
 .text.thread_halt_spin
                0x0000000000002688      0x118 zephyr/kernel/libkernel.a(sched.c.obj)
 .text.move_current_to_end_of_prio_q
                0x00000000000027a0       0x8c zephyr/kernel/libkernel.a(sched.c.obj)
                0x00000000000027a0                move_current_to_end_of_prio_q
 .text.k_sched_lock
                0x000000000000282c       0x30 zephyr/kernel/libkernel.a(sched.c.obj)
                0x000000000000282c                k_sched_lock
 .text.k_sched_unlock
                0x000000000000285c       0x64 zephyr/kernel/libkernel.a(sched.c.obj)
                0x000000000000285c                k_sched_unlock
 .text.z_sched_init
                0x00000000000028c0       0x10 zephyr/kernel/libkernel.a(sched.c.obj)
                0x00000000000028c0                z_sched_init
 .text.z_impl_k_yield
                0x00000000000028d0       0xa0 zephyr/kernel/libkernel.a(sched.c.obj)
                0x00000000000028d0                z_impl_k_yield
 .text.z_tick_sleep
                0x0000000000002970       0x7c zephyr/kernel/libkernel.a(sched.c.obj)
 .text.z_impl_k_sleep
                0x00000000000029ec       0x78 zephyr/kernel/libkernel.a(sched.c.obj)
                0x00000000000029ec                z_impl_k_sleep
 .text.z_impl_k_wakeup
                0x0000000000002a64       0x48 zephyr/kernel/libkernel.a(sched.c.obj)
                0x0000000000002a64                z_impl_k_wakeup
 .text.z_impl_k_sched_current_thread_query
                0x0000000000002aac        0xc zephyr/kernel/libkernel.a(sched.c.obj)
                0x0000000000002aac                z_impl_k_sched_current_thread_query
 .text.z_thread_abort
                0x0000000000002ab8      0x16c zephyr/kernel/libkernel.a(sched.c.obj)
                0x0000000000002ab8                z_thread_abort
 .text.z_time_slice_size
                0x0000000000002c24       0x44 zephyr/kernel/libkernel.a(timeslicing.c.obj)
 .text.slice_timeout
                0x0000000000002c68       0x20 zephyr/kernel/libkernel.a(timeslicing.c.obj)
 .text.z_reset_time_slice
                0x0000000000002c88       0x44 zephyr/kernel/libkernel.a(timeslicing.c.obj)
                0x0000000000002c88                z_reset_time_slice
 .text.z_time_slice
                0x0000000000002ccc       0x70 zephyr/kernel/libkernel.a(timeslicing.c.obj)
                0x0000000000002ccc                z_time_slice
 .text.z_thread_monitor_exit
                0x0000000000002d3c       0x3c zephyr/kernel/libkernel.a(thread_monitor.c.obj)
                0x0000000000002d3c                z_thread_monitor_exit
 .text.first    0x0000000000002d78       0x14 zephyr/kernel/libkernel.a(timeout.c.obj)
 .text.next     0x0000000000002d8c       0x18 zephyr/kernel/libkernel.a(timeout.c.obj)
 .text.elapsed  0x0000000000002da4       0x18 zephyr/kernel/libkernel.a(timeout.c.obj)
 .text.z_add_timeout
                0x0000000000002dbc      0x134 zephyr/kernel/libkernel.a(timeout.c.obj)
                0x0000000000002dbc                z_add_timeout
 .text.sys_clock_announce
                0x0000000000002ef0       0xc4 zephyr/kernel/libkernel.a(timeout.c.obj)
                0x0000000000002ef0                sys_clock_announce
 .text.sys_clock_tick_get
                0x0000000000002fb4       0x40 zephyr/kernel/libkernel.a(timeout.c.obj)
                0x0000000000002fb4                sys_clock_tick_get
 .text.boot_banner
                0x0000000000002ff4       0x10 zephyr/kernel/libkernel.a(banner.c.obj)
                0x0000000000002ff4                boot_banner
 .text.__l_vfprintf
                0x0000000000003004      0x4b4 /root/zephyr-sdk-0.17.4/arm-zephyr-eabi/bin/../lib/gcc/../../picolibc/arm-zephyr-eabi/lib/thumb/v8-m.main/nofp/libc.a(libc_tinystdio_vflprintf.c.o)
                0x0000000000003004                __l_vfprintf
 .text._OffsetAbsSyms
                0x00000000000034b8        0x2 zephyr/CMakeFiles/offsets.dir/./arch/arm/core/offsets/offsets.c.obj
                0x00000000000034b8                _OffsetAbsSyms
 .text.free_list_add_bidx
                0x00000000000034ba       0x4e zephyr/libzephyr.a(heap.c.obj)
 .text.free_list_add
                0x0000000000003508       0x18 zephyr/libzephyr.a(heap.c.obj)
 .text.sys_heap_init
                0x0000000000003520       0x84 zephyr/libzephyr.a(heap.c.obj)
                0x0000000000003520                sys_heap_init
 .text.arch_printk_char_out
                0x00000000000035a4        0x4 zephyr/libzephyr.a(printk.c.obj)
                0x00000000000035a4                arch_printk_char_out
 .text.printk   0x00000000000035a8       0x1c zephyr/libzephyr.a(printk.c.obj)
                0x00000000000035a8                printk
 .text._ConfigAbsSyms
                0x00000000000035c4        0x2 zephyr/libzephyr.a(configs.c.obj)
                0x00000000000035c4                _ConfigAbsSyms
 .text.ytm32_divider_to_sys_div
                0x00000000000035c6       0x16 zephyr/libzephyr.a(soc.c.obj)
 .text.soc_early_init_hook
                0x00000000000035dc        0x8 zephyr/libzephyr.a(soc.c.obj)
                0x00000000000035dc                soc_early_init_hook
 .text.arch_early_memset
                0x00000000000035e4        0x8 zephyr/arch/common/libarch__common.a(init.c.obj)
                0x00000000000035e4                arch_early_memset
 .text.arch_early_memcpy
                0x00000000000035ec        0x8 zephyr/arch/common/libarch__common.a(init.c.obj)
                0x00000000000035ec                arch_early_memcpy
 .text.z_do_kernel_oops
                0x00000000000035f4        0xc zephyr/arch/arch/arm/core/libarch__arm__core.a(fatal.c.obj)
                0x00000000000035f4                z_do_kernel_oops
 .text.z_arm_nmi
                0x0000000000003600        0xc zephyr/arch/arch/arm/core/libarch__arm__core.a(nmi.c.obj)
                0x0000000000003600                z_arm_nmi
 .text.memory_fault_recoverable
                0x000000000000360c        0x4 zephyr/arch/arch/arm/core/cortex_m/libarch__arm__core__cortex_m.a(fault.c.obj)
 .text.fault_handle
                0x0000000000003610       0x4a zephyr/arch/arch/arm/core/cortex_m/libarch__arm__core__cortex_m.a(fault.c.obj)
 .text.arm_irq_enable
                0x000000000000365a        0xa zephyr/arch/arch/arm/core/cortex_m/libarch__arm__core__cortex_m.a(irq_manage.c.obj)
                0x000000000000365a                arm_irq_enable
 .text.arm_irq_priority_set
                0x0000000000003664        0xc zephyr/arch/arch/arm/core/cortex_m/libarch__arm__core__cortex_m.a(irq_manage.c.obj)
                0x0000000000003664                arm_irq_priority_set
 .text.z_irq_spurious
                0x0000000000003670        0xc zephyr/arch/arch/arm/core/cortex_m/libarch__arm__core__cortex_m.a(irq_manage.c.obj)
                0x0000000000003670                z_irq_spurious
 .text.z_prep_c
                0x000000000000367c       0x16 zephyr/arch/arch/arm/core/cortex_m/libarch__arm__core__cortex_m.a(prep_c.c.obj)
                0x000000000000367c                z_prep_c
 .text.arch_coprocessors_disable
                0x0000000000003692        0x6 zephyr/arch/arch/arm/core/cortex_m/libarch__arm__core__cortex_m.a(thread.c.obj)
                0x0000000000003692                arch_coprocessors_disable
 .text.arch_irq_unlock_outlined
                0x0000000000003698        0xe zephyr/arch/arch/arm/core/cortex_m/libarch__arm__core__cortex_m.a(thread.c.obj)
                0x0000000000003698                arch_irq_unlock_outlined
 .text.arch_cpu_idle
                0x00000000000036a6       0x1a zephyr/arch/arch/arm/core/cortex_m/libarch__arm__core__cortex_m.a(cpu_idle.c.obj)
                0x00000000000036a6                arch_cpu_idle
 .text.picolibc_put
                0x00000000000036c0        0xa zephyr/lib/libc/picolibc/liblib__libc__picolibc.a(stdio.c.obj)
 .text.pinctrl_lookup_state
                0x00000000000036ca       0x32 zephyr/drivers/pinctrl/libdrivers__pinctrl.a(common.c.obj)
                0x00000000000036ca                pinctrl_lookup_state
 .text.CLOCK_SYS_GetFreq
                0x00000000000036fc        0x8 modules/hal_ytmicro/lib..__modules__hal__ytmicro__zephyr.a(clock_YTM32B1Mx.c.obj)
                0x00000000000036fc                CLOCK_SYS_GetFreq
 .text.CLOCK_DRV_Init
                0x0000000000003704       0x18 modules/hal_ytmicro/lib..__modules__hal__ytmicro__zephyr.a(clock_YTM32B1Mx.c.obj)
                0x0000000000003704                CLOCK_DRV_Init
 .text.CLOCK_SYS_SetConfiguration
                0x000000000000371c        0x8 modules/hal_ytmicro/lib..__modules__hal__ytmicro__zephyr.a(clock_YTM32B1Mx.c.obj)
                0x000000000000371c                CLOCK_SYS_SetConfiguration
 .text.DMA_SetDmaRequestCmd
                0x0000000000003724       0x4a modules/hal_ytmicro/lib..__modules__hal__ytmicro__zephyr.a(dma_hw_access.c.obj)
                0x0000000000003724                DMA_SetDmaRequestCmd
 .text.PINS_DRV_Init
                0x000000000000376e       0x20 modules/hal_ytmicro/lib..__modules__hal__ytmicro__zephyr.a(pins_driver.c.obj)
                0x000000000000376e                PINS_DRV_Init
 .text.PINS_ConfigDigitalFilter
                0x000000000000378e       0x24 modules/hal_ytmicro/lib..__modules__hal__ytmicro__zephyr.a(pins_port_hw_access.c.obj)
 .text.PINS_Init
                0x00000000000037b2      0x12c modules/hal_ytmicro/lib..__modules__hal__ytmicro__zephyr.a(pins_port_hw_access.c.obj)
                0x00000000000037b2                PINS_Init
 .text.UART_SetTransmitterCmd
                0x00000000000038de       0x2c modules/hal_ytmicro/lib..__modules__hal__ytmicro__zephyr.a(uart_driver.c.obj)
 .text.UART_SetReceiverCmd
                0x000000000000390a       0x2c modules/hal_ytmicro/lib..__modules__hal__ytmicro__zephyr.a(uart_driver.c.obj)
 .text.UART_DRV_GetDefaultConfig
                0x0000000000003936       0x18 modules/hal_ytmicro/lib..__modules__hal__ytmicro__zephyr.a(uart_driver.c.obj)
                0x0000000000003936                UART_DRV_GetDefaultConfig
 .text.UART_SetBitCountPerChar
                0x000000000000394e       0x1a modules/hal_ytmicro/lib..__modules__hal__ytmicro__zephyr.a(uart_hw_access.c.obj)
                0x000000000000394e                UART_SetBitCountPerChar
 .text.UART_SetParityMode
                0x0000000000003968       0x1e modules/hal_ytmicro/lib..__modules__hal__ytmicro__zephyr.a(uart_hw_access.c.obj)
                0x0000000000003968                UART_SetParityMode
 .text.UART_Putchar9
                0x0000000000003986        0x4 modules/hal_ytmicro/lib..__modules__hal__ytmicro__zephyr.a(uart_hw_access.c.obj)
                0x0000000000003986                UART_Putchar9
 .text.UART_Putchar10
                0x000000000000398a        0x4 modules/hal_ytmicro/lib..__modules__hal__ytmicro__zephyr.a(uart_hw_access.c.obj)
                0x000000000000398a                UART_Putchar10
 .text.UART_Getchar7
                0x000000000000398e        0xa modules/hal_ytmicro/lib..__modules__hal__ytmicro__zephyr.a(uart_hw_access.c.obj)
                0x000000000000398e                UART_Getchar7
 .text.UART_Getchar8
                0x0000000000003998        0x6 modules/hal_ytmicro/lib..__modules__hal__ytmicro__zephyr.a(uart_hw_access.c.obj)
                0x0000000000003998                UART_Getchar8
 .text.UART_Getchar9
                0x000000000000399e        0xa modules/hal_ytmicro/lib..__modules__hal__ytmicro__zephyr.a(uart_hw_access.c.obj)
                0x000000000000399e                UART_Getchar9
 .text.UART_Getchar10
                0x00000000000039a8        0xa modules/hal_ytmicro/lib..__modules__hal__ytmicro__zephyr.a(uart_hw_access.c.obj)
                0x00000000000039a8                UART_Getchar10
 .text.UART_SetIntMode
                0x00000000000039b2       0x24 modules/hal_ytmicro/lib..__modules__hal__ytmicro__zephyr.a(uart_hw_access.c.obj)
                0x00000000000039b2                UART_SetIntMode
 .text.UART_GetIntMode
                0x00000000000039d6        0xc modules/hal_ytmicro/lib..__modules__hal__ytmicro__zephyr.a(uart_hw_access.c.obj)
                0x00000000000039d6                UART_GetIntMode
 .text.UART_GetStatusFlag
                0x00000000000039e2        0xc modules/hal_ytmicro/lib..__modules__hal__ytmicro__zephyr.a(uart_hw_access.c.obj)
                0x00000000000039e2                UART_GetStatusFlag
 .text.UART_ClearStatusFlag
                0x00000000000039ee        0x6 modules/hal_ytmicro/lib..__modules__hal__ytmicro__zephyr.a(uart_hw_access.c.obj)
                0x00000000000039ee                UART_ClearStatusFlag
 .text.UART_SetErrorInterrupts
                0x00000000000039f4       0x2e modules/hal_ytmicro/lib..__modules__hal__ytmicro__zephyr.a(uart_hw_access.c.obj)
                0x00000000000039f4                UART_SetErrorInterrupts
 .text.UART0_IrqHandler
                0x0000000000003a22        0xa modules/hal_ytmicro/lib..__modules__hal__ytmicro__zephyr.a(uart_irq.c.obj)
                0x0000000000003a22                UART0_IrqHandler
 .text.UART1_IrqHandler
                0x0000000000003a2c        0xa modules/hal_ytmicro/lib..__modules__hal__ytmicro__zephyr.a(uart_irq.c.obj)
                0x0000000000003a2c                UART1_IrqHandler
 .text.UART2_IrqHandler
                0x0000000000003a36        0xa modules/hal_ytmicro/lib..__modules__hal__ytmicro__zephyr.a(uart_irq.c.obj)
                0x0000000000003a36                UART2_IrqHandler
 .text.OSIF_SemaPost
                0x0000000000003a40       0x26 modules/hal_ytmicro/lib..__modules__hal__ytmicro__zephyr.a(osif_baremetal.c.obj)
                0x0000000000003a40                OSIF_SemaPost
 .text.OSIF_SemaCreate
                0x0000000000003a66       0x14 modules/hal_ytmicro/lib..__modules__hal__ytmicro__zephyr.a(osif_baremetal.c.obj)
                0x0000000000003a66                OSIF_SemaCreate
 .text.pinctrl_apply_state
                0x0000000000003a7a       0x20 modules/zephyr-ytm32-module/drivers/serial/lib..__zephyr-ytm32-module__drivers__serial.a(uart_ytm32.c.obj)
 .text.UART_SetTransmitterCmd
                0x0000000000003a9a       0x2c modules/zephyr-ytm32-module/drivers/serial/lib..__zephyr-ytm32-module__drivers__serial.a(uart_ytm32.c.obj)
 .text.UART_SetReceiverCmd
                0x0000000000003ac6       0x2c modules/zephyr-ytm32-module/drivers/serial/lib..__zephyr-ytm32-module__drivers__serial.a(uart_ytm32.c.obj)
 .text.uart_ytm32_recover_rx
                0x0000000000003af2       0x2e modules/zephyr-ytm32-module/drivers/serial/lib..__zephyr-ytm32-module__drivers__serial.a(uart_ytm32.c.obj)
 .text.uart_ytm32_poll_out
                0x0000000000003b20       0x18 modules/zephyr-ytm32-module/drivers/serial/lib..__zephyr-ytm32-module__drivers__serial.a(uart_ytm32.c.obj)
 .text.uart_ytm32_latch_errors
                0x0000000000003b38       0x72 modules/zephyr-ytm32-module/drivers/serial/lib..__zephyr-ytm32-module__drivers__serial.a(uart_ytm32.c.obj)
 .text.uart_ytm32_err_check
                0x0000000000003baa       0x20 modules/zephyr-ytm32-module/drivers/serial/lib..__zephyr-ytm32-module__drivers__serial.a(uart_ytm32.c.obj)
 .text.uart_ytm32_poll_in
                0x0000000000003bca       0x44 modules/zephyr-ytm32-module/drivers/serial/lib..__zephyr-ytm32-module__drivers__serial.a(uart_ytm32.c.obj)
 .text.ytm32_is_supported_module_source
                0x0000000000003c0e       0x1a modules/zephyr-ytm32-module/drivers/clock_control/lib..__zephyr-ytm32-module__drivers__clock_control.a(clock_control_ytm32.c.obj)
 .text.ytm32_validate_module_clock
                0x0000000000003c28       0x2c modules/zephyr-ytm32-module/drivers/clock_control/lib..__zephyr-ytm32-module__drivers__clock_control.a(clock_control_ytm32.c.obj)
 .text.ytm32_is_system_clock_id
                0x0000000000003c54        0xc modules/zephyr-ytm32-module/drivers/clock_control/lib..__zephyr-ytm32-module__drivers__clock_control.a(clock_control_ytm32.c.obj)
 .text.ytm32_query_clock_rate
                0x0000000000003c60       0x2e modules/zephyr-ytm32-module/drivers/clock_control/lib..__zephyr-ytm32-module__drivers__clock_control.a(clock_control_ytm32.c.obj)
 .text.ytm32_log_system_rate
                0x0000000000003c8e       0x30 modules/zephyr-ytm32-module/drivers/clock_control/lib..__zephyr-ytm32-module__drivers__clock_control.a(clock_control_ytm32.c.obj)
 .text.ytm32_module_clock_request
                0x0000000000003cbe       0xa2 modules/zephyr-ytm32-module/drivers/clock_control/lib..__zephyr-ytm32-module__drivers__clock_control.a(clock_control_ytm32.c.obj)
 .text.clock_control_ytm32_off
                0x0000000000003d60       0x48 modules/zephyr-ytm32-module/drivers/clock_control/lib..__zephyr-ytm32-module__drivers__clock_control.a(clock_control_ytm32.c.obj)
 .text.clock_control_ytm32_on
                0x0000000000003da8       0x3a modules/zephyr-ytm32-module/drivers/clock_control/lib..__zephyr-ytm32-module__drivers__clock_control.a(clock_control_ytm32.c.obj)
 .text.intc_ytm32_init
                0x0000000000003de2        0x4 modules/zephyr-ytm32-module/drivers/interrupt_controller/lib..__zephyr-ytm32-module__drivers__interrupt_controller.a(intc_ytm32.c.obj)
 .text.INT_SYS_InstallHandler
                0x0000000000003de6        0xa modules/zephyr-ytm32-module/drivers/interrupt_controller/lib..__zephyr-ytm32-module__drivers__interrupt_controller.a(intc_ytm32.c.obj)
                0x0000000000003de6                INT_SYS_InstallHandler
 .text.INT_SYS_EnableIRQ
                0x0000000000003df0        0x8 modules/zephyr-ytm32-module/drivers/interrupt_controller/lib..__zephyr-ytm32-module__drivers__interrupt_controller.a(intc_ytm32.c.obj)
                0x0000000000003df0                INT_SYS_EnableIRQ
 .text.sys_slist_remove
                0x0000000000003df8       0x26 modules/zephyr-ytm32-module/drivers/gpio/lib..__zephyr-ytm32-module__drivers__gpio.a(gpio_ytm32.c.obj)
 .text.sys_slist_find_and_remove
                0x0000000000003e1e       0x20 modules/zephyr-ytm32-module/drivers/gpio/lib..__zephyr-ytm32-module__drivers__gpio.a(gpio_ytm32.c.obj)
 .text.gpio_manage_callback
                0x0000000000003e3e       0x3e modules/zephyr-ytm32-module/drivers/gpio/lib..__zephyr-ytm32-module__drivers__gpio.a(gpio_ytm32.c.obj)
 .text.gpio_fire_callbacks
                0x0000000000003e7c       0x40 modules/zephyr-ytm32-module/drivers/gpio/lib..__zephyr-ytm32-module__drivers__gpio.a(gpio_ytm32.c.obj)
 .text.gpio_ytm32_configure
                0x0000000000003ebc       0xc4 modules/zephyr-ytm32-module/drivers/gpio/lib..__zephyr-ytm32-module__drivers__gpio.a(gpio_ytm32.c.obj)
 .text.gpio_ytm32_port_get_raw
                0x0000000000003f80        0xc modules/zephyr-ytm32-module/drivers/gpio/lib..__zephyr-ytm32-module__drivers__gpio.a(gpio_ytm32.c.obj)
 .text.gpio_ytm32_port_set_masked_raw
                0x0000000000003f8c       0x14 modules/zephyr-ytm32-module/drivers/gpio/lib..__zephyr-ytm32-module__drivers__gpio.a(gpio_ytm32.c.obj)
 .text.gpio_ytm32_port_set_bits_raw
                0x0000000000003fa0        0xa modules/zephyr-ytm32-module/drivers/gpio/lib..__zephyr-ytm32-module__drivers__gpio.a(gpio_ytm32.c.obj)
 .text.gpio_ytm32_port_clear_bits_raw
                0x0000000000003faa        0xa modules/zephyr-ytm32-module/drivers/gpio/lib..__zephyr-ytm32-module__drivers__gpio.a(gpio_ytm32.c.obj)
 .text.gpio_ytm32_port_toggle_bits
                0x0000000000003fb4        0xa modules/zephyr-ytm32-module/drivers/gpio/lib..__zephyr-ytm32-module__drivers__gpio.a(gpio_ytm32.c.obj)
 .text.gpio_ytm32_pin_interrupt_configure
                0x0000000000003fbe       0x82 modules/zephyr-ytm32-module/drivers/gpio/lib..__zephyr-ytm32-module__drivers__gpio.a(gpio_ytm32.c.obj)
 .text.gpio_ytm32_get_pending_int
                0x0000000000004040        0x8 modules/zephyr-ytm32-module/drivers/gpio/lib..__zephyr-ytm32-module__drivers__gpio.a(gpio_ytm32.c.obj)
 .text.gpio_ytm32_manage_callback
                0x0000000000004048        0xc modules/zephyr-ytm32-module/drivers/gpio/lib..__zephyr-ytm32-module__drivers__gpio.a(gpio_ytm32.c.obj)
 .text.gpio_ytm32_isr
                0x0000000000004054       0x16 modules/zephyr-ytm32-module/drivers/gpio/lib..__zephyr-ytm32-module__drivers__gpio.a(gpio_ytm32.c.obj)
 .text.gpio_ytm32_init
                0x000000000000406a       0x52 modules/zephyr-ytm32-module/drivers/gpio/lib..__zephyr-ytm32-module__drivers__gpio.a(gpio_ytm32.c.obj)
 .text.gpio_ytm32_irq_config_0
                0x00000000000040bc       0x14 modules/zephyr-ytm32-module/drivers/gpio/lib..__zephyr-ytm32-module__drivers__gpio.a(gpio_ytm32.c.obj)
 .text.do_device_init
                0x00000000000040d0       0x32 zephyr/kernel/libkernel.a(device.c.obj)
                0x00000000000040d0                do_device_init
 .text.z_impl_device_is_ready
                0x0000000000004102       0x20 zephyr/kernel/libkernel.a(device.c.obj)
                0x0000000000004102                z_impl_device_is_ready
 .text.arch_system_halt
                0x0000000000004122       0x10 zephyr/kernel/libkernel.a(fatal.c.obj)
                0x0000000000004122                arch_system_halt
 .text.k_sys_fatal_error_handler
                0x0000000000004132        0x6 zephyr/kernel/libkernel.a(fatal.c.obj)
                0x0000000000004132                k_sys_fatal_error_handler
 .text.idle     0x0000000000004138       0x16 zephyr/kernel/libkernel.a(idle.c.obj)
                0x0000000000004138                idle
 .text.arch_spin_relax
                0x000000000000414e        0x4 zephyr/kernel/libkernel.a(idle.c.obj)
                0x000000000000414e                arch_spin_relax
 .text.setup_thread_stack
                0x0000000000004152       0x1a zephyr/kernel/libkernel.a(thread.c.obj)
 .text.z_init_thread_base
                0x000000000000416c       0x16 zephyr/kernel/libkernel.a(thread.c.obj)
                0x000000000000416c                z_init_thread_base
 .text.thread_active_elsewhere
                0x0000000000004182        0x4 zephyr/kernel/libkernel.a(sched.c.obj)
 .text.add_to_waitq_locked
                0x0000000000004186       0x64 zephyr/kernel/libkernel.a(sched.c.obj)
 .text.z_abort_thread_timeout
                0x00000000000041ea        0xa zephyr/kernel/libkernel.a(sched.c.obj)
 .text.unpend_all
                0x00000000000041f4       0x46 zephyr/kernel/libkernel.a(sched.c.obj)
 .text.z_ready_thread
                0x000000000000423a       0x36 zephyr/kernel/libkernel.a(sched.c.obj)
                0x000000000000423a                z_ready_thread
 .text.z_sched_wake_thread_locked
                0x0000000000004270       0x34 zephyr/kernel/libkernel.a(sched.c.obj)
                0x0000000000004270                z_sched_wake_thread_locked
 .text.z_thread_timeout
                0x00000000000042a4       0x2e zephyr/kernel/libkernel.a(sched.c.obj)
                0x00000000000042a4                z_thread_timeout
 .text.init_ready_q
                0x00000000000042d2        0x8 zephyr/kernel/libkernel.a(sched.c.obj)
                0x00000000000042d2                init_ready_q
 .text.remove_timeout
                0x00000000000042da       0x2e zephyr/kernel/libkernel.a(timeout.c.obj)
 .text.next_timeout
                0x0000000000004308       0x36 zephyr/kernel/libkernel.a(timeout.c.obj)
 .text.z_abort_timeout
                0x000000000000433e       0x5e zephyr/kernel/libkernel.a(timeout.c.obj)
                0x000000000000433e                z_abort_timeout
 .text.sys_clock_tick_get_32
                0x000000000000439c        0x8 zephyr/kernel/libkernel.a(timeout.c.obj)
                0x000000000000439c                sys_clock_tick_get_32
 .text.memcpy   0x00000000000043a4       0x1a /root/zephyr-sdk-0.17.4/arm-zephyr-eabi/bin/../lib/gcc/../../picolibc/arm-zephyr-eabi/lib/thumb/v8-m.main/nofp/libc.a(memcpy.c.o)
                0x00000000000043a4                memcpy
                0x00000000000043a4                __aeabi_memcpy
                0x00000000000043a4                __aeabi_memcpy4
                0x00000000000043a4                __aeabi_memcpy8
 .text.memset   0x00000000000043be       0x10 /root/zephyr-sdk-0.17.4/arm-zephyr-eabi/bin/../lib/gcc/../../picolibc/arm-zephyr-eabi/lib/thumb/v8-m.main/nofp/libc.a(memset.c.o)
                0x00000000000043be                memset
 .text.strncpy  0x00000000000043ce       0x20 /root/zephyr-sdk-0.17.4/arm-zephyr-eabi/bin/../lib/gcc/../../picolibc/arm-zephyr-eabi/lib/thumb/v8-m.main/nofp/libc.a(libc_string_strncpy.c.o)
                0x00000000000043ce                strncpy
 .text.strnlen  0x00000000000043ee       0x18 /root/zephyr-sdk-0.17.4/arm-zephyr-eabi/bin/../lib/gcc/../../picolibc/arm-zephyr-eabi/lib/thumb/v8-m.main/nofp/libc.a(libc_string_strnlen.c.o)
                0x00000000000043ee                strnlen
 .text.__ultoa_invert
                0x0000000000004406       0xac /root/zephyr-sdk-0.17.4/arm-zephyr-eabi/bin/../lib/gcc/../../picolibc/arm-zephyr-eabi/lib/thumb/v8-m.main/nofp/libc.a(libc_tinystdio_vflprintf.c.o)
 *(SORT_BY_ALIGNMENT(.gnu.linkonce.t.*))
 *(SORT_BY_ALIGNMENT(.glue_7t))
 .glue_7t       0x00000000000044b2        0x0 linker stubs
 *(SORT_BY_ALIGNMENT(.glue_7))
 .glue_7        0x00000000000044b2        0x0 linker stubs
 *(SORT_BY_ALIGNMENT(.vfp11_veneer))
 .vfp11_veneer  0x00000000000044b2        0x0 linker stubs
 *(SORT_BY_ALIGNMENT(.v4_bx))
 .v4_bx         0x00000000000044b2        0x0 linker stubs
                0x00000000000044b4                . = ALIGN (0x4)
 *fill*         0x00000000000044b2        0x2 
                0x00000000000044b4                __text_region_end = .

.ARM.exidx      0x00000000000044b4        0x0
                0x00000000000044b4                __exidx_start = .
 *(SORT_BY_ALIGNMENT(.ARM.exidx*) SORT_BY_ALIGNMENT(gnu.linkonce.armexidx.*))
                0x00000000000044b4                __exidx_end = .
                0x00000000000044b4                __rodata_region_start = .

initlevel       0x00000000000044b4       0x40
                0x00000000000044b4                __init_start = .
                0x00000000000044b4                __init_EARLY_start = .
 *(SORT_BY_NAME(SORT_BY_ALIGNMENT(.z_init_EARLY_P_?_*)))
 *(SORT_BY_NAME(SORT_BY_ALIGNMENT(.z_init_EARLY_P_??_*)))
 *(SORT_BY_NAME(SORT_BY_ALIGNMENT(.z_init_EARLY_P_???_*)))
                0x00000000000044b4                __init_PRE_KERNEL_1_start = .
 *(SORT_BY_NAME(SORT_BY_ALIGNMENT(.z_init_PRE_KERNEL_1_P_?_*)))
 *(SORT_BY_NAME(SORT_BY_ALIGNMENT(.z_init_PRE_KERNEL_1_P_??_*)))
 .z_init_PRE_KERNEL_1_P_30_SUB_00005_
                0x00000000000044b4        0x8 modules/zephyr-ytm32-module/drivers/clock_control/lib..__zephyr-ytm32-module__drivers__clock_control.a(clock_control_ytm32.c.obj)
 .z_init_PRE_KERNEL_1_P_40_SUB_00008_
                0x00000000000044bc        0x8 modules/zephyr-ytm32-module/drivers/gpio/lib..__zephyr-ytm32-module__drivers__gpio.a(gpio_ytm32.c.obj)
 .z_init_PRE_KERNEL_1_P_40_SUB_0_
                0x00000000000044c4        0x8 modules/zephyr-ytm32-module/drivers/pinctrl/lib..__zephyr-ytm32-module__drivers__pinctrl.a(pinctrl_ytm32.c.obj)
 .z_init_PRE_KERNEL_1_P_40_SUB_0_
                0x00000000000044cc        0x8 modules/zephyr-ytm32-module/drivers/interrupt_controller/lib..__zephyr-ytm32-module__drivers__interrupt_controller.a(intc_ytm32.c.obj)
 .z_init_PRE_KERNEL_1_P_50_SUB_00027_
                0x00000000000044d4        0x8 modules/zephyr-ytm32-module/drivers/serial/lib..__zephyr-ytm32-module__drivers__serial.a(uart_ytm32.c.obj)
 .z_init_PRE_KERNEL_1_P_60_SUB_0_
                0x00000000000044dc        0x8 zephyr/drivers/console/libdrivers__console.a(uart_console.c.obj)
 *(SORT_BY_NAME(SORT_BY_ALIGNMENT(.z_init_PRE_KERNEL_1_P_???_*)))
                0x00000000000044e4                __init_PRE_KERNEL_2_start = .
 *(SORT_BY_NAME(SORT_BY_ALIGNMENT(.z_init_PRE_KERNEL_2_P_?_*)))
 .z_init_PRE_KERNEL_2_P_0_SUB_0_
                0x00000000000044e4        0x8 zephyr/drivers/timer/libdrivers__timer.a(cortex_m_systick.c.obj)
 *(SORT_BY_NAME(SORT_BY_ALIGNMENT(.z_init_PRE_KERNEL_2_P_??_*)))
 *(SORT_BY_NAME(SORT_BY_ALIGNMENT(.z_init_PRE_KERNEL_2_P_???_*)))
                0x00000000000044ec                __init_POST_KERNEL_start = .
 *(SORT_BY_NAME(SORT_BY_ALIGNMENT(.z_init_POST_KERNEL_P_?_*)))
 *(SORT_BY_NAME(SORT_BY_ALIGNMENT(.z_init_POST_KERNEL_P_??_*)))
 .z_init_POST_KERNEL_P_35_SUB_0_
                0x00000000000044ec        0x8 zephyr/lib/libc/common/liblib__libc__common.a(malloc.c.obj)
 *(SORT_BY_NAME(SORT_BY_ALIGNMENT(.z_init_POST_KERNEL_P_???_*)))
                0x00000000000044f4                __init_APPLICATION_start = .
 *(SORT_BY_NAME(SORT_BY_ALIGNMENT(.z_init_APPLICATION_P_?_*)))
 *(SORT_BY_NAME(SORT_BY_ALIGNMENT(.z_init_APPLICATION_P_??_*)))
 *(SORT_BY_NAME(SORT_BY_ALIGNMENT(.z_init_APPLICATION_P_???_*)))
                0x00000000000044f4                __init_SMP_start = .
 *(SORT_BY_NAME(SORT_BY_ALIGNMENT(.z_init_SMP_P_?_*)))
 *(SORT_BY_NAME(SORT_BY_ALIGNMENT(.z_init_SMP_P_??_*)))
 *(SORT_BY_NAME(SORT_BY_ALIGNMENT(.z_init_SMP_P_???_*)))
                0x00000000000044f4                __init_end = .

device_area     0x00000000000044f4       0x54
                0x00000000000044f4                _device_list_start = .
 *(SORT_BY_NAME(SORT_BY_ALIGNMENT(._device.static.*_?_*)))
 *(SORT_BY_NAME(SORT_BY_ALIGNMENT(._device.static.*_??_*)))
 ._device.static.1_30_
                0x00000000000044f4       0x1c modules/zephyr-ytm32-module/drivers/clock_control/lib..__zephyr-ytm32-module__drivers__clock_control.a(clock_control_ytm32.c.obj)
                0x00000000000044f4                __device_dts_ord_5
 ._device.static.1_40_
                0x0000000000004510       0x1c modules/zephyr-ytm32-module/drivers/gpio/lib..__zephyr-ytm32-module__drivers__gpio.a(gpio_ytm32.c.obj)
                0x0000000000004510                __device_dts_ord_8
 ._device.static.1_50_
                0x000000000000452c       0x1c modules/zephyr-ytm32-module/drivers/serial/lib..__zephyr-ytm32-module__drivers__serial.a(uart_ytm32.c.obj)
                0x000000000000452c                __device_dts_ord_27
 *(SORT_BY_NAME(SORT_BY_ALIGNMENT(._device.static.*_???_*)))
 *(SORT_BY_NAME(SORT_BY_ALIGNMENT(._device.static.*_????_*)))
 *(SORT_BY_NAME(SORT_BY_ALIGNMENT(._device.static.*_?????_*)))
                0x0000000000004548                _device_list_end = .

sw_isr_table    0x0000000000004548      0x260
                0x0000000000004548                . = ALIGN (0x4)
 *(SORT_BY_ALIGNMENT(.gnu.linkonce.sw_isr_table*))
 .gnu.linkonce.sw_isr_table
                0x0000000000004548      0x260 zephyr/CMakeFiles/zephyr_final.dir/isr_tables.c.obj
                0x0000000000004548                _sw_isr_table

initlevel_error
                0x00000000000044b4        0x0
 *(SORT_BY_NAME(SORT_BY_ALIGNMENT(.z_init_*)))
                0x0000000000000001                ASSERT ((SIZEOF (initlevel_error) == 0x0), Undefined initialization levels used.)

app_shmem_regions
                0x00000000000047a8        0x0
                0x00000000000047a8                __app_shmem_regions_start = .
 *(SORT_BY_NAME(SORT_BY_ALIGNMENT(.app_regions.*)))
                0x00000000000047a8                __app_shmem_regions_end = .

k_p4wq_initparam_area
                0x00000000000047a8        0x0
                0x00000000000047a8                _k_p4wq_initparam_list_start = .
 *(SORT_BY_NAME(SORT_BY_ALIGNMENT(._k_p4wq_initparam.static.*)))
                0x00000000000047a8                _k_p4wq_initparam_list_end = .

_static_thread_data_area
                0x00000000000047a8        0x0
                0x00000000000047a8                __static_thread_data_list_start = .
 *(SORT_BY_NAME(SORT_BY_ALIGNMENT(.__static_thread_data.static.*)))
                0x00000000000047a8                __static_thread_data_list_end = .

device_deps     0x00000000000047a8        0x0
                0x00000000000047a8                __device_deps_start = .
 *(SORT_BY_NAME(SORT_BY_ALIGNMENT(.__device_deps_pass2*)))
                0x00000000000047a8                __device_deps_end = .

gpio_driver_api_area
                0x00000000000047a8       0x24
                0x00000000000047a8                _gpio_driver_api_list_start = .
 *(SORT_BY_NAME(SORT_BY_ALIGNMENT(._gpio_driver_api.static.*)))
 ._gpio_driver_api.static.gpio_ytm32_api_
                0x00000000000047a8       0x24 modules/zephyr-ytm32-module/drivers/gpio/lib..__zephyr-ytm32-module__drivers__gpio.a(gpio_ytm32.c.obj)
                0x00000000000047cc                _gpio_driver_api_list_end = .

shared_irq_driver_api_area
                0x00000000000047cc        0x0
                0x00000000000047cc                _shared_irq_driver_api_list_start = .
 *(SORT_BY_NAME(SORT_BY_ALIGNMENT(._shared_irq_driver_api.static.*)))
                0x00000000000047cc                _shared_irq_driver_api_list_end = .

crypto_driver_api_area
                0x00000000000047cc        0x0
                0x00000000000047cc                _crypto_driver_api_list_start = .
 *(SORT_BY_NAME(SORT_BY_ALIGNMENT(._crypto_driver_api.static.*)))
                0x00000000000047cc                _crypto_driver_api_list_end = .

adc_driver_api_area
                0x00000000000047cc        0x0
                0x00000000000047cc                _adc_driver_api_list_start = .
 *(SORT_BY_NAME(SORT_BY_ALIGNMENT(._adc_driver_api.static.*)))
                0x00000000000047cc                _adc_driver_api_list_end = .

auxdisplay_driver_api_area
                0x00000000000047cc        0x0
                0x00000000000047cc                _auxdisplay_driver_api_list_start = .
 *(SORT_BY_NAME(SORT_BY_ALIGNMENT(._auxdisplay_driver_api.static.*)))
                0x00000000000047cc                _auxdisplay_driver_api_list_end = .

bbram_driver_api_area
                0x00000000000047cc        0x0
                0x00000000000047cc                _bbram_driver_api_list_start = .
 *(SORT_BY_NAME(SORT_BY_ALIGNMENT(._bbram_driver_api.static.*)))
                0x00000000000047cc                _bbram_driver_api_list_end = .

biometric_driver_api_area
                0x00000000000047cc        0x0
                0x00000000000047cc                _biometric_driver_api_list_start = .
 *(SORT_BY_NAME(SORT_BY_ALIGNMENT(._biometric_driver_api.static.*)))
                0x00000000000047cc                _biometric_driver_api_list_end = .

bt_hci_driver_api_area
                0x00000000000047cc        0x0
                0x00000000000047cc                _bt_hci_driver_api_list_start = .
 *(SORT_BY_NAME(SORT_BY_ALIGNMENT(._bt_hci_driver_api.static.*)))
                0x00000000000047cc                _bt_hci_driver_api_list_end = .

can_driver_api_area
                0x00000000000047cc        0x0
                0x00000000000047cc                _can_driver_api_list_start = .
 *(SORT_BY_NAME(SORT_BY_ALIGNMENT(._can_driver_api.static.*)))
                0x00000000000047cc                _can_driver_api_list_end = .

cellular_driver_api_area
                0x00000000000047cc        0x0
                0x00000000000047cc                _cellular_driver_api_list_start = .
 *(SORT_BY_NAME(SORT_BY_ALIGNMENT(._cellular_driver_api.static.*)))
                0x00000000000047cc                _cellular_driver_api_list_end = .

charger_driver_api_area
                0x00000000000047cc        0x0
                0x00000000000047cc                _charger_driver_api_list_start = .
 *(SORT_BY_NAME(SORT_BY_ALIGNMENT(._charger_driver_api.static.*)))
                0x00000000000047cc                _charger_driver_api_list_end = .

clock_control_driver_api_area
                0x00000000000047cc        0x0
                0x00000000000047cc                _clock_control_driver_api_list_start = .
 *(SORT_BY_NAME(SORT_BY_ALIGNMENT(._clock_control_driver_api.static.*)))
                0x00000000000047cc                _clock_control_driver_api_list_end = .

comparator_driver_api_area
                0x00000000000047cc        0x0
                0x00000000000047cc                _comparator_driver_api_list_start = .
 *(SORT_BY_NAME(SORT_BY_ALIGNMENT(._comparator_driver_api.static.*)))
                0x00000000000047cc                _comparator_driver_api_list_end = .

coredump_driver_api_area
                0x00000000000047cc        0x0
                0x00000000000047cc                _coredump_driver_api_list_start = .
 *(SORT_BY_NAME(SORT_BY_ALIGNMENT(._coredump_driver_api.static.*)))
                0x00000000000047cc                _coredump_driver_api_list_end = .

counter_driver_api_area
                0x00000000000047cc        0x0
                0x00000000000047cc                _counter_driver_api_list_start = .
 *(SORT_BY_NAME(SORT_BY_ALIGNMENT(._counter_driver_api.static.*)))
                0x00000000000047cc                _counter_driver_api_list_end = .

crc_driver_api_area
                0x00000000000047cc        0x0
                0x00000000000047cc                _crc_driver_api_list_start = .
 *(SORT_BY_NAME(SORT_BY_ALIGNMENT(._crc_driver_api.static.*)))
                0x00000000000047cc                _crc_driver_api_list_end = .

dac_driver_api_area
                0x00000000000047cc        0x0
                0x00000000000047cc                _dac_driver_api_list_start = .
 *(SORT_BY_NAME(SORT_BY_ALIGNMENT(._dac_driver_api.static.*)))
                0x00000000000047cc                _dac_driver_api_list_end = .

dai_driver_api_area
                0x00000000000047cc        0x0
                0x00000000000047cc                _dai_driver_api_list_start = .
 *(SORT_BY_NAME(SORT_BY_ALIGNMENT(._dai_driver_api.static.*)))
                0x00000000000047cc                _dai_driver_api_list_end = .

display_driver_api_area
                0x00000000000047cc        0x0
                0x00000000000047cc                _display_driver_api_list_start = .
 *(SORT_BY_NAME(SORT_BY_ALIGNMENT(._display_driver_api.static.*)))
                0x00000000000047cc                _display_driver_api_list_end = .

dma_driver_api_area
                0x00000000000047cc        0x0
                0x00000000000047cc                _dma_driver_api_list_start = .
 *(SORT_BY_NAME(SORT_BY_ALIGNMENT(._dma_driver_api.static.*)))
                0x00000000000047cc                _dma_driver_api_list_end = .

edac_driver_api_area
                0x00000000000047cc        0x0
                0x00000000000047cc                _edac_driver_api_list_start = .
 *(SORT_BY_NAME(SORT_BY_ALIGNMENT(._edac_driver_api.static.*)))
                0x00000000000047cc                _edac_driver_api_list_end = .

eeprom_driver_api_area
                0x00000000000047cc        0x0
                0x00000000000047cc                _eeprom_driver_api_list_start = .
 *(SORT_BY_NAME(SORT_BY_ALIGNMENT(._eeprom_driver_api.static.*)))
                0x00000000000047cc                _eeprom_driver_api_list_end = .

emul_bbram_driver_api_area
                0x00000000000047cc        0x0
                0x00000000000047cc                _emul_bbram_driver_api_list_start = .
 *(SORT_BY_NAME(SORT_BY_ALIGNMENT(._emul_bbram_driver_api.static.*)))
                0x00000000000047cc                _emul_bbram_driver_api_list_end = .

fuel_gauge_emul_driver_api_area
                0x00000000000047cc        0x0
                0x00000000000047cc                _fuel_gauge_emul_driver_api_list_start = .
 *(SORT_BY_NAME(SORT_BY_ALIGNMENT(._fuel_gauge_emul_driver_api.static.*)))
                0x00000000000047cc                _fuel_gauge_emul_driver_api_list_end = .

emul_sensor_driver_api_area
                0x00000000000047cc        0x0
                0x00000000000047cc                _emul_sensor_driver_api_list_start = .
 *(SORT_BY_NAME(SORT_BY_ALIGNMENT(._emul_sensor_driver_api.static.*)))
                0x00000000000047cc                _emul_sensor_driver_api_list_end = .

entropy_driver_api_area
                0x00000000000047cc        0x0
                0x00000000000047cc                _entropy_driver_api_list_start = .
 *(SORT_BY_NAME(SORT_BY_ALIGNMENT(._entropy_driver_api.static.*)))
                0x00000000000047cc                _entropy_driver_api_list_end = .

espi_driver_api_area
                0x00000000000047cc        0x0
                0x00000000000047cc                _espi_driver_api_list_start = .
 *(SORT_BY_NAME(SORT_BY_ALIGNMENT(._espi_driver_api.static.*)))
                0x00000000000047cc                _espi_driver_api_list_end = .

espi_saf_driver_api_area
                0x00000000000047cc        0x0
                0x00000000000047cc                _espi_saf_driver_api_list_start = .
 *(SORT_BY_NAME(SORT_BY_ALIGNMENT(._espi_saf_driver_api.static.*)))
                0x00000000000047cc                _espi_saf_driver_api_list_end = .

flash_driver_api_area
                0x00000000000047cc        0x0
                0x00000000000047cc                _flash_driver_api_list_start = .
 *(SORT_BY_NAME(SORT_BY_ALIGNMENT(._flash_driver_api.static.*)))
                0x00000000000047cc                _flash_driver_api_list_end = .

fpga_driver_api_area
                0x00000000000047cc        0x0
                0x00000000000047cc                _fpga_driver_api_list_start = .
 *(SORT_BY_NAME(SORT_BY_ALIGNMENT(._fpga_driver_api.static.*)))
                0x00000000000047cc                _fpga_driver_api_list_end = .

fuel_gauge_driver_api_area
                0x00000000000047cc        0x0
                0x00000000000047cc                _fuel_gauge_driver_api_list_start = .
 *(SORT_BY_NAME(SORT_BY_ALIGNMENT(._fuel_gauge_driver_api.static.*)))
                0x00000000000047cc                _fuel_gauge_driver_api_list_end = .

gnss_driver_api_area
                0x00000000000047cc        0x0
                0x00000000000047cc                _gnss_driver_api_list_start = .
 *(SORT_BY_NAME(SORT_BY_ALIGNMENT(._gnss_driver_api.static.*)))
                0x00000000000047cc                _gnss_driver_api_list_end = .

haptics_driver_api_area
                0x00000000000047cc        0x0
                0x00000000000047cc                _haptics_driver_api_list_start = .
 *(SORT_BY_NAME(SORT_BY_ALIGNMENT(._haptics_driver_api.static.*)))
                0x00000000000047cc                _haptics_driver_api_list_end = .

hwspinlock_driver_api_area
                0x00000000000047cc        0x0
                0x00000000000047cc                _hwspinlock_driver_api_list_start = .
 *(SORT_BY_NAME(SORT_BY_ALIGNMENT(._hwspinlock_driver_api.static.*)))
                0x00000000000047cc                _hwspinlock_driver_api_list_end = .

i2c_driver_api_area
                0x00000000000047cc        0x0
                0x00000000000047cc                _i2c_driver_api_list_start = .
 *(SORT_BY_NAME(SORT_BY_ALIGNMENT(._i2c_driver_api.static.*)))
                0x00000000000047cc                _i2c_driver_api_list_end = .

i2c_target_driver_api_area
                0x00000000000047cc        0x0
                0x00000000000047cc                _i2c_target_driver_api_list_start = .
 *(SORT_BY_NAME(SORT_BY_ALIGNMENT(._i2c_target_driver_api.static.*)))
                0x00000000000047cc                _i2c_target_driver_api_list_end = .

i2s_driver_api_area
                0x00000000000047cc        0x0
                0x00000000000047cc                _i2s_driver_api_list_start = .
 *(SORT_BY_NAME(SORT_BY_ALIGNMENT(._i2s_driver_api.static.*)))
                0x00000000000047cc                _i2s_driver_api_list_end = .

i3c_driver_api_area
                0x00000000000047cc        0x0
                0x00000000000047cc                _i3c_driver_api_list_start = .
 *(SORT_BY_NAME(SORT_BY_ALIGNMENT(._i3c_driver_api.static.*)))
                0x00000000000047cc                _i3c_driver_api_list_end = .

ipm_driver_api_area
                0x00000000000047cc        0x0
                0x00000000000047cc                _ipm_driver_api_list_start = .
 *(SORT_BY_NAME(SORT_BY_ALIGNMENT(._ipm_driver_api.static.*)))
                0x00000000000047cc                _ipm_driver_api_list_end = .

led_driver_api_area
                0x00000000000047cc        0x0
                0x00000000000047cc                _led_driver_api_list_start = .
 *(SORT_BY_NAME(SORT_BY_ALIGNMENT(._led_driver_api.static.*)))
                0x00000000000047cc                _led_driver_api_list_end = .

led_strip_driver_api_area
                0x00000000000047cc        0x0
                0x00000000000047cc                _led_strip_driver_api_list_start = .
 *(SORT_BY_NAME(SORT_BY_ALIGNMENT(._led_strip_driver_api.static.*)))
                0x00000000000047cc                _led_strip_driver_api_list_end = .

lora_driver_api_area
                0x00000000000047cc        0x0
                0x00000000000047cc                _lora_driver_api_list_start = .
 *(SORT_BY_NAME(SORT_BY_ALIGNMENT(._lora_driver_api.static.*)))
                0x00000000000047cc                _lora_driver_api_list_end = .

mbox_driver_api_area
                0x00000000000047cc        0x0
                0x00000000000047cc                _mbox_driver_api_list_start = .
 *(SORT_BY_NAME(SORT_BY_ALIGNMENT(._mbox_driver_api.static.*)))
                0x00000000000047cc                _mbox_driver_api_list_end = .

mdio_driver_api_area
                0x00000000000047cc        0x0
                0x00000000000047cc                _mdio_driver_api_list_start = .
 *(SORT_BY_NAME(SORT_BY_ALIGNMENT(._mdio_driver_api.static.*)))
                0x00000000000047cc                _mdio_driver_api_list_end = .

mipi_dbi_driver_api_area
                0x00000000000047cc        0x0
                0x00000000000047cc                _mipi_dbi_driver_api_list_start = .
 *(SORT_BY_NAME(SORT_BY_ALIGNMENT(._mipi_dbi_driver_api.static.*)))
                0x00000000000047cc                _mipi_dbi_driver_api_list_end = .

mipi_dsi_driver_api_area
                0x00000000000047cc        0x0
                0x00000000000047cc                _mipi_dsi_driver_api_list_start = .
 *(SORT_BY_NAME(SORT_BY_ALIGNMENT(._mipi_dsi_driver_api.static.*)))
                0x00000000000047cc                _mipi_dsi_driver_api_list_end = .

mspi_driver_api_area
                0x00000000000047cc        0x0
                0x00000000000047cc                _mspi_driver_api_list_start = .
 *(SORT_BY_NAME(SORT_BY_ALIGNMENT(._mspi_driver_api.static.*)))
                0x00000000000047cc                _mspi_driver_api_list_end = .

opamp_driver_api_area
                0x00000000000047cc        0x0
                0x00000000000047cc                _opamp_driver_api_list_start = .
 *(SORT_BY_NAME(SORT_BY_ALIGNMENT(._opamp_driver_api.static.*)))
                0x00000000000047cc                _opamp_driver_api_list_end = .

otp_driver_api_area
                0x00000000000047cc        0x0
                0x00000000000047cc                _otp_driver_api_list_start = .
 *(SORT_BY_NAME(SORT_BY_ALIGNMENT(._otp_driver_api.static.*)))
                0x00000000000047cc                _otp_driver_api_list_end = .

peci_driver_api_area
                0x00000000000047cc        0x0
                0x00000000000047cc                _peci_driver_api_list_start = .
 *(SORT_BY_NAME(SORT_BY_ALIGNMENT(._peci_driver_api.static.*)))
                0x00000000000047cc                _peci_driver_api_list_end = .

ps2_driver_api_area
                0x00000000000047cc        0x0
                0x00000000000047cc                _ps2_driver_api_list_start = .
 *(SORT_BY_NAME(SORT_BY_ALIGNMENT(._ps2_driver_api.static.*)))
                0x00000000000047cc                _ps2_driver_api_list_end = .

ptp_clock_driver_api_area
                0x00000000000047cc        0x0
                0x00000000000047cc                _ptp_clock_driver_api_list_start = .
 *(SORT_BY_NAME(SORT_BY_ALIGNMENT(._ptp_clock_driver_api.static.*)))
                0x00000000000047cc                _ptp_clock_driver_api_list_end = .

pwm_driver_api_area
                0x00000000000047cc        0x0
                0x00000000000047cc                _pwm_driver_api_list_start = .
 *(SORT_BY_NAME(SORT_BY_ALIGNMENT(._pwm_driver_api.static.*)))
                0x00000000000047cc                _pwm_driver_api_list_end = .

regulator_parent_driver_api_area
                0x00000000000047cc        0x0
                0x00000000000047cc                _regulator_parent_driver_api_list_start = .
 *(SORT_BY_NAME(SORT_BY_ALIGNMENT(._regulator_parent_driver_api.static.*)))
                0x00000000000047cc                _regulator_parent_driver_api_list_end = .

regulator_driver_api_area
                0x00000000000047cc        0x0
                0x00000000000047cc                _regulator_driver_api_list_start = .
 *(SORT_BY_NAME(SORT_BY_ALIGNMENT(._regulator_driver_api.static.*)))
                0x00000000000047cc                _regulator_driver_api_list_end = .

reset_driver_api_area
                0x00000000000047cc        0x0
                0x00000000000047cc                _reset_driver_api_list_start = .
 *(SORT_BY_NAME(SORT_BY_ALIGNMENT(._reset_driver_api.static.*)))
                0x00000000000047cc                _reset_driver_api_list_end = .

retained_mem_driver_api_area
                0x00000000000047cc        0x0
                0x00000000000047cc                _retained_mem_driver_api_list_start = .
 *(SORT_BY_NAME(SORT_BY_ALIGNMENT(._retained_mem_driver_api.static.*)))
                0x00000000000047cc                _retained_mem_driver_api_list_end = .

rtc_driver_api_area
                0x00000000000047cc        0x0
                0x00000000000047cc                _rtc_driver_api_list_start = .
 *(SORT_BY_NAME(SORT_BY_ALIGNMENT(._rtc_driver_api.static.*)))
                0x00000000000047cc                _rtc_driver_api_list_end = .

sdhc_driver_api_area
                0x00000000000047cc        0x0
                0x00000000000047cc                _sdhc_driver_api_list_start = .
 *(SORT_BY_NAME(SORT_BY_ALIGNMENT(._sdhc_driver_api.static.*)))
                0x00000000000047cc                _sdhc_driver_api_list_end = .

sensor_driver_api_area
                0x00000000000047cc        0x0
                0x00000000000047cc                _sensor_driver_api_list_start = .
 *(SORT_BY_NAME(SORT_BY_ALIGNMENT(._sensor_driver_api.static.*)))
                0x00000000000047cc                _sensor_driver_api_list_end = .

smbus_driver_api_area
                0x00000000000047cc        0x0
                0x00000000000047cc                _smbus_driver_api_list_start = .
 *(SORT_BY_NAME(SORT_BY_ALIGNMENT(._smbus_driver_api.static.*)))
                0x00000000000047cc                _smbus_driver_api_list_end = .

spi_driver_api_area
                0x00000000000047cc        0x0
                0x00000000000047cc                _spi_driver_api_list_start = .
 *(SORT_BY_NAME(SORT_BY_ALIGNMENT(._spi_driver_api.static.*)))
                0x00000000000047cc                _spi_driver_api_list_end = .

syscon_driver_api_area
                0x00000000000047cc        0x0
                0x00000000000047cc                _syscon_driver_api_list_start = .
 *(SORT_BY_NAME(SORT_BY_ALIGNMENT(._syscon_driver_api.static.*)))
                0x00000000000047cc                _syscon_driver_api_list_end = .

tee_driver_api_area
                0x00000000000047cc        0x0
                0x00000000000047cc                _tee_driver_api_list_start = .
 *(SORT_BY_NAME(SORT_BY_ALIGNMENT(._tee_driver_api.static.*)))
                0x00000000000047cc                _tee_driver_api_list_end = .

uaol_driver_api_area
                0x00000000000047cc        0x0
                0x00000000000047cc                _uaol_driver_api_list_start = .
 *(SORT_BY_NAME(SORT_BY_ALIGNMENT(._uaol_driver_api.static.*)))
                0x00000000000047cc                _uaol_driver_api_list_end = .

video_driver_api_area
                0x00000000000047cc        0x0
                0x00000000000047cc                _video_driver_api_list_start = .
 *(SORT_BY_NAME(SORT_BY_ALIGNMENT(._video_driver_api.static.*)))
                0x00000000000047cc                _video_driver_api_list_end = .

virtio_driver_api_area
                0x00000000000047cc        0x0
                0x00000000000047cc                _virtio_driver_api_list_start = .
 *(SORT_BY_NAME(SORT_BY_ALIGNMENT(._virtio_driver_api.static.*)))
                0x00000000000047cc                _virtio_driver_api_list_end = .

w1_driver_api_area
                0x00000000000047cc        0x0
                0x00000000000047cc                _w1_driver_api_list_start = .
 *(SORT_BY_NAME(SORT_BY_ALIGNMENT(._w1_driver_api.static.*)))
                0x00000000000047cc                _w1_driver_api_list_end = .

wdt_driver_api_area
                0x00000000000047cc        0x0
                0x00000000000047cc                _wdt_driver_api_list_start = .
 *(SORT_BY_NAME(SORT_BY_ALIGNMENT(._wdt_driver_api.static.*)))
                0x00000000000047cc                _wdt_driver_api_list_end = .

wuc_driver_api_area
                0x00000000000047cc        0x0
                0x00000000000047cc                _wuc_driver_api_list_start = .
 *(SORT_BY_NAME(SORT_BY_ALIGNMENT(._wuc_driver_api.static.*)))
                0x00000000000047cc                _wuc_driver_api_list_end = .

can_transceiver_driver_api_area
                0x00000000000047cc        0x0
                0x00000000000047cc                _can_transceiver_driver_api_list_start = .
 *(SORT_BY_NAME(SORT_BY_ALIGNMENT(._can_transceiver_driver_api.static.*)))
                0x00000000000047cc                _can_transceiver_driver_api_list_end = .

nrf_clock_control_driver_api_area
                0x00000000000047cc        0x0
                0x00000000000047cc                _nrf_clock_control_driver_api_list_start = .
 *(SORT_BY_NAME(SORT_BY_ALIGNMENT(._nrf_clock_control_driver_api.static.*)))
                0x00000000000047cc                _nrf_clock_control_driver_api_list_end = .

i3c_target_driver_api_area
                0x00000000000047cc        0x0
                0x00000000000047cc                _i3c_target_driver_api_list_start = .
 *(SORT_BY_NAME(SORT_BY_ALIGNMENT(._i3c_target_driver_api.static.*)))
                0x00000000000047cc                _i3c_target_driver_api_list_end = .

its_driver_api_area
                0x00000000000047cc        0x0
                0x00000000000047cc                _its_driver_api_list_start = .
 *(SORT_BY_NAME(SORT_BY_ALIGNMENT(._its_driver_api.static.*)))
                0x00000000000047cc                _its_driver_api_list_end = .

vtd_driver_api_area
                0x00000000000047cc        0x0
                0x00000000000047cc                _vtd_driver_api_list_start = .
 *(SORT_BY_NAME(SORT_BY_ALIGNMENT(._vtd_driver_api.static.*)))
                0x00000000000047cc                _vtd_driver_api_list_end = .

renesas_elc_driver_api_area
                0x00000000000047cc        0x0
                0x00000000000047cc                _renesas_elc_driver_api_list_start = .
 *(SORT_BY_NAME(SORT_BY_ALIGNMENT(._renesas_elc_driver_api.static.*)))
                0x00000000000047cc                _renesas_elc_driver_api_list_end = .

tgpio_driver_api_area
                0x00000000000047cc        0x0
                0x00000000000047cc                _tgpio_driver_api_list_start = .
 *(SORT_BY_NAME(SORT_BY_ALIGNMENT(._tgpio_driver_api.static.*)))
                0x00000000000047cc                _tgpio_driver_api_list_end = .

pcie_ctrl_driver_api_area
                0x00000000000047cc        0x0
                0x00000000000047cc                _pcie_ctrl_driver_api_list_start = .
 *(SORT_BY_NAME(SORT_BY_ALIGNMENT(._pcie_ctrl_driver_api.static.*)))
                0x00000000000047cc                _pcie_ctrl_driver_api_list_end = .

pcie_ep_driver_api_area
                0x00000000000047cc        0x0
                0x00000000000047cc                _pcie_ep_driver_api_list_start = .
 *(SORT_BY_NAME(SORT_BY_ALIGNMENT(._pcie_ep_driver_api.static.*)))
                0x00000000000047cc                _pcie_ep_driver_api_list_end = .

psi5_driver_api_area
                0x00000000000047cc        0x0
                0x00000000000047cc                _psi5_driver_api_list_start = .
 *(SORT_BY_NAME(SORT_BY_ALIGNMENT(._psi5_driver_api.static.*)))
                0x00000000000047cc                _psi5_driver_api_list_end = .

sent_driver_api_area
                0x00000000000047cc        0x0
                0x00000000000047cc                _sent_driver_api_list_start = .
 *(SORT_BY_NAME(SORT_BY_ALIGNMENT(._sent_driver_api.static.*)))
                0x00000000000047cc                _sent_driver_api_list_end = .

svc_driver_api_area
                0x00000000000047cc        0x0
                0x00000000000047cc                _svc_driver_api_list_start = .
 *(SORT_BY_NAME(SORT_BY_ALIGNMENT(._svc_driver_api.static.*)))
                0x00000000000047cc                _svc_driver_api_list_end = .

stepper_driver_api_area
                0x00000000000047cc        0x0
                0x00000000000047cc                _stepper_driver_api_list_start = .
 *(SORT_BY_NAME(SORT_BY_ALIGNMENT(._stepper_driver_api.static.*)))
                0x00000000000047cc                _stepper_driver_api_list_end = .

stepper_ctrl_driver_api_area
                0x00000000000047cc        0x0
                0x00000000000047cc                _stepper_ctrl_driver_api_list_start = .
 *(SORT_BY_NAME(SORT_BY_ALIGNMENT(._stepper_ctrl_driver_api.static.*)))
                0x00000000000047cc                _stepper_ctrl_driver_api_list_end = .

uart_driver_api_area
                0x00000000000047cc        0x0
                0x00000000000047cc                _uart_driver_api_list_start = .
 *(SORT_BY_NAME(SORT_BY_ALIGNMENT(._uart_driver_api.static.*)))
                0x00000000000047cc                _uart_driver_api_list_end = .

bc12_emul_driver_api_area
                0x00000000000047cc        0x0
                0x00000000000047cc                _bc12_emul_driver_api_list_start = .
 *(SORT_BY_NAME(SORT_BY_ALIGNMENT(._bc12_emul_driver_api.static.*)))
                0x00000000000047cc                _bc12_emul_driver_api_list_end = .

bc12_driver_api_area
                0x00000000000047cc        0x0
                0x00000000000047cc                _bc12_driver_api_list_start = .
 *(SORT_BY_NAME(SORT_BY_ALIGNMENT(._bc12_driver_api.static.*)))
                0x00000000000047cc                _bc12_driver_api_list_end = .

usbc_ppc_driver_api_area
                0x00000000000047cc        0x0
                0x00000000000047cc                _usbc_ppc_driver_api_list_start = .
 *(SORT_BY_NAME(SORT_BY_ALIGNMENT(._usbc_ppc_driver_api.static.*)))
                0x00000000000047cc                _usbc_ppc_driver_api_list_end = .

tcpc_driver_api_area
                0x00000000000047cc        0x0
                0x00000000000047cc                _tcpc_driver_api_list_start = .
 *(SORT_BY_NAME(SORT_BY_ALIGNMENT(._tcpc_driver_api.static.*)))
                0x00000000000047cc                _tcpc_driver_api_list_end = .

usbc_vbus_driver_api_area
                0x00000000000047cc        0x0
                0x00000000000047cc                _usbc_vbus_driver_api_list_start = .
 *(SORT_BY_NAME(SORT_BY_ALIGNMENT(._usbc_vbus_driver_api.static.*)))
                0x00000000000047cc                _usbc_vbus_driver_api_list_end = .

ivshmem_driver_api_area
                0x00000000000047cc        0x0
                0x00000000000047cc                _ivshmem_driver_api_list_start = .
 *(SORT_BY_NAME(SORT_BY_ALIGNMENT(._ivshmem_driver_api.static.*)))
                0x00000000000047cc                _ivshmem_driver_api_list_end = .

ethphy_driver_api_area
                0x00000000000047cc        0x0
                0x00000000000047cc                _ethphy_driver_api_list_start = .
 *(SORT_BY_NAME(SORT_BY_ALIGNMENT(._ethphy_driver_api.static.*)))
                0x00000000000047cc                _ethphy_driver_api_list_end = .

ztest           0x00000000000047cc        0x0
                0x00000000000047cc                _ztest_expected_result_entry_list_start = .
 *(SORT_BY_NAME(SORT_BY_ALIGNMENT(._ztest_expected_result_entry.static.*)))
                0x00000000000047cc                _ztest_expected_result_entry_list_end = .
                0x00000000000047cc                _ztest_suite_node_list_start = .
 *(SORT_BY_NAME(SORT_BY_ALIGNMENT(._ztest_suite_node.static.*)))
                0x00000000000047cc                _ztest_suite_node_list_end = .
                0x00000000000047cc                _ztest_unit_test_list_start = .
 *(SORT_BY_NAME(SORT_BY_ALIGNMENT(._ztest_unit_test.static.*)))
                0x00000000000047cc                _ztest_unit_test_list_end = .
                0x00000000000047cc                _ztest_test_rule_list_start = .
 *(SORT_BY_NAME(SORT_BY_ALIGNMENT(._ztest_test_rule.static.*)))
                0x00000000000047cc                _ztest_test_rule_list_end = .

init_array      0x00000000000047cc        0x0
                0x00000000000047cc                __zephyr_init_array_start = .
 *(SORT_BY_INIT_PRIORITY(.init_array.*) SORT_BY_INIT_PRIORITY(.ctors.*))
 *(SORT_BY_ALIGNMENT(.init_array) SORT_BY_ALIGNMENT(.ctors))
                0x00000000000047cc                __zephyr_init_array_end = .
                0x0000000000000001                ASSERT ((__zephyr_init_array_start == __zephyr_init_array_end), GNU-style constructors required but STATIC_INIT_GNU not enabled)

bt_l2cap_fixed_chan_area
                0x00000000000047cc        0x0
                0x00000000000047cc                _bt_l2cap_fixed_chan_list_start = .
 *(SORT_BY_NAME(SORT_BY_ALIGNMENT(._bt_l2cap_fixed_chan.static.*)))
                0x00000000000047cc                _bt_l2cap_fixed_chan_list_end = .

bt_gatt_service_static_area
                0x00000000000047cc        0x0
                0x00000000000047cc                _bt_gatt_service_static_list_start = .
 *(SORT_BY_NAME(SORT_BY_ALIGNMENT(._bt_gatt_service_static.static.*)))
                0x00000000000047cc                _bt_gatt_service_static_list_end = .

log_strings_area
                0x00000000000047cc        0x0
                0x00000000000047cc                _log_strings_list_start = .
 *(SORT_BY_NAME(SORT_BY_ALIGNMENT(._log_strings.static.*)))
                0x00000000000047cc                _log_strings_list_end = .

log_stmesp_ptr_area
                0x00000000000047cc        0x0
                0x00000000000047cc                _log_stmesp_ptr_list_start = .
 *(SORT_BY_NAME(SORT_BY_ALIGNMENT(._log_stmesp_ptr.static.*)))
                0x00000000000047cc                _log_stmesp_ptr_list_end = .

log_stmesp_str_area
                0x00000000000047cc        0x0
                0x00000000000047cc                _log_stmesp_str_list_start = .
 *(SORT_BY_NAME(SORT_BY_ALIGNMENT(._log_stmesp_str.static.*)))
                0x00000000000047cc                _log_stmesp_str_list_end = .

log_const_area  0x00000000000047cc        0x0
                0x00000000000047cc                _log_const_list_start = .
 *(SORT_BY_NAME(SORT_BY_ALIGNMENT(._log_const.static.*)))
                0x00000000000047cc                _log_const_list_end = .

log_backend_area
                0x00000000000047cc        0x0
                0x00000000000047cc                _log_backend_list_start = .
 *(SORT_BY_NAME(SORT_BY_ALIGNMENT(._log_backend.static.*)))
                0x00000000000047cc                _log_backend_list_end = .

log_link_area   0x00000000000047cc        0x0
                0x00000000000047cc                _log_link_list_start = .
 *(SORT_BY_NAME(SORT_BY_ALIGNMENT(._log_link.static.*)))
                0x00000000000047cc                _log_link_list_end = .

tracing_backend_area
                0x00000000000047cc        0x0
                0x00000000000047cc                _tracing_backend_list_start = .
 *(SORT_BY_NAME(SORT_BY_ALIGNMENT(._tracing_backend.static.*)))
                0x00000000000047cc                _tracing_backend_list_end = .

zephyr_dbg_info
                0x00000000000047cc       0x44
 *(SORT_BY_ALIGNMENT(.dbg_thread_info))
 .dbg_thread_info
                0x00000000000047cc       0x44 zephyr/libzephyr.a(thread_info.c.obj)
                0x00000000000047cc                _kernel_openocd_size_t_size
                0x00000000000047cc                _kernel_thread_info_size_t_size
                0x00000000000047d0                _kernel_thread_info_num_offsets
                0x00000000000047d0                _kernel_openocd_num_offsets
                0x00000000000047d4                _kernel_thread_info_offsets
                0x00000000000047d4                _kernel_openocd_offsets

intc_table_area
                0x0000000000004810        0x0
                0x0000000000004810                _intc_table_list_start = .
 *(SORT_BY_NAME(SORT_BY_ALIGNMENT(._intc_table.static.*)))
                0x0000000000004810                _intc_table_list_end = .

symbol_to_keep  0x0000000000004810        0x0
                0x0000000000004810                __symbol_to_keep_start = .
 *(SORT_BY_NAME(SORT_BY_ALIGNMENT(.symbol_to_keep*)))
                0x0000000000004810                __symbol_to_keep_end = .

shell_area      0x0000000000004810        0x0
                0x0000000000004810                _shell_list_start = .
 *(SORT_BY_NAME(SORT_BY_ALIGNMENT(._shell.static.*)))
                0x0000000000004810                _shell_list_end = .

shell_root_cmds_area
                0x0000000000004810        0x0
                0x0000000000004810                _shell_root_cmds_list_start = .
 *(SORT_BY_NAME(SORT_BY_ALIGNMENT(._shell_root_cmds.static.*)))
                0x0000000000004810                _shell_root_cmds_list_end = .

shell_subcmds_area
                0x0000000000004810        0x0
                0x0000000000004810                _shell_subcmds_list_start = .
 *(SORT_BY_NAME(SORT_BY_ALIGNMENT(._shell_subcmds.static.*)))
                0x0000000000004810                _shell_subcmds_list_end = .

shell_dynamic_subcmds_area
                0x0000000000004810        0x0
                0x0000000000004810                _shell_dynamic_subcmds_list_start = .
 *(SORT_BY_NAME(SORT_BY_ALIGNMENT(._shell_dynamic_subcmds.static.*)))
                0x0000000000004810                _shell_dynamic_subcmds_list_end = .

cfb_font_area   0x0000000000004810        0x0
                0x0000000000004810                _cfb_font_list_start = .
 *(SORT_BY_NAME(SORT_BY_ALIGNMENT(._cfb_font.static.*)))
                0x0000000000004810                _cfb_font_list_end = .

tdata           0x0000000000004810        0x0
 *(SORT_BY_ALIGNMENT(.tdata) SORT_BY_ALIGNMENT(.tdata.*) SORT_BY_ALIGNMENT(.gnu.linkonce.td.*))

tbss            0x0000000000004810        0x4
 *(SORT_BY_ALIGNMENT(.tbss) SORT_BY_ALIGNMENT(.tbss.*) SORT_BY_ALIGNMENT(.gnu.linkonce.tb.*) SORT_BY_ALIGNMENT(.tcommon))
 .tbss.z_tls_current
                0x0000000000004810        0x4 zephyr/libzephyr.a(thread_entry.c.obj)
                0x0000000000004810                z_tls_current
                0x0000000000004810                PROVIDE (__tdata_start = LOADADDR (tdata))
                0x0000000000000001                PROVIDE (__tdata_align = ALIGNOF (tdata))
                0x0000000000000000                PROVIDE (__tdata_size = (((SIZEOF (tdata) + __tdata_align) - 0x1) & ~ ((__tdata_align - 0x1))))
                [!provide]                        PROVIDE (__tdata_end = (__tdata_start + __tdata_size))
                0x0000000000000004                PROVIDE (__tbss_align = ALIGNOF (tbss))
                [!provide]                        PROVIDE (__tbss_start = ADDR (tbss))
                0x0000000000000004                PROVIDE (__tbss_size = (((SIZEOF (tbss) + __tbss_align) - 0x1) & ~ ((__tbss_align - 0x1))))
                [!provide]                        PROVIDE (__tbss_end = (__tbss_start + __tbss_size))
                [!provide]                        PROVIDE (__tls_start = __tdata_start)
                [!provide]                        PROVIDE (__tls_end = __tbss_end)
                [!provide]                        PROVIDE (__tls_size = (__tbss_end - __tdata_start))

rodata          0x0000000000004810      0x8b0
 *(SORT_BY_ALIGNMENT(.rodata))
 *(SORT_BY_ALIGNMENT(.rodata.*))
 .rodata.main.str1.4
                0x0000000000004810       0x7f app/libapp.a(main.c.obj)
 *fill*         0x000000000000488f        0x1 
 .rodata.ytm32_cmu_config
                0x0000000000004890       0x10 zephyr/libzephyr.a(soc.c.obj)
 .rodata.esf_dump.str1.4
                0x00000000000048a0       0x9f zephyr/arch/arch/arm/core/libarch__arm__core.a(fatal.c.obj)
 *fill*         0x000000000000493f        0x1 
 .rodata.z_arm_fatal_error.str1.4
                0x0000000000004940       0x14 zephyr/arch/arch/arm/core/libarch__arm__core.a(fatal.c.obj)
 .rodata.get_esf.str1.4
                0x0000000000004954       0x2c zephyr/arch/arch/arm/core/cortex_m/libarch__arm__core__cortex_m.a(fault.c.obj)
 .rodata.mem_manage_fault.str1.4
                0x0000000000004980       0xb4 zephyr/arch/arch/arm/core/cortex_m/libarch__arm__core__cortex_m.a(fault.c.obj)
 .rodata.bus_fault.str1.4
                0x0000000000004a34       0x95 zephyr/arch/arch/arm/core/cortex_m/libarch__arm__core__cortex_m.a(fault.c.obj)
 *fill*         0x0000000000004ac9        0x3 
 .rodata.usage_fault.str1.4
                0x0000000000004acc      0x108 zephyr/arch/arch/arm/core/cortex_m/libarch__arm__core__cortex_m.a(fault.c.obj)
 .rodata.hard_fault.str1.4
                0x0000000000004bd4       0x89 zephyr/arch/arch/arm/core/cortex_m/libarch__arm__core__cortex_m.a(fault.c.obj)
 *fill*         0x0000000000004c5d        0x3 
 .rodata.debug_monitor.str1.4
                0x0000000000004c60       0x25 zephyr/arch/arch/arm/core/cortex_m/libarch__arm__core__cortex_m.a(fault.c.obj)
 *fill*         0x0000000000004c85        0x3 
 .rodata.reserved_exception.str1.4
                0x0000000000004c88       0x48 zephyr/arch/arch/arm/core/cortex_m/libarch__arm__core__cortex_m.a(fault.c.obj)
 .rodata.clockNameMappings