Archive member included to satisfy reference by file (symbol)

app/libapp.a(main.c.obj)      (--whole-archive)
zephyr/libzephyr.a(validate_libc.c.obj)
                              (--whole-archive)
zephyr/libzephyr.a(heap.c.obj)
                              (--whole-archive)
zephyr/libzephyr.a(cbprintf_packaged.c.obj)
                              (--whole-archive)
zephyr/libzephyr.a(clock.c.obj)
                              (--whole-archive)
zephyr/libzephyr.a(printk.c.obj)
                              (--whole-archive)
zephyr/libzephyr.a(sem.c.obj)
                              (--whole-archive)
zephyr/libzephyr.a(thread_entry.c.obj)
                              (--whole-archive)
zephyr/libzephyr.a(cbprintf_complete.c.obj)
                              (--whole-archive)
zephyr/libzephyr.a(assert.c.obj)
                              (--whole-archive)
zephyr/libzephyr.a(dec.c.obj)
                              (--whole-archive)
zephyr/libzephyr.a(hex.c.obj)
                              (--whole-archive)
zephyr/libzephyr.a(rb.c.obj)  (--whole-archive)
zephyr/libzephyr.a(timeutil.c.obj)
                              (--whole-archive)
zephyr/libzephyr.a(bitarray.c.obj)
                              (--whole-archive)
zephyr/libzephyr.a(bitmask.c.obj)
                              (--whole-archive)
zephyr/libzephyr.a(getopt.c.obj)
                              (--whole-archive)
zephyr/libzephyr.a(getopt_common.c.obj)
                              (--whole-archive)
zephyr/libzephyr.a(ring_buffer.c.obj)
                              (--whole-archive)
zephyr/libzephyr.a(last_section_id.c.obj)
                              (--whole-archive)
zephyr/libzephyr.a(configs.c.obj)
                              (--whole-archive)
zephyr/libzephyr.a(soc.c.obj)
                              (--whole-archive)
zephyr/libzephyr.a(soc_reset.S.obj)
                              (--whole-archive)
zephyr/libzephyr.a(tracing_none.c.obj)
                              (--whole-archive)
zephyr/arch/common/libarch__common.a(sw_isr_common.c.obj)
                              (--whole-archive)
zephyr/arch/common/libarch__common.a(init.c.obj)
                              (--whole-archive)
zephyr/arch/common/libarch__common.a(xip.c.obj)
                              (--whole-archive)
zephyr/arch/arch/arm/core/libarch__arm__core.a(fatal.c.obj)
                              (--whole-archive)
zephyr/arch/arch/arm/core/libarch__arm__core.a(nmi.c.obj)
                              (--whole-archive)
zephyr/arch/arch/arm/core/libarch__arm__core.a(nmi_on_reset.S.obj)
                              (--whole-archive)
zephyr/arch/arch/arm/core/libarch__arm__core.a(tls.c.obj)
                              (--whole-archive)
zephyr/arch/arch/arm/core/cortex_m/libarch__arm__core__cortex_m.a(exc_exit.c.obj)
                              (--whole-archive)
zephyr/arch/arch/arm/core/cortex_m/libarch__arm__core__cortex_m.a(fault.c.obj)
                              (--whole-archive)
zephyr/arch/arch/arm/core/cortex_m/libarch__arm__core__cortex_m.a(fault_s.S.obj)
                              (--whole-archive)
zephyr/arch/arch/arm/core/cortex_m/libarch__arm__core__cortex_m.a(fpu.c.obj)
                              (--whole-archive)
zephyr/arch/arch/arm/core/cortex_m/libarch__arm__core__cortex_m.a(reset.S.obj)
                              (--whole-archive)
zephyr/arch/arch/arm/core/cortex_m/libarch__arm__core__cortex_m.a(scb.c.obj)
                              (--whole-archive)
zephyr/arch/arch/arm/core/cortex_m/libarch__arm__core__cortex_m.a(thread_abort.c.obj)
                              (--whole-archive)
zephyr/arch/arch/arm/core/cortex_m/libarch__arm__core__cortex_m.a(vector_table.S.obj)
                              (--whole-archive)
zephyr/arch/arch/arm/core/cortex_m/libarch__arm__core__cortex_m.a(swap_helper.S.obj)
                              (--whole-archive)
zephyr/arch/arch/arm/core/cortex_m/libarch__arm__core__cortex_m.a(irq_manage.c.obj)
                              (--whole-archive)
zephyr/arch/arch/arm/core/cortex_m/libarch__arm__core__cortex_m.a(prep_c.c.obj)
                              (--whole-archive)
zephyr/arch/arch/arm/core/cortex_m/libarch__arm__core__cortex_m.a(thread.c.obj)
                              (--whole-archive)
zephyr/arch/arch/arm/core/cortex_m/libarch__arm__core__cortex_m.a(cpu_idle.c.obj)
                              (--whole-archive)
zephyr/arch/arch/arm/core/cortex_m/libarch__arm__core__cortex_m.a(irq_init.c.obj)
                              (--whole-archive)
zephyr/arch/arch/arm/core/cortex_m/libarch__arm__core__cortex_m.a(isr_wrapper.c.obj)
                              (--whole-archive)
zephyr/arch/arch/arm/core/cortex_m/libarch__arm__core__cortex_m.a(__aeabi_read_tp.S.obj)
                              (--whole-archive)
zephyr/arch/arch/arm/core/cortex_m/cmse/libarch__arm__core__cortex_m__cmse.a(arm_core_cmse.c.obj)
                              (--whole-archive)
[...]
Memory Configuration

Name             Origin             Length             Attributes
FLASH            0x0000000000000000 0x0000000000040000 xr
RAM              0x0000000020000000 0x0000000000008000 xw
IDT_LIST         0x00000000ffff7fff 0x0000000000008000 xw
*default*        0x0000000000000000 0xffffffffffffffff

Linker script and memory map

                0x0000000000002a70                vfprintf = __l_vfprintf
                0x0000000000000000                vfscanf = __l_vfscanf
LOAD zephyr/CMakeFiles/zephyr_pre0.dir/misc/empty_file.c.obj
LOAD zephyr/CMakeFiles/offsets.dir/./arch/arm/core/offsets/offsets.c.obj
LOAD zephyr/CMakeFiles/offsets.dir/./lib/heap/heap_constants.c.obj
LOAD app/libapp.a
LOAD zephyr/libzephyr.a
LOAD zephyr/arch/common/libarch__common.a
LOAD zephyr/arch/arch/arm/core/libarch__arm__core.a
LOAD zephyr/arch/arch/arm/core/cortex_m/libarch__arm__core__cortex_m.a
LOAD zephyr/arch/arch/arm/core/cortex_m/cmse/libarch__arm__core__cortex_m__cmse.a
LOAD zephyr/lib/libc/picolibc/liblib__libc__picolibc.a
LOAD zephyr/lib/libc/common/liblib__libc__common.a
LOAD zephyr/lib/posix/c_lib_ext/liblib__posix__c_lib_ext.a
LOAD zephyr/drivers/console/libdrivers__console.a
LOAD zephyr/drivers/pinctrl/libdrivers__pinctrl.a
LOAD zephyr/drivers/timer/libdrivers__timer.a
LOAD modules/hal_ytmicro/lib..__modules__hal__ytmicro__zephyr.a
LOAD modules/zephyr-ytm32-module/drivers/serial/lib..__zephyr-ytm32-module__drivers__serial.a
LOAD modules/zephyr-ytm32-module/drivers/clock_control/lib..__zephyr-ytm32-module__drivers__clock_control.a
LOAD modules/zephyr-ytm32-module/drivers/pinctrl/lib..__zephyr-ytm32-module__drivers__pinctrl.a
LOAD modules/zephyr-ytm32-module/drivers/interrupt_controller/lib..__zephyr-ytm32-module__drivers__interrupt_controller.a
LOAD modules/zephyr-ytm32-module/drivers/gpio/lib..__zephyr-ytm32-module__drivers__gpio.a
LOAD zephyr/kernel/libkernel.a
LOAD zephyr/arch/common/libisr_tables.a
LOAD c:\users\jinyi\zephyr-sdk-0.17.4\arm-zephyr-eabi\bin\../lib/gcc/../../picolibc/arm-zephyr-eabi/lib/thumb/v8-m.main/nofp\libc.a
LOAD c:/users/jinyi/zephyr-sdk-0.17.4/arm-zephyr-eabi/bin/../lib/gcc/arm-zephyr-eabi/12.2.0/thumb/v8-m.main/nofp\libgcc.a
                0x0000000000000004                _region_min_align = 0x4

.rel.plt        0x0000000000000000        0x0
 *(SORT_BY_ALIGNMENT(.rel.plt))
                [!provide]                        PROVIDE (__rel_iplt_start = .)
 *(SORT_BY_ALIGNMENT(.rel.iplt))
 .rel.iplt      0x0000000000000000        0x0 app/libapp.a(main.c.obj)
                [!provide]                        PROVIDE (__rel_iplt_end = .)

.rela.plt       0x0000000000000000        0x0
 *(SORT_BY_ALIGNMENT(.rela.plt))
                [!provide]                        PROVIDE (__rela_iplt_start = .)
 *(SORT_BY_ALIGNMENT(.rela.iplt))
                [!provide]                        PROVIDE (__rela_iplt_end = .)

.rel.dyn
 *(SORT_BY_ALIGNMENT(.rel.*))

.rela.dyn
 *(SORT_BY_ALIGNMENT(.rela.*))

/DISCARD/
 *(SORT_BY_ALIGNMENT(.plt))

/DISCARD/
 *(SORT_BY_ALIGNMENT(.iplt))
                0x0000000000000000                __rom_region_start = 0x0

rom_start       0x0000000000000000      0x170
                0x0000000000000000                __rom_start_address = .
 FILL mask 0x00
                0x0000000000000000                . = (. + (0x0 - (. - __rom_start_address)))
                0x0000000000000000                . = ALIGN (0x4)
                0x0000000000000000                . = ALIGN (0x80)
                0x0000000000000000                . = ALIGN (0x200)
                0x0000000000000000                _vector_start = .
 *(SORT_BY_ALIGNMENT(.exc_vector_table))
 *(SORT_BY_ALIGNMENT(.exc_vector_table.*))
 .exc_vector_table._vector_table_section
                0x0000000000000000       0x40 zephyr/arch/arch/arm/core/cortex_m/libarch__arm__core__cortex_m.a(vector_table.S.obj)
                0x0000000000000000                _vector_table
 *(SORT_BY_ALIGNMENT(.vectors))
                0x0000000000000170                _vector_end = .
                0x0000000000000040                . = ALIGN (0x4)
 *(SORT_BY_ALIGNMENT(.gnu.linkonce.irq_vector_table*))
 .gnu.linkonce.irq_vector_table
                0x0000000000000040      0x130 zephyr/arch/common/libisr_tables.a(isr_tables.c.obj)
                0x0000000000000040                _irq_vector_table
                0x0000000000000170                _vector_end = .

text            0x0000000000000170     0x3a8c
                0x0000000000000170                __text_region_start = .
 *(SORT_BY_ALIGNMENT(.text))
 .text          0x0000000000000170       0x30 c:/users/jinyi/zephyr-sdk-0.17.4/arm-zephyr-eabi/bin/../lib/gcc/arm-zephyr-eabi/12.2.0/thumb/v8-m.main/nofp\libgcc.a(_aeabi_uldivmod.o)
                0x0000000000000170                __aeabi_uldivmod
 .text          0x00000000000001a0        0x4 c:/users/jinyi/zephyr-sdk-0.17.4/arm-zephyr-eabi/bin/../lib/gcc/arm-zephyr-eabi/12.2.0/thumb/v8-m.main/nofp\libgcc.a(_dvmd_tls.o)
                0x00000000000001a0                __aeabi_idiv0
                0x00000000000001a0                __aeabi_ldiv0
 .text          0x00000000000001a4      0x29c c:/users/jinyi/zephyr-sdk-0.17.4/arm-zephyr-eabi/bin/../lib/gcc/arm-zephyr-eabi/12.2.0/thumb/v8-m.main/nofp\libgcc.a(_udivmoddi4.o)
                0x00000000000001a4                __udivmoddi4
 *(SORT_BY_ALIGNMENT(.text.*))
 .text.uart_write_string
                0x0000000000000440       0x1c app/libapp.a(main.c.obj)
 .text.main     0x000000000000045c       0xc4 app/libapp.a(main.c.obj)
                0x000000000000045c                main
 .text.char_out
                0x0000000000000520        0xc zephyr/libzephyr.a(printk.c.obj)
 .text.__printk_hook_install
                0x000000000000052c        0xc zephyr/libzephyr.a(printk.c.obj)
                0x000000000000052c                __printk_hook_install
 .text.vprintk  0x0000000000000538       0x30 zephyr/libzephyr.a(printk.c.obj)
                0x0000000000000538                vprintk
 .text.z_thread_entry
                0x0000000000000568       0x34 zephyr/libzephyr.a(thread_entry.c.obj)
                0x0000000000000568                z_thread_entry
 .text.ytm32_soc_apply_clock_config
                0x000000000000059c       0x98 zephyr/libzephyr.a(soc.c.obj)
                0x000000000000059c                ytm32_soc_apply_clock_config
 .text.soc_early_reset_hook
                0x0000000000000634       0x18 zephyr/libzephyr.a(soc_reset.S.obj)
                0x0000000000000634                soc_early_reset_hook
 .text.arch_bss_zero
                0x000000000000064c       0x18 zephyr/arch/common/libarch__common.a(init.c.obj)
                0x000000000000064c                arch_bss_zero
 .text.arch_data_copy
                0x0000000000000664       0x38 zephyr/arch/common/libarch__common.a(xip.c.obj)
                0x0000000000000664                arch_data_copy
 .text.z_arm_fatal_error
                0x000000000000069c       0x60 zephyr/arch/arch/arm/core/libarch__arm__core.a(fatal.c.obj)
                0x000000000000069c                z_arm_fatal_error
 .text.z_SysNmiOnReset
                0x00000000000006fc        0x8 zephyr/arch/arch/arm/core/libarch__arm__core.a(nmi_on_reset.S.obj)
                0x00000000000006fc                z_SysNmiOnReset
 .text.arch_tls_stack_setup
                0x0000000000000704       0x40 zephyr/arch/arch/arm/core/libarch__arm__core.a(tls.c.obj)
                0x0000000000000704                arch_tls_stack_setup
 .text._HandlerModeExit
                0x0000000000000744       0x20 zephyr/arch/arch/arm/core/cortex_m/libarch__arm__core__cortex_m.a(exc_exit.c.obj)
                0x0000000000000744                z_arm_int_exit
                0x0000000000000744                z_arm_exc_exit
 .text.usage_fault.constprop.0
                0x0000000000000764       0xa8 zephyr/arch/arch/arm/core/cortex_m/libarch__arm__core__cortex_m.a(fault.c.obj)
 .text.bus_fault.constprop.0
                0x000000000000080c       0xa4 zephyr/arch/arch/arm/core/cortex_m/libarch__arm__core__cortex_m.a(fault.c.obj)
 .text.mem_manage_fault.constprop.0
                0x00000000000008b0       0x9c zephyr/arch/arch/arm/core/cortex_m/libarch__arm__core__cortex_m.a(fault.c.obj)
 .text.z_arm_fault
                0x000000000000094c      0x1a0 zephyr/arch/arch/arm/core/cortex_m/libarch__arm__core__cortex_m.a(fault.c.obj)
                0x000000000000094c                z_arm_fault
 .text.z_arm_fault_init
                0x0000000000000aec       0x18 zephyr/arch/arch/arm/core/cortex_m/libarch__arm__core__cortex_m.a(fault.c.obj)
                0x0000000000000aec                z_arm_fault_init
 .text.__fault  0x0000000000000b04       0x14 zephyr/arch/arch/arm/core/cortex_m/libarch__arm__core__cortex_m.a(fault_s.S.obj)
                0x0000000000000b04                z_arm_usage_fault
                0x0000000000000b04                z_arm_mpu_fault
                0x0000000000000b04                z_arm_exc_spurious
                0x0000000000000b04                z_arm_debug_monitor
                0x0000000000000b04                z_arm_hard_fault
                0x0000000000000b04                z_arm_bus_fault
 .text._reset_section
                0x0000000000000b18       0x38 zephyr/arch/arch/arm/core/cortex_m/libarch__arm__core__cortex_m.a(reset.S.obj)
                0x0000000000000b18                __start
                0x0000000000000b18                z_arm_reset
 .text.z_impl_k_thread_abort
                0x0000000000000b50       0x2c zephyr/arch/arch/arm/core/cortex_m/libarch__arm__core__cortex_m.a(thread_abort.c.obj)
                0x0000000000000b50                z_impl_k_thread_abort
 .text.z_arm_pendsv
                0x0000000000000b7c       0x54 zephyr/arch/arch/arm/core/cortex_m/libarch__arm__core__cortex_m.a(swap_helper.S.obj)
                0x0000000000000b7c                z_arm_pendsv
 .text.z_arm_svc
                0x0000000000000bd0       0x24 zephyr/arch/arch/arm/core/cortex_m/libarch__arm__core__cortex_m.a(swap_helper.S.obj)
                0x0000000000000bd0                z_arm_svc
 .text.arm_irq_enable
                0x0000000000000bf4       0x1c zephyr/arch/arch/arm/core/cortex_m/libarch__arm__core__cortex_m.a(irq_manage.c.obj)
                0x0000000000000bf4                arm_irq_enable
 .text.arm_irq_priority_set
                0x0000000000000c10       0x2c zephyr/arch/arch/arm/core/cortex_m/libarch__arm__core__cortex_m.a(irq_manage.c.obj)
                0x0000000000000c10                arm_irq_priority_set
 .text.relocate_vector_table
                0x0000000000000c3c       0x1c zephyr/arch/arch/arm/core/cortex_m/libarch__arm__core__cortex_m.a(prep_c.c.obj)
                0x0000000000000c3c                relocate_vector_table
 .text.arch_new_thread
                0x0000000000000c58       0x38 zephyr/arch/arch/arm/core/cortex_m/libarch__arm__core__cortex_m.a(thread.c.obj)
                0x0000000000000c58                arch_new_thread
 .text.arch_switch_to_main_thread
                0x0000000000000c90       0x38 zephyr/arch/arch/arm/core/cortex_m/libarch__arm__core__cortex_m.a(thread.c.obj)
                0x0000000000000c90                arch_switch_to_main_thread
 .text.z_arm_cpu_idle_init
                0x0000000000000cc8        0xc zephyr/arch/arch/arm/core/cortex_m/libarch__arm__core__cortex_m.a(cpu_idle.c.obj)
                0x0000000000000cc8                z_arm_cpu_idle_init
 .text.z_arm_interrupt_init
                0x0000000000000cd4       0x18 zephyr/arch/arch/arm/core/cortex_m/libarch__arm__core__cortex_m.a(irq_init.c.obj)
                0x0000000000000cd4                z_arm_interrupt_init
 .text._isr_wrapper
                0x0000000000000cec       0x24 zephyr/arch/arch/arm/core/cortex_m/libarch__arm__core__cortex_m.a(isr_wrapper.c.obj)
                0x0000000000000cec                _isr_wrapper
 .text.__aeabi_read_tp
                0x0000000000000d10        0xc zephyr/arch/arch/arm/core/cortex_m/libarch__arm__core__cortex_m.a(__aeabi_read_tp.S.obj)
                0x0000000000000d10                __aeabi_read_tp
 .text.z_impl_zephyr_fputc
                0x0000000000000d1c       0x10 zephyr/lib/libc/picolibc/liblib__libc__picolibc.a(stdio.c.obj)
                0x0000000000000d1c                z_impl_zephyr_fputc
 .text.__stdout_hook_install
                0x0000000000000d2c       0x18 zephyr/lib/libc/picolibc/liblib__libc__picolibc.a(stdio.c.obj)
                0x0000000000000d2c                __stdout_hook_install
 .text.malloc_prepare
                0x0000000000000d44       0x24 zephyr/lib/libc/common/liblib__libc__common.a(malloc.c.obj)
 .text.uart_console_init
                0x0000000000000d68       0x28 zephyr/drivers/console/libdrivers__console.a(uart_console.c.obj)
 .text.console_out
                0x0000000000000d90       0x28 zephyr/drivers/console/libdrivers__console.a(uart_console.c.obj)
 .text.elapsed  0x0000000000000db8       0x4c zephyr/drivers/timer/libdrivers__timer.a(cortex_m_systick.c.obj)
 .text.sys_clock_driver_init
                0x0000000000000e04       0x34 zephyr/drivers/timer/libdrivers__timer.a(cortex_m_systick.c.obj)
 .text.sys_clock_isr
                0x0000000000000e38       0x60 zephyr/drivers/timer/libdrivers__timer.a(cortex_m_systick.c.obj)
                0x0000000000000e38                sys_clock_isr
 .text.sys_clock_set_timeout
                0x0000000000000e98       0xfc zephyr/drivers/timer/libdrivers__timer.a(cortex_m_systick.c.obj)
                0x0000000000000e98                sys_clock_set_timeout
 .text.sys_clock_elapsed
                0x0000000000000f94       0x3c zephyr/drivers/timer/libdrivers__timer.a(cortex_m_systick.c.obj)
                0x0000000000000f94                sys_clock_elapsed
 .text.SystemInit
                0x0000000000000fd0       0x38 modules/hal_ytmicro/lib..__modules__hal__ytmicro__zephyr.a(system_YTM32B1MC0.c.obj)
                0x0000000000000fd0                SystemInit
 .text.CLOCK_SYS_SetCmuChannelConfiguration
                0x0000000000001008       0x48 modules/hal_ytmicro/lib..__modules__hal__ytmicro__zephyr.a(clock_YTM32B1Mx.c.obj)
 .text.CLOCK_SYS_ConfigureSystemClock
                0x0000000000001050       0x34 modules/hal_ytmicro/lib..__modules__hal__ytmicro__zephyr.a(clock_YTM32B1Mx.c.obj)
 .text.CLOCK_SYS_WaitFXOSCValid
                0x0000000000001084       0x54 modules/hal_ytmicro/lib..__modules__hal__ytmicro__zephyr.a(clock_YTM32B1Mx.c.obj)
                0x0000000000001084                CLOCK_SYS_WaitFXOSCValid
 .text.CLOCK_DRV_SetModuleClock
                0x00000000000010d8       0x2c modules/hal_ytmicro/lib..__modules__hal__ytmicro__zephyr.a(clock_YTM32B1Mx.c.obj)
                0x00000000000010d8                CLOCK_DRV_SetModuleClock
 .text.CLOCK_DRV_GetFreq
                0x0000000000001104      0x118 modules/hal_ytmicro/lib..__modules__hal__ytmicro__zephyr.a(clock_YTM32B1Mx.c.obj)
                0x0000000000001104                CLOCK_DRV_GetFreq
 .text.CLOCK_SYS_Init
                0x000000000000121c       0x18 modules/hal_ytmicro/lib..__modules__hal__ytmicro__zephyr.a(clock_YTM32B1Mx.c.obj)
                0x000000000000121c                CLOCK_SYS_Init
 .text.CLOCK_DRV_Init
                0x0000000000001234      0x268 modules/hal_ytmicro/lib..__modules__hal__ytmicro__zephyr.a(clock_YTM32B1Mx.c.obj)
                0x0000000000001234                CLOCK_DRV_Init
 .text.CLOCK_SYS_UpdateConfiguration
                0x000000000000149c       0xd8 modules/hal_ytmicro/lib..__modules__hal__ytmicro__zephyr.a(clock_YTM32B1Mx.c.obj)
                0x000000000000149c                CLOCK_SYS_UpdateConfiguration
 .text.DMA_DRV_StopChannel
                0x0000000000001574       0x18 modules/hal_ytmicro/lib..__modules__hal__ytmicro__zephyr.a(dma_driver.c.obj)
                0x0000000000001574                DMA_DRV_StopChannel
 .text.UART_DRV_CompleteSendDataUsingInt
                0x000000000000158c       0x58 modules/hal_ytmicro/lib..__modules__hal__ytmicro__zephyr.a(uart_driver.c.obj)
 .text.UART_DRV_PutData
                0x00000000000015e4       0x30 modules/hal_ytmicro/lib..__modules__hal__ytmicro__zephyr.a(uart_driver.c.obj)
 .text.UART_DRV_SetErrorInterrupts
                0x0000000000001614       0x38 modules/hal_ytmicro/lib..__modules__hal__ytmicro__zephyr.a(uart_driver.c.obj)
 .text.UART_DRV_CompleteReceiveDataUsingInt
                0x000000000000164c       0x58 modules/hal_ytmicro/lib..__modules__hal__ytmicro__zephyr.a(uart_driver.c.obj)
 .text.UART_DRV_GetData
                0x00000000000016a4       0x5c modules/hal_ytmicro/lib..__modules__hal__ytmicro__zephyr.a(uart_driver.c.obj)
 .text.UART_DRV_StopTxDma
                0x0000000000001700       0x60 modules/hal_ytmicro/lib..__modules__hal__ytmicro__zephyr.a(uart_driver.c.obj)
 .text.UART_DRV_StopRxDma
                0x0000000000001760       0x68 modules/hal_ytmicro/lib..__modules__hal__ytmicro__zephyr.a(uart_driver.c.obj)
 .text.UART_DRV_GetDefaultConfig
                0x00000000000017c8       0x14 modules/hal_ytmicro/lib..__modules__hal__ytmicro__zephyr.a(uart_driver.c.obj)
                0x00000000000017c8                UART_DRV_GetDefaultConfig
 .text.UART_DRV_SetBaudRate
                0x00000000000017dc       0xdc modules/hal_ytmicro/lib..__modules__hal__ytmicro__zephyr.a(uart_driver.c.obj)
                0x00000000000017dc                UART_DRV_SetBaudRate
 .text.UART_DRV_SetLineIdleDetect
                0x00000000000018b8       0x2c modules/hal_ytmicro/lib..__modules__hal__ytmicro__zephyr.a(uart_driver.c.obj)
                0x00000000000018b8                UART_DRV_SetLineIdleDetect
 .text.UART_DRV_Init
                0x00000000000018e4       0xdc modules/hal_ytmicro/lib..__modules__hal__ytmicro__zephyr.a(uart_driver.c.obj)
                0x00000000000018e4                UART_DRV_Init
 .text.UART_DRV_IRQHandler
                0x00000000000019c0      0x290 modules/hal_ytmicro/lib..__modules__hal__ytmicro__zephyr.a(uart_driver.c.obj)
                0x00000000000019c0                UART_DRV_IRQHandler
 .text.UART_Init
                0x0000000000001c50       0x20 modules/hal_ytmicro/lib..__modules__hal__ytmicro__zephyr.a(uart_hw_access.c.obj)
                0x0000000000001c50                UART_Init
 .text.uart_ytm32_init
                0x0000000000001c70       0xf4 modules/zephyr-ytm32-module/drivers/serial/lib..__zephyr-ytm32-module__drivers__serial.a(uart_ytm32.c.obj)
 .text.ytm32_find_module_clock
                0x0000000000001d64       0x58 modules/zephyr-ytm32-module/drivers/clock_control/lib..__zephyr-ytm32-module__drivers__clock_control.a(clock_control_ytm32.c.obj)
 .text.clock_control_ytm32_init
                0x0000000000001dbc       0xbc modules/zephyr-ytm32-module/drivers/clock_control/lib..__zephyr-ytm32-module__drivers__clock_control.a(clock_control_ytm32.c.obj)
 .text.clock_control_on.constprop.0
                0x0000000000001e78       0x18 modules/zephyr-ytm32-module/drivers/pinctrl/lib..__zephyr-ytm32-module__drivers__pinctrl.a(pinctrl_ytm32.c.obj)
 .text.pinctrl_ytm32_init
                0x0000000000001e90       0x48 modules/zephyr-ytm32-module/drivers/pinctrl/lib..__zephyr-ytm32-module__drivers__pinctrl.a(pinctrl_ytm32.c.obj)
 .text.INT_SYS_EnableIRQ
                0x0000000000001ed8       0x1c modules/zephyr-ytm32-module/drivers/interrupt_controller/lib..__zephyr-ytm32-module__drivers__interrupt_controller.a(intc_ytm32.c.obj)
                0x0000000000001ed8                INT_SYS_EnableIRQ
 .text.INT_SYS_EnableIRQGlobal
                0x0000000000001ef4       0x24 modules/zephyr-ytm32-module/drivers/interrupt_controller/lib..__zephyr-ytm32-module__drivers__interrupt_controller.a(intc_ytm32.c.obj)
                0x0000000000001ef4                INT_SYS_EnableIRQGlobal
 .text.INT_SYS_DisableIRQGlobal
                0x0000000000001f18       0x28 modules/zephyr-ytm32-module/drivers/interrupt_controller/lib..__zephyr-ytm32-module__drivers__interrupt_controller.a(intc_ytm32.c.obj)
                0x0000000000001f18                INT_SYS_DisableIRQGlobal
 .text.z_fatal_error
                0x0000000000001f40       0x30 zephyr/kernel/libkernel.a(fatal.c.obj)
                0x0000000000001f40                z_fatal_error
 .text.z_sys_init_run_level
                0x0000000000001f70       0x30 zephyr/kernel/libkernel.a(init.c.obj)
 .text.bg_thread_main
                0x0000000000001fa0       0xc0 zephyr/kernel/libkernel.a(init.c.obj)
 .text.z_init_cpu
                0x0000000000002060       0x68 zephyr/kernel/libkernel.a(init.c.obj)
                0x0000000000002060                z_init_cpu
 .text.z_cstart
                0x00000000000020c8       0xb8 zephyr/kernel/libkernel.a(init.c.obj)
                0x00000000000020c8                z_cstart
 .text.z_setup_new_thread
                0x0000000000002180       0x70 zephyr/kernel/libkernel.a(thread.c.obj)
                0x0000000000002180                z_setup_new_thread
 .text.z_dummy_thread_init
                0x00000000000021f0       0x14 zephyr/kernel/libkernel.a(thread.c.obj)
                0x00000000000021f0                z_dummy_thread_init
 .text.z_swap_irqlock
                0x0000000000002204       0x30 zephyr/kernel/libkernel.a(sched.c.obj)
 .text.ready_thread
                0x0000000000002234       0x84 zephyr/kernel/libkernel.a(sched.c.obj)
 .text.unready_thread
                0x00000000000022b8       0x54 zephyr/kernel/libkernel.a(sched.c.obj)
 .text.move_current_to_end_of_prio_q
                0x000000000000230c       0x70 zephyr/kernel/libkernel.a(sched.c.obj)
                0x000000000000230c                move_current_to_end_of_prio_q
 .text.z_reschedule
                0x000000000000237c       0x24 zephyr/kernel/libkernel.a(sched.c.obj)
                0x000000000000237c                z_reschedule
 .text.z_reschedule_irqlock
                0x00000000000023a0       0x28 zephyr/kernel/libkernel.a(sched.c.obj)
                0x00000000000023a0                z_reschedule_irqlock
 .text.k_sched_lock
                0x00000000000023c8       0x28 zephyr/kernel/libkernel.a(sched.c.obj)
                0x00000000000023c8                k_sched_lock
 .text.k_sched_unlock
                0x00000000000023f0       0x68 zephyr/kernel/libkernel.a(sched.c.obj)
                0x00000000000023f0                k_sched_unlock
 .text.z_sched_init
                0x0000000000002458       0x10 zephyr/kernel/libkernel.a(sched.c.obj)
                0x0000000000002458                z_sched_init
 .text.z_impl_k_yield
                0x0000000000002468       0x88 zephyr/kernel/libkernel.a(sched.c.obj)
                0x0000000000002468                z_impl_k_yield
 .text.z_tick_sleep
                0x00000000000024f0       0x78 zephyr/kernel/libkernel.a(sched.c.obj)
 .text.z_impl_k_wakeup
                0x0000000000002568       0x48 zephyr/kernel/libkernel.a(sched.c.obj)
                0x0000000000002568                z_impl_k_wakeup
 .text.z_impl_k_sched_current_thread_query
                0x00000000000025b0        0xc zephyr/kernel/libkernel.a(sched.c.obj)
                0x00000000000025b0                z_impl_k_sched_current_thread_query
 .text.z_thread_abort
                0x00000000000025bc      0x140 zephyr/kernel/libkernel.a(sched.c.obj)
                0x00000000000025bc                z_thread_abort
 .text.z_time_slice_size
                0x00000000000026fc       0x40 zephyr/kernel/libkernel.a(timeslicing.c.obj)
 .text.slice_timeout
                0x000000000000273c       0x20 zephyr/kernel/libkernel.a(timeslicing.c.obj)
 .text.z_reset_time_slice
                0x000000000000275c       0x44 zephyr/kernel/libkernel.a(timeslicing.c.obj)
                0x000000000000275c                z_reset_time_slice
 .text.z_time_slice
                0x00000000000027a0       0x5c zephyr/kernel/libkernel.a(timeslicing.c.obj)
                0x00000000000027a0                z_time_slice
 .text.first    0x00000000000027fc       0x10 zephyr/kernel/libkernel.a(timeout.c.obj)
 .text.elapsed  0x000000000000280c       0x14 zephyr/kernel/libkernel.a(timeout.c.obj)
 .text.remove_timeout
                0x0000000000002820       0x38 zephyr/kernel/libkernel.a(timeout.c.obj)
 .text.z_add_timeout
                0x0000000000002858      0x120 zephyr/kernel/libkernel.a(timeout.c.obj)
                0x0000000000002858                z_add_timeout
 .text.sys_clock_announce
                0x0000000000002978       0xbc zephyr/kernel/libkernel.a(timeout.c.obj)
                0x0000000000002978                sys_clock_announce
 .text.sys_clock_tick_get
                0x0000000000002a34       0x30 zephyr/kernel/libkernel.a(timeout.c.obj)
                0x0000000000002a34                sys_clock_tick_get
 .text.boot_banner
                0x0000000000002a64        0xc zephyr/kernel/libkernel.a(banner.c.obj)
                0x0000000000002a64                boot_banner
 .text.__l_vfprintf
                0x0000000000002a70      0x4b4 c:\users\jinyi\zephyr-sdk-0.17.4\arm-zephyr-eabi\bin\../lib/gcc/../../picolibc/arm-zephyr-eabi/lib/thumb/v8-m.main/nofp\libc.a(libc_tinystdio_vflprintf.c.o)
                0x0000000000002a70                __l_vfprintf
 .text._OffsetAbsSyms
                0x0000000000002f24        0x2 zephyr/CMakeFiles/offsets.dir/./arch/arm/core/offsets/offsets.c.obj
                0x0000000000002f24                _OffsetAbsSyms
 .text.chunk_size
                0x0000000000002f26        0xa zephyr/libzephyr.a(heap.c.obj)
 .text.free_list_add
                0x0000000000002f30       0x4e zephyr/libzephyr.a(heap.c.obj)
 .text.sys_heap_init
                0x0000000000002f7e       0x7a zephyr/libzephyr.a(heap.c.obj)
                0x0000000000002f7e                sys_heap_init
 .text.arch_printk_char_out
                0x0000000000002ff8        0x4 zephyr/libzephyr.a(printk.c.obj)
                0x0000000000002ff8                arch_printk_char_out
 .text.printk   0x0000000000002ffc       0x1a zephyr/libzephyr.a(printk.c.obj)
                0x0000000000002ffc                printk
 .text._ConfigAbsSyms
                0x0000000000003016        0x2 zephyr/libzephyr.a(configs.c.obj)
                0x0000000000003016                _ConfigAbsSyms
 .text.soc_early_init_hook
                0x0000000000003018        0x4 zephyr/libzephyr.a(soc.c.obj)
                0x0000000000003018                soc_early_init_hook
 .text.arch_early_memset
                0x000000000000301c        0x4 zephyr/arch/common/libarch__common.a(init.c.obj)
                0x000000000000301c                arch_early_memset
 .text.arch_early_memcpy
                0x0000000000003020        0x4 zephyr/arch/common/libarch__common.a(init.c.obj)
                0x0000000000003020                arch_early_memcpy
 .text.z_do_kernel_oops
                0x0000000000003024        0x8 zephyr/arch/arch/arm/core/libarch__arm__core.a(fatal.c.obj)
                0x0000000000003024                z_do_kernel_oops
 .text.z_arm_nmi
                0x000000000000302c        0xe zephyr/arch/arch/arm/core/libarch__arm__core.a(nmi.c.obj)
                0x000000000000302c                z_arm_nmi
 .text.z_irq_spurious
                0x000000000000303a        0x8 zephyr/arch/arch/arm/core/cortex_m/libarch__arm__core__cortex_m.a(irq_manage.c.obj)
                0x000000000000303a                z_irq_spurious
 .text.z_prep_c
                0x0000000000003042       0x16 zephyr/arch/arch/arm/core/cortex_m/libarch__arm__core__cortex_m.a(prep_c.c.obj)
                0x0000000000003042                z_prep_c
 .text.arch_coprocessors_disable
                0x0000000000003058        0x6 zephyr/arch/arch/arm/core/cortex_m/libarch__arm__core__cortex_m.a(thread.c.obj)
                0x0000000000003058                arch_coprocessors_disable
 .text.arch_irq_unlock_outlined
                0x000000000000305e        0xe zephyr/arch/arch/arm/core/cortex_m/libarch__arm__core__cortex_m.a(thread.c.obj)
                0x000000000000305e                arch_irq_unlock_outlined
 .text.arch_cpu_idle
                0x000000000000306c       0x1a zephyr/arch/arch/arm/core/cortex_m/libarch__arm__core__cortex_m.a(cpu_idle.c.obj)
                0x000000000000306c                arch_cpu_idle
 .text.picolibc_put
                0x0000000000003086        0xa zephyr/lib/libc/picolibc/liblib__libc__picolibc.a(stdio.c.obj)
 .text.pinctrl_lookup_state
                0x0000000000003090       0x26 zephyr/drivers/pinctrl/libdrivers__pinctrl.a(common.c.obj)
                0x0000000000003090                pinctrl_lookup_state
 .text.CLOCK_SYS_GetFreq
                0x00000000000030b6        0x4 modules/hal_ytmicro/lib..__modules__hal__ytmicro__zephyr.a(clock_YTM32B1Mx.c.obj)
                0x00000000000030b6                CLOCK_SYS_GetFreq
 .text.DMA_SetDmaRequestCmd
                0x00000000000030ba       0x44 modules/hal_ytmicro/lib..__modules__hal__ytmicro__zephyr.a(dma_hw_access.c.obj)
                0x00000000000030ba                DMA_SetDmaRequestCmd
 .text.PINS_DRV_Init
                0x00000000000030fe       0x1e modules/hal_ytmicro/lib..__modules__hal__ytmicro__zephyr.a(pins_driver.c.obj)
                0x00000000000030fe                PINS_DRV_Init
 .text.PINS_Init
                0x000000000000311c      0x10e modules/hal_ytmicro/lib..__modules__hal__ytmicro__zephyr.a(pins_port_hw_access.c.obj)
                0x000000000000311c                PINS_Init
 .text.UART_SetTransmitterCmd
                0x000000000000322a       0x28 modules/hal_ytmicro/lib..__modules__hal__ytmicro__zephyr.a(uart_driver.c.obj)
 .text.UART_SetReceiverCmd
                0x0000000000003252       0x26 modules/hal_ytmicro/lib..__modules__hal__ytmicro__zephyr.a(uart_driver.c.obj)
 .text.UART_SetBitCountPerChar
                0x0000000000003278       0x16 modules/hal_ytmicro/lib..__modules__hal__ytmicro__zephyr.a(uart_hw_access.c.obj)
                0x0000000000003278                UART_SetBitCountPerChar
 .text.UART_SetParityMode
                0x000000000000328e       0x1e modules/hal_ytmicro/lib..__modules__hal__ytmicro__zephyr.a(uart_hw_access.c.obj)
                0x000000000000328e                UART_SetParityMode
 .text.UART_Putchar9
                0x00000000000032ac        0x4 modules/hal_ytmicro/lib..__modules__hal__ytmicro__zephyr.a(uart_hw_access.c.obj)
                0x00000000000032ac                UART_Putchar9
 .text.UART_Putchar10
                0x00000000000032b0        0x4 modules/hal_ytmicro/lib..__modules__hal__ytmicro__zephyr.a(uart_hw_access.c.obj)
                0x00000000000032b0                UART_Putchar10
 .text.UART_Getchar7
                0x00000000000032b4        0xa modules/hal_ytmicro/lib..__modules__hal__ytmicro__zephyr.a(uart_hw_access.c.obj)
                0x00000000000032b4                UART_Getchar7
 .text.UART_Getchar8
                0x00000000000032be        0x6 modules/hal_ytmicro/lib..__modules__hal__ytmicro__zephyr.a(uart_hw_access.c.obj)
                0x00000000000032be                UART_Getchar8
 .text.UART_Getchar9
                0x00000000000032c4        0xa modules/hal_ytmicro/lib..__modules__hal__ytmicro__zephyr.a(uart_hw_access.c.obj)
                0x00000000000032c4                UART_Getchar9
 .text.UART_Getchar10
                0x00000000000032ce        0xa modules/hal_ytmicro/lib..__modules__hal__ytmicro__zephyr.a(uart_hw_access.c.obj)
                0x00000000000032ce                UART_Getchar10
 .text.UART_SetIntMode
                0x00000000000032d8       0x22 modules/hal_ytmicro/lib..__modules__hal__ytmicro__zephyr.a(uart_hw_access.c.obj)
                0x00000000000032d8                UART_SetIntMode
 .text.UART_GetIntMode
                0x00000000000032fa        0xc modules/hal_ytmicro/lib..__modules__hal__ytmicro__zephyr.a(uart_hw_access.c.obj)
                0x00000000000032fa                UART_GetIntMode
 .text.UART_GetStatusFlag
                0x0000000000003306        0xc modules/hal_ytmicro/lib..__modules__hal__ytmicro__zephyr.a(uart_hw_access.c.obj)
                0x0000000000003306                UART_GetStatusFlag
 .text.UART_ClearStatusFlag
                0x0000000000003312        0x6 modules/hal_ytmicro/lib..__modules__hal__ytmicro__zephyr.a(uart_hw_access.c.obj)
                0x0000000000003312                UART_ClearStatusFlag
 .text.UART_SetErrorInterrupts
                0x0000000000003318       0x30 modules/hal_ytmicro/lib..__modules__hal__ytmicro__zephyr.a(uart_hw_access.c.obj)
                0x0000000000003318                UART_SetErrorInterrupts
 .text.UART0_IrqHandler
                0x0000000000003348        0x6 modules/hal_ytmicro/lib..__modules__hal__ytmicro__zephyr.a(uart_irq.c.obj)
                0x0000000000003348                UART0_IrqHandler
 .text.UART1_IrqHandler
                0x000000000000334e        0x6 modules/hal_ytmicro/lib..__modules__hal__ytmicro__zephyr.a(uart_irq.c.obj)
                0x000000000000334e                UART1_IrqHandler
 .text.UART2_IrqHandler
                0x0000000000003354        0x6 modules/hal_ytmicro/lib..__modules__hal__ytmicro__zephyr.a(uart_irq.c.obj)
                0x0000000000003354                UART2_IrqHandler
 .text.OSIF_SemaPost
                0x000000000000335a       0x24 modules/hal_ytmicro/lib..__modules__hal__ytmicro__zephyr.a(osif_baremetal.c.obj)
                0x000000000000335a                OSIF_SemaPost
 .text.OSIF_SemaCreate
                0x000000000000337e       0x14 modules/hal_ytmicro/lib..__modules__hal__ytmicro__zephyr.a(osif_baremetal.c.obj)
                0x000000000000337e                OSIF_SemaCreate
 .text.uart_ytm32_poll_out
                0x0000000000003392       0x18 modules/zephyr-ytm32-module/drivers/serial/lib..__zephyr-ytm32-module__drivers__serial.a(uart_ytm32.c.obj)
 .text.uart_ytm32_latch_errors
                0x00000000000033aa       0x6a modules/zephyr-ytm32-module/drivers/serial/lib..__zephyr-ytm32-module__drivers__serial.a(uart_ytm32.c.obj)
 .text.uart_ytm32_recover_rx
                0x0000000000003414       0x40 modules/zephyr-ytm32-module/drivers/serial/lib..__zephyr-ytm32-module__drivers__serial.a(uart_ytm32.c.obj)
 .text.uart_ytm32_err_check
                0x0000000000003454       0x20 modules/zephyr-ytm32-module/drivers/serial/lib..__zephyr-ytm32-module__drivers__serial.a(uart_ytm32.c.obj)
 .text.uart_ytm32_poll_in
                0x0000000000003474       0x44 modules/zephyr-ytm32-module/drivers/serial/lib..__zephyr-ytm32-module__drivers__serial.a(uart_ytm32.c.obj)
 .text.ytm32_query_clock_rate.constprop.0
                0x00000000000034b8       0x2e modules/zephyr-ytm32-module/drivers/clock_control/lib..__zephyr-ytm32-module__drivers__clock_control.a(clock_control_ytm32.c.obj)
 .text.clock_control_ytm32_get_rate
                0x00000000000034e6       0x52 modules/zephyr-ytm32-module/drivers/clock_control/lib..__zephyr-ytm32-module__drivers__clock_control.a(clock_control_ytm32.c.obj)
 .text.ytm32_validate_module_clock.constprop.0
                0x0000000000003538       0x24 modules/zephyr-ytm32-module/drivers/clock_control/lib..__zephyr-ytm32-module__drivers__clock_control.a(clock_control_ytm32.c.obj)
 .text.clock_control_ytm32_off
                0x000000000000355c       0x76 modules/zephyr-ytm32-module/drivers/clock_control/lib..__zephyr-ytm32-module__drivers__clock_control.a(clock_control_ytm32.c.obj)
 .text.clock_control_ytm32_on
                0x00000000000035d2       0x76 modules/zephyr-ytm32-module/drivers/clock_control/lib..__zephyr-ytm32-module__drivers__clock_control.a(clock_control_ytm32.c.obj)
 .text.ytm32_log_system_rate.constprop.0
                0x0000000000003648       0x30 modules/zephyr-ytm32-module/drivers/clock_control/lib..__zephyr-ytm32-module__drivers__clock_control.a(clock_control_ytm32.c.obj)
 .text.pinctrl_configure_pins
                0x0000000000003678       0x8e modules/zephyr-ytm32-module/drivers/pinctrl/lib..__zephyr-ytm32-module__drivers__pinctrl.a(pinctrl_ytm32.c.obj)
                0x0000000000003678                pinctrl_configure_pins
 .text.intc_ytm32_init
                0x0000000000003706        0x4 modules/zephyr-ytm32-module/drivers/interrupt_controller/lib..__zephyr-ytm32-module__drivers__interrupt_controller.a(intc_ytm32.c.obj)
 .text.INT_SYS_InstallHandler
                0x000000000000370a        0x8 modules/zephyr-ytm32-module/drivers/interrupt_controller/lib..__zephyr-ytm32-module__drivers__interrupt_controller.a(intc_ytm32.c.obj)
                0x000000000000370a                INT_SYS_InstallHandler
 .text.gpio_ytm32_configure
                0x0000000000003712       0xa0 modules/zephyr-ytm32-module/drivers/gpio/lib..__zephyr-ytm32-module__drivers__gpio.a(gpio_ytm32.c.obj)
 .text.gpio_ytm32_port_get_raw
                0x00000000000037b2        0xc modules/zephyr-ytm32-module/drivers/gpio/lib..__zephyr-ytm32-module__drivers__gpio.a(gpio_ytm32.c.obj)
 .text.gpio_ytm32_port_set_masked_raw
                0x00000000000037be       0x14 modules/zephyr-ytm32-module/drivers/gpio/lib..__zephyr-ytm32-module__drivers__gpio.a(gpio_ytm32.c.obj)
 .text.gpio_ytm32_port_set_bits_raw
                0x00000000000037d2        0xa modules/zephyr-ytm32-module/drivers/gpio/lib..__zephyr-ytm32-module__drivers__gpio.a(gpio_ytm32.c.obj)
 .text.gpio_ytm32_port_clear_bits_raw
                0x00000000000037dc        0xa modules/zephyr-ytm32-module/drivers/gpio/lib..__zephyr-ytm32-module__drivers__gpio.a(gpio_ytm32.c.obj)
 .text.gpio_ytm32_port_toggle_bits
                0x00000000000037e6        0xa modules/zephyr-ytm32-module/drivers/gpio/lib..__zephyr-ytm32-module__drivers__gpio.a(gpio_ytm32.c.obj)
 .text.gpio_ytm32_pin_interrupt_configure
                0x00000000000037f0       0x6e modules/zephyr-ytm32-module/drivers/gpio/lib..__zephyr-ytm32-module__drivers__gpio.a(gpio_ytm32.c.obj)
 .text.gpio_ytm32_get_pending_int
                0x000000000000385e        0x8 modules/zephyr-ytm32-module/drivers/gpio/lib..__zephyr-ytm32-module__drivers__gpio.a(gpio_ytm32.c.obj)
 .text.gpio_ytm32_manage_callback
                0x0000000000003866       0x52 modules/zephyr-ytm32-module/drivers/gpio/lib..__zephyr-ytm32-module__drivers__gpio.a(gpio_ytm32.c.obj)
 .text.gpio_ytm32_init
                0x00000000000038b8       0x4e modules/zephyr-ytm32-module/drivers/gpio/lib..__zephyr-ytm32-module__drivers__gpio.a(gpio_ytm32.c.obj)
 .text.gpio_ytm32_irq_config_0
                0x0000000000003906       0x16 modules/zephyr-ytm32-module/drivers/gpio/lib..__zephyr-ytm32-module__drivers__gpio.a(gpio_ytm32.c.obj)
 .text.gpio_ytm32_isr
                0x000000000000391c       0x32 modules/zephyr-ytm32-module/drivers/gpio/lib..__zephyr-ytm32-module__drivers__gpio.a(gpio_ytm32.c.obj)
 .text.do_device_init
                0x000000000000394e       0x30 zephyr/kernel/libkernel.a(device.c.obj)
                0x000000000000394e                do_device_init
 .text.z_impl_device_is_ready
                0x000000000000397e       0x16 zephyr/kernel/libkernel.a(device.c.obj)
                0x000000000000397e                z_impl_device_is_ready
 .text.arch_system_halt
                0x0000000000003994       0x10 zephyr/kernel/libkernel.a(fatal.c.obj)
                0x0000000000003994                arch_system_halt
 .text.k_sys_fatal_error_handler
                0x00000000000039a4        0x6 zephyr/kernel/libkernel.a(fatal.c.obj)
                0x00000000000039a4                k_sys_fatal_error_handler
 .text.idle     0x00000000000039aa       0x16 zephyr/kernel/libkernel.a(idle.c.obj)
                0x00000000000039aa                idle
 .text.sys_dlist_remove
                0x00000000000039c0       0x10 zephyr/kernel/libkernel.a(sched.c.obj)
 .text.unpend_thread_no_timeout
                0x00000000000039d0       0x14 zephyr/kernel/libkernel.a(sched.c.obj)
 .text.z_ready_thread
                0x00000000000039e4       0x1e zephyr/kernel/libkernel.a(sched.c.obj)
                0x00000000000039e4                z_ready_thread
 .text.z_sched_wake_thread_locked
                0x0000000000003a02       0x28 zephyr/kernel/libkernel.a(sched.c.obj)
                0x0000000000003a02                z_sched_wake_thread_locked
 .text.z_thread_timeout
                0x0000000000003a2a       0x20 zephyr/kernel/libkernel.a(sched.c.obj)
                0x0000000000003a2a                z_thread_timeout
 .text.z_impl_k_sleep
                0x0000000000003a4a       0x3e zephyr/kernel/libkernel.a(sched.c.obj)
                0x0000000000003a4a                z_impl_k_sleep
 .text.next_timeout
                0x0000000000003a88       0x2e zephyr/kernel/libkernel.a(timeout.c.obj)
 .text.z_abort_timeout
                0x0000000000003ab6       0x50 zephyr/kernel/libkernel.a(timeout.c.obj)
                0x0000000000003ab6                z_abort_timeout
 .text.sys_clock_tick_get_32
                0x0000000000003b06        0x8 zephyr/kernel/libkernel.a(timeout.c.obj)
                0x0000000000003b06                sys_clock_tick_get_32
 .text.memcpy   0x0000000000003b0e       0x1a c:\users\jinyi\zephyr-sdk-0.17.4\arm-zephyr-eabi\bin\../lib/gcc/../../picolibc/arm-zephyr-eabi/lib/thumb/v8-m.main/nofp\libc.a(memcpy.c.o)
                0x0000000000003b0e                __aeabi_memcpy
                0x0000000000003b0e                __aeabi_memcpy4
                0x0000000000003b0e                __aeabi_memcpy8
                0x0000000000003b0e                memcpy
 .text.memset   0x0000000000003b28       0x10 c:\users\jinyi\zephyr-sdk-0.17.4\arm-zephyr-eabi\bin\../lib/gcc/../../picolibc/arm-zephyr-eabi/lib/thumb/v8-m.main/nofp\libc.a(memset.c.o)
                0x0000000000003b28                memset
 .text.strnlen  0x0000000000003b38       0x18 c:\users\jinyi\zephyr-sdk-0.17.4\arm-zephyr-eabi\bin\../lib/gcc/../../picolibc/arm-zephyr-eabi/lib/thumb/v8-m.main/nofp\libc.a(libc_string_strnlen.c.o)
                0x0000000000003b38                strnlen
 .text.__ultoa_invert
                0x0000000000003b50       0xac c:\users\jinyi\zephyr-sdk-0.17.4\arm-zephyr-eabi\bin\../lib/gcc/../../picolibc/arm-zephyr-eabi/lib/thumb/v8-m.main/nofp\libc.a(libc_tinystdio_vflprintf.c.o)
 *(SORT_BY_ALIGNMENT(.gnu.linkonce.t.*))
 *(SORT_BY_ALIGNMENT(.glue_7t))
 .glue_7t       0x0000000000003bfc        0x0 linker stubs
 *(SORT_BY_ALIGNMENT(.glue_7))
 .glue_7        0x0000000000003bfc        0x0 linker stubs
 *(SORT_BY_ALIGNMENT(.vfp11_veneer))
 .vfp11_veneer  0x0000000000003bfc        0x0 linker stubs
 *(SORT_BY_ALIGNMENT(.v4_bx))
 .v4_bx         0x0000000000003bfc        0x0 linker stubs
                0x0000000000003bfc                . = ALIGN (0x4)
                0x0000000000003bfc                __text_region_end = .

.ARM.exidx      0x0000000000003bfc        0x8
                0x0000000000003bfc                __exidx_start = .
 *(SORT_BY_ALIGNMENT(.ARM.exidx*) SORT_BY_ALIGNMENT(gnu.linkonce.armexidx.*))
 .ARM.exidx     0x0000000000003bfc        0x8 c:/users/jinyi/zephyr-sdk-0.17.4/arm-zephyr-eabi/bin/../lib/gcc/arm-zephyr-eabi/12.2.0/thumb/v8-m.main/nofp\libgcc.a(_udivmoddi4.o)
                0x0000000000003c04                __exidx_end = .
                0x0000000000003c04                __rodata_region_start = .

initlevel       0x0000000000003c04       0x40
                0x0000000000003c04                __init_start = .
                0x0000000000003c04                __init_EARLY_start = .
 *(SORT_BY_NAME(SORT_BY_ALIGNMENT(.z_init_EARLY_P_?_*)))
 *(SORT_BY_NAME(SORT_BY_ALIGNMENT(.z_init_EARLY_P_??_*)))
 *(SORT_BY_NAME(SORT_BY_ALIGNMENT(.z_init_EARLY_P_???_*)))
                0x0000000000003c04                __init_PRE_KERNEL_1_start = .
 *(SORT_BY_NAME(SORT_BY_ALIGNMENT(.z_init_PRE_KERNEL_1_P_?_*)))
 *(SORT_BY_NAME(SORT_BY_ALIGNMENT(.z_init_PRE_KERNEL_1_P_??_*)))
 .z_init_PRE_KERNEL_1_P_30_SUB_00005_
                0x0000000000003c04        0x8 modules/zephyr-ytm32-module/drivers/clock_control/lib..__zephyr-ytm32-module__drivers__clock_control.a(clock_control_ytm32.c.obj)
 .z_init_PRE_KERNEL_1_P_40_SUB_00008_
                0x0000000000003c0c        0x8 modules/zephyr-ytm32-module/drivers/gpio/lib..__zephyr-ytm32-module__drivers__gpio.a(gpio_ytm32.c.obj)
 .z_init_PRE_KERNEL_1_P_40_SUB_0_
                0x0000000000003c14        0x8 modules/zephyr-ytm32-module/drivers/pinctrl/lib..__zephyr-ytm32-module__drivers__pinctrl.a(pinctrl_ytm32.c.obj)
 .z_init_PRE_KERNEL_1_P_40_SUB_0_
                0x0000000000003c1c        0x8 modules/zephyr-ytm32-module/drivers/interrupt_controller/lib..__zephyr-ytm32-module__drivers__interrupt_controller.a(intc_ytm32.c.obj)
 .z_init_PRE_KERNEL_1_P_50_SUB_00027_
                0x0000000000003c24        0x8 modules/zephyr-ytm32-module/drivers/serial/lib..__zephyr-ytm32-module__drivers__serial.a(uart_ytm32.c.obj)
 .z_init_PRE_KERNEL_1_P_60_SUB_0_
                0x0000000000003c2c        0x8 zephyr/drivers/console/libdrivers__console.a(uart_console.c.obj)
 *(SORT_BY_NAME(SORT_BY_ALIGNMENT(.z_init_PRE_KERNEL_1_P_???_*)))
                0x0000000000003c34                __init_PRE_KERNEL_2_start = .
 *(SORT_BY_NAME(SORT_BY_ALIGNMENT(.z_init_PRE_KERNEL_2_P_?_*)))
 .z_init_PRE_KERNEL_2_P_0_SUB_0_
                0x0000000000003c34        0x8 zephyr/drivers/timer/libdrivers__timer.a(cortex_m_systick.c.obj)
 *(SORT_BY_NAME(SORT_BY_ALIGNMENT(.z_init_PRE_KERNEL_2_P_??_*)))
 *(SORT_BY_NAME(SORT_BY_ALIGNMENT(.z_init_PRE_KERNEL_2_P_???_*)))
                0x0000000000003c3c                __init_POST_KERNEL_start = .
 *(SORT_BY_NAME(SORT_BY_ALIGNMENT(.z_init_POST_KERNEL_P_?_*)))
 *(SORT_BY_NAME(SORT_BY_ALIGNMENT(.z_init_POST_KERNEL_P_??_*)))
 .z_init_POST_KERNEL_P_35_SUB_0_
                0x0000000000003c3c        0x8 zephyr/lib/libc/common/liblib__libc__common.a(malloc.c.obj)
 *(SORT_BY_NAME(SORT_BY_ALIGNMENT(.z_init_POST_KERNEL_P_???_*)))
                0x0000000000003c44                __init_APPLICATION_start = .
 *(SORT_BY_NAME(SORT_BY_ALIGNMENT(.z_init_APPLICATION_P_?_*)))
 *(SORT_BY_NAME(SORT_BY_ALIGNMENT(.z_init_APPLICATION_P_??_*)))
 *(SORT_BY_NAME(SORT_BY_ALIGNMENT(.z_init_APPLICATION_P_???_*)))
                0x0000000000003c44                __init_SMP_start = .
 *(SORT_BY_NAME(SORT_BY_ALIGNMENT(.z_init_SMP_P_?_*)))
 *(SORT_BY_NAME(SORT_BY_ALIGNMENT(.z_init_SMP_P_??_*)))
 *(SORT_BY_NAME(SORT_BY_ALIGNMENT(.z_init_SMP_P_???_*)))
                0x0000000000003c44                __init_end = .

device_area     0x0000000000003c44       0x54
                0x0000000000003c44                _device_list_start = .
 *(SORT_BY_NAME(SORT_BY_ALIGNMENT(._device.static.*_?_*)))
 *(SORT_BY_NAME(SORT_BY_ALIGNMENT(._device.static.*_??_*)))
 ._device.static.1_30_
                0x0000000000003c44       0x1c modules/zephyr-ytm32-module/drivers/clock_control/lib..__zephyr-ytm32-module__drivers__clock_control.a(clock_control_ytm32.c.obj)
                0x0000000000003c44                __device_dts_ord_5
 ._device.static.1_40_
                0x0000000000003c60       0x1c modules/zephyr-ytm32-module/drivers/gpio/lib..__zephyr-ytm32-module__drivers__gpio.a(gpio_ytm32.c.obj)
                0x0000000000003c60                __device_dts_ord_8
 ._device.static.1_50_
                0x0000000000003c7c       0x1c modules/zephyr-ytm32-module/drivers/serial/lib..__zephyr-ytm32-module__drivers__serial.a(uart_ytm32.c.obj)
                0x0000000000003c7c                __device_dts_ord_27
 *(SORT_BY_NAME(SORT_BY_ALIGNMENT(._device.static.*_???_*)))
 *(SORT_BY_NAME(SORT_BY_ALIGNMENT(._device.static.*_????_*)))
 *(SORT_BY_NAME(SORT_BY_ALIGNMENT(._device.static.*_?????_*)))
                0x0000000000003c98                _device_list_end = .

sw_isr_table    0x0000000000003c98      0x260
                0x0000000000003c98                . = ALIGN (0x4)
 *(SORT_BY_ALIGNMENT(.gnu.linkonce.sw_isr_table*))
 .gnu.linkonce.sw_isr_table
                0x0000000000003c98      0x260 zephyr/arch/common/libisr_tables.a(isr_tables.c.obj)
                0x0000000000003c98                _sw_isr_table

initlevel_error
                0x0000000000003c04        0x0
 *(SORT_BY_NAME(SORT_BY_ALIGNMENT(.z_init_*)))
                0x0000000000000001                ASSERT ((SIZEOF (initlevel_error) == 0x0), Undefined initialization levels used.)

app_shmem_regions
                0x0000000000003ef8        0x0
                0x0000000000003ef8                __app_shmem_regions_start = .
 *(SORT_BY_NAME(SORT_BY_ALIGNMENT(.app_regions.*)))
                0x0000000000003ef8                __app_shmem_regions_end = .

k_p4wq_initparam_area
                0x0000000000003ef8        0x0
                0x0000000000003ef8                _k_p4wq_initparam_list_start = .
 *(SORT_BY_NAME(SORT_BY_ALIGNMENT(._k_p4wq_initparam.static.*)))
                0x0000000000003ef8                _k_p4wq_initparam_list_end = .

_static_thread_data_area
                0x0000000000003ef8        0x0
                0x0000000000003ef8                __static_thread_data_list_start = .
 *(SORT_BY_NAME(SORT_BY_ALIGNMENT(.__static_thread_data.static.*)))
                0x0000000000003ef8                __static_thread_data_list_end = .

device_deps     0x0000000000003ef8        0x0
                0x0000000000003ef8                __device_deps_start = .
 *(SORT_BY_NAME(SORT_BY_ALIGNMENT(.__device_deps_pass2*)))
                0x0000000000003ef8                __device_deps_end = .

gpio_driver_api_area
                0x0000000000003ef8       0x24
                0x0000000000003ef8                _gpio_driver_api_list_start = .
 *(SORT_BY_NAME(SORT_BY_ALIGNMENT(._gpio_driver_api.static.*)))
 ._gpio_driver_api.static.gpio_ytm32_api_
                0x0000000000003ef8       0x24 modules/zephyr-ytm32-module/drivers/gpio/lib..__zephyr-ytm32-module__drivers__gpio.a(gpio_ytm32.c.obj)
                0x0000000000003f1c                _gpio_driver_api_list_end = .

shared_irq_driver_api_area
                0x0000000000003f1c        0x0
                0x0000000000003f1c                _shared_irq_driver_api_list_start = .
 *(SORT_BY_NAME(SORT_BY_ALIGNMENT(._shared_irq_driver_api.static.*)))
                0x0000000000003f1c                _shared_irq_driver_api_list_end = .

crypto_driver_api_area
                0x0000000000003f1c        0x0
                0x0000000000003f1c                _crypto_driver_api_list_start = .
 *(SORT_BY_NAME(SORT_BY_ALIGNMENT(._crypto_driver_api.static.*)))
                0x0000000000003f1c                _crypto_driver_api_list_end = .

adc_driver_api_area
                0x0000000000003f1c        0x0
                0x0000000000003f1c                _adc_driver_api_list_start = .
 *(SORT_BY_NAME(SORT_BY_ALIGNMENT(._adc_driver_api.static.*)))
                0x0000000000003f1c                _adc_driver_api_list_end = .

auxdisplay_driver_api_area
                0x0000000000003f1c        0x0
                0x0000000000003f1c                _auxdisplay_driver_api_list_start = .
 *(SORT_BY_NAME(SORT_BY_ALIGNMENT(._auxdisplay_driver_api.static.*)))
                0x0000000000003f1c                _auxdisplay_driver_api_list_end = .

bbram_driver_api_area
                0x0000000000003f1c        0x0
                0x0000000000003f1c                _bbram_driver_api_list_start = .
 *(SORT_BY_NAME(SORT_BY_ALIGNMENT(._bbram_driver_api.static.*)))
                0x0000000000003f1c                _bbram_driver_api_list_end = .

biometric_driver_api_area
                0x0000000000003f1c        0x0
                0x0000000000003f1c                _biometric_driver_api_list_start = .
 *(SORT_BY_NAME(SORT_BY_ALIGNMENT(._biometric_driver_api.static.*)))
                0x0000000000003f1c                _biometric_driver_api_list_end = .

bt_hci_driver_api_area
                0x0000000000003f1c        0x0
                0x0000000000003f1c                _bt_hci_driver_api_list_start = .
 *(SORT_BY_NAME(SORT_BY_ALIGNMENT(._bt_hci_driver_api.static.*)))
                0x0000000000003f1c                _bt_hci_driver_api_list_end = .

can_driver_api_area
                0x0000000000003f1c        0x0
                0x0000000000003f1c                _can_driver_api_list_start = .
 *(SORT_BY_NAME(SORT_BY_ALIGNMENT(._can_driver_api.static.*)))
                0x0000000000003f1c                _can_driver_api_list_end = .

cellular_driver_api_area
                0x0000000000003f1c        0x0
                0x0000000000003f1c                _cellular_driver_api_list_start = .
 *(SORT_BY_NAME(SORT_BY_ALIGNMENT(._cellular_driver_api.static.*)))
                0x0000000000003f1c                _cellular_driver_api_list_end = .

charger_driver_api_area
                0x0000000000003f1c        0x0
                0x0000000000003f1c                _charger_driver_api_list_start = .
 *(SORT_BY_NAME(SORT_BY_ALIGNMENT(._charger_driver_api.static.*)))
                0x0000000000003f1c                _charger_driver_api_list_end = .

clock_control_driver_api_area
                0x0000000000003f1c        0x0
                0x0000000000003f1c                _clock_control_driver_api_list_start = .
 *(SORT_BY_NAME(SORT_BY_ALIGNMENT(._clock_control_driver_api.static.*)))
                0x0000000000003f1c                _clock_control_driver_api_list_end = .

comparator_driver_api_area
                0x0000000000003f1c        0x0
                0x0000000000003f1c                _comparator_driver_api_list_start = .
 *(SORT_BY_NAME(SORT_BY_ALIGNMENT(._comparator_driver_api.static.*)))
                0x0000000000003f1c                _comparator_driver_api_list_end = .

coredump_driver_api_area
                0x0000000000003f1c        0x0
                0x0000000000003f1c                _coredump_driver_api_list_start = .
 *(SORT_BY_NAME(SORT_BY_ALIGNMENT(._coredump_driver_api.static.*)))
                0x0000000000003f1c                _coredump_driver_api_list_end = .

counter_driver_api_area
                0x0000000000003f1c        0x0
                0x0000000000003f1c                _counter_driver_api_list_start = .
 *(SORT_BY_NAME(SORT_BY_ALIGNMENT(._counter_driver_api.static.*)))
                0x0000000000003f1c                _counter_driver_api_list_end = .

crc_driver_api_area
                0x0000000000003f1c        0x0
                0x0000000000003f1c                _crc_driver_api_list_start = .
 *(SORT_BY_NAME(SORT_BY_ALIGNMENT(._crc_driver_api.static.*)))
                0x0000000000003f1c                _crc_driver_api_list_end = .

dac_driver_api_area
                0x0000000000003f1c        0x0
                0x0000000000003f1c                _dac_driver_api_list_start = .
 *(SORT_BY_NAME(SORT_BY_ALIGNMENT(._dac_driver_api.static.*)))
                0x0000000000003f1c                _dac_driver_api_list_end = .

dai_driver_api_area
                0x0000000000003f1c        0x0
                0x0000000000003f1c                _dai_driver_api_list_start = .
 *(SORT_BY_NAME(SORT_BY_ALIGNMENT(._dai_driver_api.static.*)))
                0x0000000000003f1c                _dai_driver_api_list_end = .

display_driver_api_area
                0x0000000000003f1c        0x0
                0x0000000000003f1c                _display_driver_api_list_start = .
 *(SORT_BY_NAME(SORT_BY_ALIGNMENT(._display_driver_api.static.*)))
                0x0000000000003f1c                _display_driver_api_list_end = .

dma_driver_api_area
                0x0000000000003f1c        0x0
                0x0000000000003f1c                _dma_driver_api_list_start = .
 *(SORT_BY_NAME(SORT_BY_ALIGNMENT(._dma_driver_api.static.*)))
                0x0000000000003f1c                _dma_driver_api_list_end = .

edac_driver_api_area
                0x0000000000003f1c        0x0
                0x0000000000003f1c                _edac_driver_api_list_start = .
 *(SORT_BY_NAME(SORT_BY_ALIGNMENT(._edac_driver_api.static.*)))
                0x0000000000003f1c                _edac_driver_api_list_end = .

eeprom_driver_api_area
                0x0000000000003f1c        0x0
                0x0000000000003f1c                _eeprom_driver_api_list_start = .
 *(SORT_BY_NAME(SORT_BY_ALIGNMENT(._eeprom_driver_api.static.*)))
                0x0000000000003f1c                _eeprom_driver_api_list_end = .

emul_bbram_driver_api_area
                0x0000000000003f1c        0x0
                0x0000000000003f1c                _emul_bbram_driver_api_list_start = .
 *(SORT_BY_NAME(SORT_BY_ALIGNMENT(._emul_bbram_driver_api.static.*)))
                0x0000000000003f1c                _emul_bbram_driver_api_list_end = .

fuel_gauge_emul_driver_api_area
                0x0000000000003f1c        0x0
                0x0000000000003f1c                _fuel_gauge_emul_driver_api_list_start = .
 *(SORT_BY_NAME(SORT_BY_ALIGNMENT(._fuel_gauge_emul_driver_api.static.*)))
                0x0000000000003f1c                _fuel_gauge_emul_driver_api_list_end = .

emul_sensor_driver_api_area
                0x0000000000003f1c        0x0
                0x0000000000003f1c                _emul_sensor_driver_api_list_start = .
 *(SORT_BY_NAME(SORT_BY_ALIGNMENT(._emul_sensor_driver_api.static.*)))
                0x0000000000003f1c                _emul_sensor_driver_api_list_end = .

entropy_driver_api_area
                0x0000000000003f1c        0x0
                0x0000000000003f1c                _entropy_driver_api_list_start = .
 *(SORT_BY_NAME(SORT_BY_ALIGNMENT(._entropy_driver_api.static.*)))
                0x0000000000003f1c                _entropy_driver_api_list_end = .

espi_driver_api_area
                0x0000000000003f1c        0x0
                0x0000000000003f1c                _espi_driver_api_list_start = .
 *(SORT_BY_NAME(SORT_BY_ALIGNMENT(._espi_driver_api.static.*)))
                0x0000000000003f1c                _espi_driver_api_list_end = .

espi_saf_driver_api_area
                0x0000000000003f1c        0x0
                0x0000000000003f1c                _espi_saf_driver_api_list_start = .
 *(SORT_BY_NAME(SORT_BY_ALIGNMENT(._espi_saf_driver_api.static.*)))
                0x0000000000003f1c                _espi_saf_driver_api_list_end = .

flash_driver_api_area
                0x0000000000003f1c        0x0
                0x0000000000003f1c                _flash_driver_api_list_start = .
 *(SORT_BY_NAME(SORT_BY_ALIGNMENT(._flash_driver_api.static.*)))
                0x0000000000003f1c                _flash_driver_api_list_end = .

fpga_driver_api_area
                0x0000000000003f1c        0x0
                0x0000000000003f1c                _fpga_driver_api_list_start = .
 *(SORT_BY_NAME(SORT_BY_ALIGNMENT(._fpga_driver_api.static.*)))
                0x0000000000003f1c                _fpga_driver_api_list_end = .

fuel_gauge_driver_api_area
                0x0000000000003f1c        0x0
                0x0000000000003f1c                _fuel_gauge_driver_api_list_start = .
 *(SORT_BY_NAME(SORT_BY_ALIGNMENT(._fuel_gauge_driver_api.static.*)))
                0x0000000000003f1c                _fuel_gauge_driver_api_list_end = .

gnss_driver_api_area
                0x0000000000003f1c        0x0
                0x0000000000003f1c                _gnss_driver_api_list_start = .
 *(SORT_BY_NAME(SORT_BY_ALIGNMENT(._gnss_driver_api.static.*)))
                0x0000000000003f1c                _gnss_driver_api_list_end = .

haptics_driver_api_area
                0x0000000000003f1c        0x0
                0x0000000000003f1c                _haptics_driver_api_list_start = .
 *(SORT_BY_NAME(SORT_BY_ALIGNMENT(._haptics_driver_api.static.*)))
                0x0000000000003f1c                _haptics_driver_api_list_end = .

hwspinlock_driver_api_area
                0x0000000000003f1c        0x0
                0x0000000000003f1c                _hwspinlock_driver_api_list_start = .
 *(SORT_BY_NAME(SORT_BY_ALIGNMENT(._hwspinlock_driver_api.static.*)))
                0x0000000000003f1c                _hwspinlock_driver_api_list_end = .

i2c_driver_api_area
                0x0000000000003f1c        0x0
                0x0000000000003f1c                _i2c_driver_api_list_start = .
 *(SORT_BY_NAME(SORT_BY_ALIGNMENT(._i2c_driver_api.static.*)))
                0x0000000000003f1c                _i2c_driver_api_list_end = .

i2c_target_driver_api_area
                0x0000000000003f1c        0x0
                0x0000000000003f1c                _i2c_target_driver_api_list_start = .
 *(SORT_BY_NAME(SORT_BY_ALIGNMENT(._i2c_target_driver_api.static.*)))
                0x0000000000003f1c                _i2c_target_driver_api_list_end = .

i2s_driver_api_area
                0x0000000000003f1c        0x0
                0x0000000000003f1c                _i2s_driver_api_list_start = .
 *(SORT_BY_NAME(SORT_BY_ALIGNMENT(._i2s_driver_api.static.*)))
                0x0000000000003f1c                _i2s_driver_api_list_end = .

i3c_driver_api_area
                0x0000000000003f1c        0x0
                0x0000000000003f1c                _i3c_driver_api_list_start = .
 *(SORT_BY_NAME(SORT_BY_ALIGNMENT(._i3c_driver_api.static.*)))
                0x0000000000003f1c                _i3c_driver_api_list_end = .

ipm_driver_api_area
                0x0000000000003f1c        0x0
                0x0000000000003f1c                _ipm_driver_api_list_start = .
 *(SORT_BY_NAME(SORT_BY_ALIGNMENT(._ipm_driver_api.static.*)))
                0x0000000000003f1c                _ipm_driver_api_list_end = .

led_driver_api_area
                0x0000000000003f1c        0x0
                0x0000000000003f1c                _led_driver_api_list_start = .
 *(SORT_BY_NAME(SORT_BY_ALIGNMENT(._led_driver_api.static.*)))
                0x0000000000003f1c                _led_driver_api_list_end = .

led_strip_driver_api_area
                0x0000000000003f1c        0x0
                0x0000000000003f1c                _led_strip_driver_api_list_start = .
 *(SORT_BY_NAME(SORT_BY_ALIGNMENT(._led_strip_driver_api.static.*)))
                0x0000000000003f1c                _led_strip_driver_api_list_end = .

lora_driver_api_area
                0x0000000000003f1c        0x0
                0x0000000000003f1c                _lora_driver_api_list_start = .
 *(SORT_BY_NAME(SORT_BY_ALIGNMENT(._lora_driver_api.static.*)))
                0x0000000000003f1c                _lora_driver_api_list_end = .

mbox_driver_api_area
                0x0000000000003f1c        0x0
                0x0000000000003f1c                _mbox_driver_api_list_start = .
 *(SORT_BY_NAME(SORT_BY_ALIGNMENT(._mbox_driver_api.static.*)))
                0x0000000000003f1c                _mbox_driver_api_list_end = .

mdio_driver_api_area
                0x0000000000003f1c        0x0
                0x0000000000003f1c                _mdio_driver_api_list_start = .
 *(SORT_BY_NAME(SORT_BY_ALIGNMENT(._mdio_driver_api.static.*)))
                0x0000000000003f1c                _mdio_driver_api_list_end = .

mipi_dbi_driver_api_area
                0x0000000000003f1c        0x0
                0x0000000000003f1c                _mipi_dbi_driver_api_list_start = .
 *(SORT_BY_NAME(SORT_BY_ALIGNMENT(._mipi_dbi_driver_api.static.*)))
                0x0000000000003f1c                _mipi_dbi_driver_api_list_end = .

mipi_dsi_driver_api_area
                0x0000000000003f1c        0x0
                0x0000000000003f1c                _mipi_dsi_driver_api_list_start = .
 *(SORT_BY_NAME(SORT_BY_ALIGNMENT(._mipi_dsi_driver_api.static.*)))
                0x0000000000003f1c                _mipi_dsi_driver_api_list_end = .

mspi_driver_api_area
                0x0000000000003f1c        0x0
                0x0000000000003f1c                _mspi_driver_api_list_start = .
 *(SORT_BY_NAME(SORT_BY_ALIGNMENT(._mspi_driver_api.static.*)))
                0x0000000000003f1c                _mspi_driver_api_list_end = .

opamp_driver_api_area
                0x0000000000003f1c        0x0
                0x0000000000003f1c                _opamp_driver_api_list_start = .
 *(SORT_BY_NAME(SORT_BY_ALIGNMENT(._opamp_driver_api.static.*)))
                0x0000000000003f1c                _opamp_driver_api_list_end = .

otp_driver_api_area
                0x0000000000003f1c        0x0
                0x0000000000003f1c                _otp_driver_api_list_start = .
 *(SORT_BY_NAME(SORT_BY_ALIGNMENT(._otp_driver_api.static.*)))
                0x0000000000003f1c                _otp_driver_api_list_end = .

peci_driver_api_area
                0x0000000000003f1c        0x0
                0x0000000000003f1c                _peci_driver_api_list_start = .
 *(SORT_BY_NAME(SORT_BY_ALIGNMENT(._peci_driver_api.static.*)))
                0x0000000000003f1c                _peci_driver_api_list_end = .

ps2_driver_api_area
                0x0000000000003f1c        0x0
                0x0000000000003f1c                _ps2_driver_api_list_start = .
 *(SORT_BY_NAME(SORT_BY_ALIGNMENT(._ps2_driver_api.static.*)))
                0x0000000000003f1c                _ps2_driver_api_list_end = .

ptp_clock_driver_api_area
                0x0000000000003f1c        0x0
                0x0000000000003f1c                _ptp_clock_driver_api_list_start = .
 *(SORT_BY_NAME(SORT_BY_ALIGNMENT(._ptp_clock_driver_api.static.*)))
                0x0000000000003f1c                _ptp_clock_driver_api_list_end = .

pwm_driver_api_area
                0x0000000000003f1c        0x0
                0x0000000000003f1c                _pwm_driver_api_list_start = .
 *(SORT_BY_NAME(SORT_BY_ALIGNMENT(._pwm_driver_api.static.*)))
                0x0000000000003f1c                _pwm_driver_api_list_end = .

regulator_parent_driver_api_area
                0x0000000000003f1c        0x0
                0x0000000000003f1c                _regulator_parent_driver_api_list_start = .
 *(SORT_BY_NAME(SORT_BY_ALIGNMENT(._regulator_parent_driver_api.static.*)))
                0x0000000000003f1c                _regulator_parent_driver_api_list_end = .

regulator_driver_api_area
                0x0000000000003f1c        0x0
                0x0000000000003f1c                _regulator_driver_api_list_start = .
 *(SORT_BY_NAME(SORT_BY_ALIGNMENT(._regulator_driver_api.static.*)))
                0x0000000000003f1c                _regulator_driver_api_list_end = .

reset_driver_api_area
                0x0000000000003f1c        0x0
                0x0000000000003f1c                _reset_driver_api_list_start = .
 *(SORT_BY_NAME(SORT_BY_ALIGNMENT(._reset_driver_api.static.*)))
                0x0000000000003f1c                _reset_driver_api_list_end = .

retained_mem_driver_api_area
                0x0000000000003f1c        0x0
                0x0000000000003f1c                _retained_mem_driver_api_list_start = .
 *(SORT_BY_NAME(SORT_BY_ALIGNMENT(._retained_mem_driver_api.static.*)))
                0x0000000000003f1c                _retained_mem_driver_api_list_end = .

rtc_driver_api_area
                0x0000000000003f1c        0x0
                0x0000000000003f1c                _rtc_driver_api_list_start = .
 *(SORT_BY_NAME(SORT_BY_ALIGNMENT(._rtc_driver_api.static.*)))
                0x0000000000003f1c                _rtc_driver_api_list_end = .

sdhc_driver_api_area
                0x0000000000003f1c        0x0
                0x0000000000003f1c                _sdhc_driver_api_list_start = .
 *(SORT_BY_NAME(SORT_BY_ALIGNMENT(._sdhc_driver_api.static.*)))
                0x0000000000003f1c                _sdhc_driver_api_list_end = .

sensor_driver_api_area
                0x0000000000003f1c        0x0
                0x0000000000003f1c                _sensor_driver_api_list_start = .
 *(SORT_BY_NAME(SORT_BY_ALIGNMENT(._sensor_driver_api.static.*)))
                0x0000000000003f1c                _sensor_driver_api_list_end = .

smbus_driver_api_area
                0x0000000000003f1c        0x0
                0x0000000000003f1c                _smbus_driver_api_list_start = .
 *(SORT_BY_NAME(SORT_BY_ALIGNMENT(._smbus_driver_api.static.*)))
                0x0000000000003f1c                _smbus_driver_api_list_end = .

spi_driver_api_area
                0x0000000000003f1c        0x0
                0x0000000000003f1c                _spi_driver_api_list_start = .
 *(SORT_BY_NAME(SORT_BY_ALIGNMENT(._spi_driver_api.static.*)))
                0x0000000000003f1c                _spi_driver_api_list_end = .

syscon_driver_api_area
                0x0000000000003f1c        0x0
                0x0000000000003f1c                _syscon_driver_api_list_start = .
 *(SORT_BY_NAME(SORT_BY_ALIGNMENT(._syscon_driver_api.static.*)))
                0x0000000000003f1c                _syscon_driver_api_list_end = .

tee_driver_api_area
                0x0000000000003f1c        0x0
                0x0000000000003f1c                _tee_driver_api_list_start = .
 *(SORT_BY_NAME(SORT_BY_ALIGNMENT(._tee_driver_api.static.*)))
                0x0000000000003f1c                _tee_driver_api_list_end = .

video_driver_api_area
                0x0000000000003f1c        0x0
                0x0000000000003f1c                _video_driver_api_list_start = .
 *(SORT_BY_NAME(SORT_BY_ALIGNMENT(._video_driver_api.static.*)))
                0x0000000000003f1c                _video_driver_api_list_end = .

virtio_driver_api_area
                0x0000000000003f1c        0x0
                0x0000000000003f1c                _virtio_driver_api_list_start = .
 *(SORT_BY_NAME(SORT_BY_ALIGNMENT(._virtio_driver_api.static.*)))
                0x0000000000003f1c                _virtio_driver_api_list_end = .

w1_driver_api_area
                0x0000000000003f1c        0x0
                0x0000000000003f1c                _w1_driver_api_list_start = .
 *(SORT_BY_NAME(SORT_BY_ALIGNMENT(._w1_driver_api.static.*)))
                0x0000000000003f1c                _w1_driver_api_list_end = .

wdt_driver_api_area
                0x0000000000003f1c        0x0
                0x0000000000003f1c                _wdt_driver_api_list_start = .
 *(SORT_BY_NAME(SORT_BY_ALIGNMENT(._wdt_driver_api.static.*)))
                0x0000000000003f1c                _wdt_driver_api_list_end = .

can_transceiver_driver_api_area
                0x0000000000003f1c        0x0
                0x0000000000003f1c                _can_transceiver_driver_api_list_start = .
 *(SORT_BY_NAME(SORT_BY_ALIGNMENT(._can_transceiver_driver_api.static.*)))
                0x0000000000003f1c                _can_transceiver_driver_api_list_end = .

nrf_clock_control_driver_api_area
                0x0000000000003f1c        0x0
                0x0000000000003f1c                _nrf_clock_control_driver_api_list_start = .
 *(SORT_BY_NAME(SORT_BY_ALIGNMENT(._nrf_clock_control_driver_api.static.*)))
                0x0000000000003f1c                _nrf_clock_control_driver_api_list_end = .

i3c_target_driver_api_area
                0x0000000000003f1c        0x0
                0x0000000000003f1c                _i3c_target_driver_api_list_start = .
 *(SORT_BY_NAME(SORT_BY_ALIGNMENT(._i3c_target_driver_api.static.*)))
                0x0000000000003f1c                _i3c_target_driver_api_list_end = .

its_driver_api_area
                0x0000000000003f1c        0x0
                0x0000000000003f1c                _its_driver_api_list_start = .
 *(SORT_BY_NAME(SORT_BY_ALIGNMENT(._its_driver_api.static.*)))
                0x0000000000003f1c                _its_driver_api_list_end = .

vtd_driver_api_area
                0x0000000000003f1c        0x0
                0x0000000000003f1c                _vtd_driver_api_list_start = .
 *(SORT_BY_NAME(SORT_BY_ALIGNMENT(._vtd_driver_api.static.*)))
                0x0000000000003f1c                _vtd_driver_api_list_end = .

renesas_elc_driver_api_area
                0x0000000000003f1c        0x0
                0x0000000000003f1c                _renesas_elc_driver_api_list_start = .
 *(SORT_BY_NAME(SORT_BY_ALIGNMENT(._renesas_elc_driver_api.static.*)))
                0x0000000000003f1c                _renesas_elc_driver_api_list_end = .

tgpio_driver_api_area
                0x0000000000003f1c        0x0
                0x0000000000003f1c                _tgpio_driver_api_list_start = .
 *(SORT_BY_NAME(SORT_BY_ALIGNMENT(._tgpio_driver_api.static.*)))
                0x0000000000003f1c                _tgpio_driver_api_list_end = .

pcie_ctrl_driver_api_area
                0x0000000000003f1c        0x0
                0x0000000000003f1c                _pcie_ctrl_driver_api_list_start = .
 *(SORT_BY_NAME(SORT_BY_ALIGNMENT(._pcie_ctrl_driver_api.static.*)))
                0x0000000000003f1c                _pcie_ctrl_driver_api_list_end = .

pcie_ep_driver_api_area
                0x0000000000003f1c        0x0
                0x0000000000003f1c                _pcie_ep_driver_api_list_start = .
 *(SORT_BY_NAME(SORT_BY_ALIGNMENT(._pcie_ep_driver_api.static.*)))
                0x0000000000003f1c                _pcie_ep_driver_api_list_end = .

psi5_driver_api_area
                0x0000000000003f1c        0x0
                0x0000000000003f1c                _psi5_driver_api_list_start = .
 *(SORT_BY_NAME(SORT_BY_ALIGNMENT(._psi5_driver_api.static.*)))
                0x0000000000003f1c                _psi5_driver_api_list_end = .

sent_driver_api_area
                0x0000000000003f1c        0x0
                0x0000000000003f1c                _sent_driver_api_list_start = .
 *(SORT_BY_NAME(SORT_BY_ALIGNMENT(._sent_driver_api.static.*)))
                0x0000000000003f1c                _sent_driver_api_list_end = .

svc_driver_api_area
                0x0000000000003f1c        0x0
                0x0000000000003f1c                _svc_driver_api_list_start = .
 *(SORT_BY_NAME(SORT_BY_ALIGNMENT(._svc_driver_api.static.*)))
                0x0000000000003f1c                _svc_driver_api_list_end = .

stepper_driver_api_area
                0x0000000000003f1c        0x0
                0x0000000000003f1c                _stepper_driver_api_list_start = .
 *(SORT_BY_NAME(SORT_BY_ALIGNMENT(._stepper_driver_api.static.*)))
                0x0000000000003f1c                _stepper_driver_api_list_end = .

stepper_ctrl_driver_api_area
                0x0000000000003f1c        0x0
                0x0000000000003f1c                _stepper_ctrl_driver_api_list_start = .
 *(SORT_BY_NAME(SORT_BY_ALIGNMENT(._stepper_ctrl_driver_api.static.*)))
                0x0000000000003f1c                _stepper_ctrl_driver_api_list_end = .

uart_driver_api_area
                0x0000000000003f1c        0x0
                0x0000000000003f1c                _uart_driver_api_list_start = .
 *(SORT_BY_NAME(SORT_BY_ALIGNMENT(._uart_driver_api.static.*)))
                0x0000000000003f1c                _uart_driver_api_list_end = .

bc12_emul_driver_api_area
                0x0000000000003f1c        0x0
                0x0000000000003f1c                _bc12_emul_driver_api_list_start = .
 *(SORT_BY_NAME(SORT_BY_ALIGNMENT(._bc12_emul_driver_api.static.*)))
                0x0000000000003f1c                _bc12_emul_driver_api_list_end = .

bc12_driver_api_area
                0x0000000000003f1c        0x0
                0x0000000000003f1c                _bc12_driver_api_list_start = .
 *(SORT_BY_NAME(SORT_BY_ALIGNMENT(._bc12_driver_api.static.*)))
                0x0000000000003f1c                _bc12_driver_api_list_end = .

usbc_ppc_driver_api_area
                0x0000000000003f1c        0x0
                0x0000000000003f1c                _usbc_ppc_driver_api_list_start = .
 *(SORT_BY_NAME(SORT_BY_ALIGNMENT(._usbc_ppc_driver_api.static.*)))
                0x0000000000003f1c                _usbc_ppc_driver_api_list_end = .

tcpc_driver_api_area
                0x0000000000003f1c        0x0
                0x0000000000003f1c                _tcpc_driver_api_list_start = .
 *(SORT_BY_NAME(SORT_BY_ALIGNMENT(._tcpc_driver_api.static.*)))
                0x0000000000003f1c                _tcpc_driver_api_list_end = .

usbc_vbus_driver_api_area
                0x0000000000003f1c        0x0
                0x0000000000003f1c                _usbc_vbus_driver_api_list_start = .
 *(SORT_BY_NAME(SORT_BY_ALIGNMENT(._usbc_vbus_driver_api.static.*)))
                0x0000000000003f1c                _usbc_vbus_driver_api_list_end = .

ivshmem_driver_api_area
                0x0000000000003f1c        0x0
                0x0000000000003f1c                _ivshmem_driver_api_list_start = .
 *(SORT_BY_NAME(SORT_BY_ALIGNMENT(._ivshmem_driver_api.static.*)))
                0x0000000000003f1c                _ivshmem_driver_api_list_end = .

ethphy_driver_api_area
                0x0000000000003f1c        0x0
                0x0000000000003f1c                _ethphy_driver_api_list_start = .
 *(SORT_BY_NAME(SORT_BY_ALIGNMENT(._ethphy_driver_api.static.*)))
                0x0000000000003f1c                _ethphy_driver_api_list_end = .

ztest           0x0000000000003f1c        0x0
                0x0000000000003f1c                _ztest_expected_result_entry_list_start = .
 *(SORT_BY_NAME(SORT_BY_ALIGNMENT(._ztest_expected_result_entry.static.*)))
                0x0000000000003f1c                _ztest_expected_result_entry_list_end = .
                0x0000000000003f1c                _ztest_suite_node_list_start = .
 *(SORT_BY_NAME(SORT_BY_ALIGNMENT(._ztest_suite_node.static.*)))
                0x0000000000003f1c                _ztest_suite_node_list_end = .
                0x0000000000003f1c                _ztest_unit_test_list_start = .
 *(SORT_BY_NAME(SORT_BY_ALIGNMENT(._ztest_unit_test.static.*)))
                0x0000000000003f1c                _ztest_unit_test_list_end = .
                0x0000000000003f1c                _ztest_test_rule_list_start = .
 *(SORT_BY_NAME(SORT_BY_ALIGNMENT(._ztest_test_rule.static.*)))
                0x0000000000003f1c                _ztest_test_rule_list_end = .

init_array      0x0000000000003f1c        0x0
                0x0000000000003f1c                __zephyr_init_array_start = .
 *(SORT_BY_INIT_PRIORITY(.init_array.*) SORT_BY_INIT_PRIORITY(.ctors.*))
 *(SORT_BY_ALIGNMENT(.init_array) SORT_BY_ALIGNMENT(.ctors))
                0x0000000000003f1c                __zephyr_init_array_end = .
                0x0000000000000001                ASSERT ((__zephyr_init_array_start == __zephyr_init_array_end), GNU-style constructors required but STATIC_INIT_GNU not enabled)

bt_l2cap_fixed_chan_area
                0x0000000000003f1c        0x0
                0x0000000000003f1c                _bt_l2cap_fixed_chan_list_start = .
 *(SORT_BY_NAME(SORT_BY_ALIGNMENT(._bt_l2cap_fixed_chan.static.*)))
                0x0000000000003f1c                _bt_l2cap_fixed_chan_list_end = .

bt_gatt_service_static_area
                0x0000000000003f1c        0x0
                0x0000000000003f1c                _bt_gatt_service_static_list_start = .
 *(SORT_BY_NAME(SORT_BY_ALIGNMENT(._bt_gatt_service_static.static.*)))
                0x0000000000003f1c                _bt_gatt_service_static_list_end = .

log_strings_area
                0x0000000000003f1c        0x0
                0x0000000000003f1c                _log_strings_list_start = .
 *(SORT_BY_NAME(SORT_BY_ALIGNMENT(._log_strings.static.*)))
                0x0000000000003f1c                _log_strings_list_end = .

log_stmesp_ptr_area
                0x0000000000003f1c        0x0
                0x0000000000003f1c                _log_stmesp_ptr_list_start = .
 *(SORT_BY_NAME(SORT_BY_ALIGNMENT(._log_stmesp_ptr.static.*)))
                0x0000000000003f1c                _log_stmesp_ptr_list_end = .

log_stmesp_str_area
                0x0000000000003f1c        0x0
                0x0000000000003f1c                _log_stmesp_str_list_start = .
 *(SORT_BY_NAME(SORT_BY_ALIGNMENT(._log_stmesp_str.static.*)))
                0x0000000000003f1c                _log_stmesp_str_list_end = .

log_const_area  0x0000000000003f1c        0x0
                0x0000000000003f1c                _log_const_list_start = .
 *(SORT_BY_NAME(SORT_BY_ALIGNMENT(._log_const.static.*)))
                0x0000000000003f1c                _log_const_list_end = .

log_backend_area
                0x0000000000003f1c        0x0
                0x0000000000003f1c                _log_backend_list_start = .
 *(SORT_BY_NAME(SORT_BY_ALIGNMENT(._log_backend.static.*)))
                0x0000000000003f1c                _log_backend_list_end = .

log_link_area   0x0000000000003f1c        0x0
                0x0000000000003f1c                _log_link_list_start = .
 *(SORT_BY_NAME(SORT_BY_ALIGNMENT(._log_link.static.*)))
                0x0000000000003f1c                _log_link_list_end = .

tracing_backend_area
                0x0000000000003f1c        0x0
                0x0000000000003f1c                _tracing_backend_list_start = .
 *(SORT_BY_NAME(SORT_BY_ALIGNMENT(._tracing_backend.static.*)))
                0x0000000000003f1c                _tracing_backend_list_end = .

zephyr_dbg_info
 *(SORT_BY_ALIGNMENT(.dbg_thread_info))

intc_table_area
                0x0000000000003f1c        0x0
                0x0000000000003f1c                _intc_table_list_start = .
 *(SORT_BY_NAME(SORT_BY_ALIGNMENT(._intc_table.static.*)))
                0x0000000000003f1c                _intc_table_list_end = .

symbol_to_keep  0x0000000000003f1c        0x0
                0x0000000000003f1c                __symbol_to_keep_start = .
 *(SORT_BY_NAME(SORT_BY_ALIGNMENT(.symbol_to_keep*)))
                0x0000000000003f1c                __symbol_to_keep_end = .

shell_area      0x0000000000003f1c        0x0
                0x0000000000003f1c                _shell_list_start = .
 *(SORT_BY_NAME(SORT_BY_ALIGNMENT(._shell.static.*)))
                0x0000000000003f1c                _shell_list_end = .

shell_root_cmds_area
                0x0000000000003f1c        0x0
                0x0000000000003f1c                _shell_root_cmds_list_start = .
 *(SORT_BY_NAME(SORT_BY_ALIGNMENT(._shell_root_cmds.static.*)))
                0x0000000000003f1c                _shell_root_cmds_list_end = .

shell_subcmds_area
                0x0000000000003f1c        0x0
                0x0000000000003f1c                _shell_subcmds_list_start = .
 *(SORT_BY_NAME(SORT_BY_ALIGNMENT(._shell_subcmds.static.*)))
                0x0000000000003f1c                _shell_subcmds_list_end = .

shell_dynamic_subcmds_area
                0x0000000000003f1c        0x0
                0x0000000000003f1c                _shell_dynamic_subcmds_list_start = .
 *(SORT_BY_NAME(SORT_BY_ALIGNMENT(._shell_dynamic_subcmds.static.*)))
                0x0000000000003f1c                _shell_dynamic_subcmds_list_end = .

cfb_font_area   0x0000000000003f1c        0x0
                0x0000000000003f1c                _cfb_font_list_start = .
 *(SORT_BY_NAME(SORT_BY_ALIGNMENT(._cfb_font.static.*)))
                0x0000000000003f1c                _cfb_font_list_end = .

tdata           0x0000000000003f1c        0x0
 *(SORT_BY_ALIGNMENT(.tdata) SORT_BY_ALIGNMENT(.tdata.*) SORT_BY_ALIGNMENT(.gnu.linkonce.td.*))

tbss            0x0000000000003f1c        0x4
 *(SORT_BY_ALIGNMENT(.tbss) SORT_BY_ALIGNMENT(.tbss.*) SORT_BY_ALIGNMENT(.gnu.linkonce.tb.*) SORT_BY_ALIGNMENT(.tcommon))
 .tbss.z_tls_current
                0x0000000000003f1c        0x4 zephyr/libzephyr.a(thread_entry.c.obj)
                0x0000000000003f1c                z_tls_current
                0x0000000000003f1c                PROVIDE (__tdata_start = LOADADDR (tdata))
                0x0000000000000001                PROVIDE (__tdata_align = ALIGNOF (tdata))
                0x0000000000000000                PROVIDE (__tdata_size = (((SIZEOF (tdata) + __tdata_align) - 0x1) & ~ ((__tdata_align - 0x1))))
                [!provide]                        PROVIDE (__tdata_end = (__tdata_start + __tdata_size))
                0x0000000000000004                PROVIDE (__tbss_align = ALIGNOF (tbss))
                [!provide]                        PROVIDE (__tbss_start = ADDR (tbss))
                0x0000000000000004                PROVIDE (__tbss_size = (((SIZEOF (tbss) + __tbss_align) - 0x1) & ~ ((__tbss_align - 0x1))))
                [!provide]                        PROVIDE (__tbss_end = (__tbss_start + __tbss_size))
                [!provide]                        PROVIDE (__tls_start = __tdata_start)
                [!provide]                        PROVIDE (__tls_end = __tbss_end)
                [!provide]                        PROVIDE (__tls_size = (__tbss_end - __tdata_start))

rodata          0x0000000000003f1c      0x6c4
 *(SORT_BY_ALIGNMENT(.rodata))
 *(SORT_BY_ALIGNMENT(.rodata.*))
 .rodata.s_uartBase
                0x0000000000003f1c        0xc modules/hal_ytmicro/lib..__modules__hal__ytmicro__zephyr.a(uart_driver.c.obj)
 .rodata.uart_ytm32_config_0
                0x0000000000003f28       0x18 modules/zephyr-ytm32-module/drivers/serial/lib..__zephyr-ytm32-module__drivers__serial.a(uart_ytm32.c.obj)
 .rodata.__pinctrl_dev_config__device_dts_ord_27
                0x0000000000003f40        0x8 modules/zephyr-ytm32-module/drivers/serial/lib..__zephyr-ytm32-module__drivers__serial.a(uart_ytm32.c.obj)
 .rodata.__pinctrl_states__device_dts_ord_27
                0x0000000000003f48        0x8 modules/zephyr-ytm32-module/drivers/serial/lib..__zephyr-ytm32-module__drivers__serial.a(uart_ytm32.c.obj)
 .rodata.__pinctrl_state_pins_0__device_dts_ord_27
                0x0000000000003f50       0x10 modules/zephyr-ytm32-module/drivers/serial/lib..__zephyr-ytm32-module__drivers__serial.a(uart_ytm32.c.obj)
 .rodata.uart_ytm32_driver_api
                0x0000000000003f60       0x14 modules/zephyr-ytm32-module/drivers/serial/lib..__zephyr-ytm32-module__drivers__serial.a(uart_ytm32.c.obj)
 .rodata.clock_control_ytm32_config_0
                0x0000000000003f74       0x10 modules/zephyr-ytm32-module/drivers/clock_control/lib..__zephyr-ytm32-module__drivers__clock_control.a(clock_control_ytm32.c.obj)
 .rodata.clock_control_ytm32_api
                0x0000000000003f84       0x1c modules/zephyr-ytm32-module/drivers/clock_control/lib..__zephyr-ytm32-module__drivers__clock_control.a(clock_control_ytm32.c.obj)
 .rodata.ytm32_dts_module_clocks
                0x0000000000003fa0       0x18 modules/zephyr-ytm32-module/drivers/clock_control/lib..__zephyr-ytm32-module__drivers__clock_control.a(clock_control_ytm32.c.obj)
 .rodata.ytm32_fixed_module_clocks
                0x0000000000003fb8       0x48 modules/zephyr-ytm32-module/drivers/clock_control/lib..__zephyr-ytm32-module__drivers__clock_control.a(clock_control_ytm32.c.obj)
 .rodata.gpio_ytm32_config_0
                0x0000000000004000       0x18 modules/zephyr-ytm32-module/drivers/gpio/lib..__zephyr-ytm32-module__drivers__gpio.a(gpio_ytm32.c.obj)
 .rodata.levels.0
                0x0000000000004018       0x18 zephyr/kernel/libkernel.a(init.c.obj)
 .rodata.ytm32_cmu_config
                0x0000000000004030       0x10 zephyr/libzephyr.a(soc.c.obj)
 .rodata.clockNameMappings
                0x0000000000004040       0x56 modules/hal_ytmicro/lib..__modules__hal__ytmicro__zephyr.a(clock_YTM32B1Mx.c.obj)
                0x0000000000004040                clockNameMappings
 .rodata.s_uartRxTxIrqId
                0x0000000000004096        0x6 modules/hal_ytmicro/lib..__modules__hal__ytmicro__zephyr.a(uart_driver.c.obj)
 .rodata.main.str1.1
                0x000000000000409c       0xc8 app/libapp.a(main.c.obj)
                                         0xcb (size before relaxing)
 .rodata.z_arm_fatal_error.str1.1
                0x0000000000004164       0xb3 zephyr/arch/arch/arm/core/libarch__arm__core.a(fatal.c.obj)
 .rodata.usage_fault.constprop.0.str1.1
                0x0000000000004217       0xff zephyr/arch/arch/arm/core/cortex_m/libarch__arm__core__cortex_m.a(fault.c.obj)
 .rodata.bus_fault.constprop.0.str1.1
                0x0000000000004316       0xa2 zephyr/arch/arch/arm/core/cortex_m/libarch__arm__core__cortex_m.a(fault.c.obj)
 .rodata.mem_manage_fault.constprop.0.str1.1
                0x00000000000043b8       0x9b zephyr/arch/arch/arm/core/cortex_m/libarch__arm__core__cortex_m.a(fault.c.obj)
 .rodata.z_arm_fault.str1.1
                0x0000000000004453      0x119 zephyr/arch/arch/arm/core/cortex_m/libarch__arm__core__cortex_m.a(fault.c.obj)
 .rodata.s_uartClkNames
                0x000000000000456c        0x3 modules/hal_ytmicro/lib..__modules__hal__ytmicro__zephyr.a(uart_driver.c.obj)
 .rodata.str1.1
                0x000000000000456f        0xe modules/zephyr-ytm32-module/drivers/serial/lib..__zephyr-ytm32-module__drivers__serial.a(uart_ytm32.c.obj)
 .rodata.str1.1
                0x000000000000457d        0x4 modules/zephyr-ytm32-module/drivers/clock_control/lib..__zephyr-ytm32-module__drivers__clock_control.a(clock_control_ytm32.c.obj)
 .rodata.str1.1
                0x0000000000004581        0xe modules/zephyr-ytm32-module/drivers/gpio/lib..__zephyr-ytm32-module__drivers__gpio.a(gpio_ytm32.c.obj)
 .rodata.z_cstart.str1.1
                0x000000000000458f        0x5 zephyr/kernel/libkernel.a(init.c.obj)
 .rodata.boot_banner.str1.1
                0x0000000000004594       0x3b zephyr/kernel/libkernel.a(banner.c.obj)
 .rodata.__l_vfprintf.str1.1
                0x00000000000045cf        0xf c:\users\jinyi\zephyr-sdk-0.17.4\arm-zephyr-eabi\bin\../lib/gcc/../../picolibc/arm-zephyr-eabi/lib/thumb/v8-m.main/nofp\libc.a(libc_tinystdio_vflprintf.c.o)
 *(SORT_BY_ALIGNMENT(.gnu.linkonce.r.*))
                0x00000000000045e0                . = ALIGN (0x4)
 *fill*         0x00000000000045de        0x2 
                [!provide]                        PROVIDE (__eh_frame_start = 0x0)
                [!provide]                        PROVIDE (__eh_frame_end = 0x0)
                [!provide]                        PROVIDE (__eh_frame_hdr_start = 0x0)
                [!provide]                        PROVIDE (__eh_frame_hdr_end = 0x0)

/DISCARD/
 *(SORT_BY_ALIGNMENT(.eh_frame))
                0x00000000000045e0                __rodata_region_end = .
                0x00000000000045e0                . = ALIGN (_region_min_align)
                0x00000000000045e0                __rom_region_end = ((__rom_region_start + .) - ADDR (rom_start))
                0x00000000000045e0                __rom_region_size = (__rom_region_end - __rom_region_start)

/DISCARD/
 *(SORT_BY_ALIGNMENT(.got.plt))
 *(SORT_BY_ALIGNMENT(.igot.plt))
 *(SORT_BY_ALIGNMENT(.got))
 *(SORT_BY_ALIGNMENT(.igot))
                0x0000000020000000                . = 0x20000000
                0x0000000020000000                . = ALIGN (_region_min_align)
                0x0000000020000000                _image_ram_start = .

.ramfunc        0x0000000020000000        0x0 load address 0x00000000000045e0
                0x0000000020000000                __ramfunc_region_start = .
                0x0000000020000000                . = ALIGN (_region_min_align)
                0x0000000020000000                __ramfunc_start = .
 *(SORT_BY_ALIGNMENT(.ramfunc))
 *(SORT_BY_ALIGNMENT(.ramfunc.*))
                0x0000000020000000                . = ALIGN (_region_min_align)
                0x0000000020000000                __ramfunc_end = .
                0x0000000000000000                __ramfunc_size = (__ramfunc_end - __ramfunc_start)
                0x00000000000045e0                __ramfunc_load_start = LOADADDR (.ramfunc)

datas           0x0000000020000000       0x30 load address 0x00000000000045e0
                0x0000000020000000                __data_region_start = .
                0x0000000020000000                __data_start = .
 *(SORT_BY_ALIGNMENT(.data))
 *(SORT_BY_ALIGNMENT(.data.*))
 .data._char_out
                0x0000000020000000        0x4 zephyr/libzephyr.a(printk.c.obj)
 .data.__stdout
                0x0000000020000004       0x10 zephyr/lib/libc/picolibc/liblib__libc__picolibc.a(stdio.c.obj)
 .data.SystemCoreClock
                0x0000000020000014        0x4 modules/hal_ytmicro/lib..__modules__hal__ytmicro__zephyr.a(system_YTM32B1MC0.c.obj)
                0x0000000020000014                SystemCoreClock
 .data.g_uartIsr
                0x0000000020000018        0xc modules/hal_ytmicro/lib..__modules__hal__ytmicro__zephyr.a(uart_irq.c.obj)
                0x0000000020000018                g_uartIsr
 .data.slice_ticks
                0x0000000020000024        0x4 zephyr/kernel/libkernel.a(timeslicing.c.obj)
 .data.timeout_list
                0x0000000020000028        0x8 zephyr/kernel/libkernel.a(timeout.c.obj)
 *(SORT_BY_ALIGNMENT(.kernel.*))
                0x0000000020000030                __data_end = .
                0x0000000000000030                __data_size = (__data_end - __data_start)
                0x00000000000045e0                __data_load_start = LOADADDR (datas)
                0x00000000000045e0                __data_region_load_start = LOADADDR (datas)

device_states   0x0000000020000030        0x8 load address 0x0000000000004610
                0x0000000020000030                . = ALIGN (0x4)
                0x0000000020000030                __device_states_start = .
 *(SORT_BY_ALIGNMENT(.z_devstate))
 .z_devstate    0x0000000020000030        0x2 modules/zephyr-ytm32-module/drivers/serial/lib..__zephyr-ytm32-module__drivers__serial.a(uart_ytm32.c.obj)
 .z_devstate    0x0000000020000032        0x2 modules/zephyr-ytm32-module/drivers/clock_control/lib..__zephyr-ytm32-module__drivers__clock_control.a(clock_control_ytm32.c.obj)
 .z_devstate    0x0000000020000034        0x2 modules/zephyr-ytm32-module/drivers/gpio/lib..__zephyr-ytm32-module__drivers__gpio.a(gpio_ytm32.c.obj)
 *(SORT_BY_ALIGNMENT(.z_devstate.*))
                0x0000000020000036                __device_states_end = .
                0x0000000020000038                . = ALIGN (0x4)
 *fill*         0x0000000020000036        0x2 

log_mpsc_pbuf_area
                0x0000000020000038        0x0 load address 0x0000000000004618
                0x0000000020000038                _log_mpsc_pbuf_list_start = .
 *(SORT_BY_NAME(SORT_BY_ALIGNMENT(._log_mpsc_pbuf.static.*)))
                0x0000000020000038                _log_mpsc_pbuf_list_end = .

log_msg_ptr_area
                0x0000000020000038        0x0 load address 0x0000000000004618
                0x0000000020000038                _log_msg_ptr_list_start = .
 *(SORT_BY_NAME(SORT_BY_ALIGNMENT(._log_msg_ptr.static.*)))
                0x0000000020000038                _log_msg_ptr_list_end = .

log_dynamic_area
                0x0000000020000038        0x0 load address 0x0000000000004618
                0x0000000020000038                _log_dynamic_list_start = .